
Merging program properties


As-needed library included to satisfy reference by file (symbol)

libcurl.so.4                  _build_vvtk_I03S-debug/utils.o (curl_easy_cleanup@@CURL_OPENSSL_4)
libcrypto.so.3                _build_vvtk_I03S-debug/utils.o (OPENSSL_init_crypto@@OPENSSL_3.0.0)
libstdc++.so.6                _build_vvtk_I03S-debug/utils.o (std::locale::~locale()@@GLIBCXX_3.4)
libgcc_s.so.1                 _build_vvtk_I03S-debug/utils.o (_Unwind_Resume@@GCC_3.0)
libc.so.6                     _build_vvtk_I03S-debug/ak.o (pthread_setname_np@@GLIBC_2.34)

Discarded input sections

 .note.GNU-stack
                0x0000000000000000        0x0 /usr/lib/gcc/x86_64-linux-gnu/11/../../../x86_64-linux-gnu/Scrt1.o
 .note.gnu.property
                0x0000000000000000       0x20 /usr/lib/gcc/x86_64-linux-gnu/11/../../../x86_64-linux-gnu/crti.o
 .note.GNU-stack
                0x0000000000000000        0x0 /usr/lib/gcc/x86_64-linux-gnu/11/../../../x86_64-linux-gnu/crti.o
 .note.GNU-stack
                0x0000000000000000        0x0 /usr/lib/gcc/x86_64-linux-gnu/11/crtbeginS.o
 .note.gnu.property
                0x0000000000000000       0x20 /usr/lib/gcc/x86_64-linux-gnu/11/crtbeginS.o
 .debug_info    0x0000000000000000     0x5cff _build_vvtk_I03S-debug/ak.o
 .debug_abbrev  0x0000000000000000      0x611 _build_vvtk_I03S-debug/ak.o
 .debug_loclists
                0x0000000000000000     0x324f _build_vvtk_I03S-debug/ak.o
 .debug_aranges
                0x0000000000000000       0x40 _build_vvtk_I03S-debug/ak.o
 .debug_rnglists
                0x0000000000000000      0x848 _build_vvtk_I03S-debug/ak.o
 .debug_line    0x0000000000000000     0x1f00 _build_vvtk_I03S-debug/ak.o
 .debug_str     0x0000000000000000     0x2122 _build_vvtk_I03S-debug/ak.o
 .debug_line_str
                0x0000000000000000      0x294 _build_vvtk_I03S-debug/ak.o
 .note.GNU-stack
                0x0000000000000000        0x0 _build_vvtk_I03S-debug/ak.o
 .note.gnu.property
                0x0000000000000000       0x20 _build_vvtk_I03S-debug/ak.o
 .debug_info    0x0000000000000000      0xcd5 _build_vvtk_I03S-debug/message.o
 .debug_abbrev  0x0000000000000000      0x2cb _build_vvtk_I03S-debug/message.o
 .debug_loclists
                0x0000000000000000      0x15c _build_vvtk_I03S-debug/message.o
 .debug_aranges
                0x0000000000000000       0x30 _build_vvtk_I03S-debug/message.o
 .debug_line    0x0000000000000000      0x262 _build_vvtk_I03S-debug/message.o
 .debug_str     0x0000000000000000      0x588 _build_vvtk_I03S-debug/message.o
 .debug_line_str
                0x0000000000000000      0x1df _build_vvtk_I03S-debug/message.o
 .note.GNU-stack
                0x0000000000000000        0x0 _build_vvtk_I03S-debug/message.o
 .note.gnu.property
                0x0000000000000000       0x20 _build_vvtk_I03S-debug/message.o
 .debug_info    0x0000000000000000     0x16e5 _build_vvtk_I03S-debug/timer.o
 .debug_abbrev  0x0000000000000000      0x4cc _build_vvtk_I03S-debug/timer.o
 .debug_loclists
                0x0000000000000000      0x3cb _build_vvtk_I03S-debug/timer.o
 .debug_aranges
                0x0000000000000000       0x30 _build_vvtk_I03S-debug/timer.o
 .debug_line    0x0000000000000000      0x60b _build_vvtk_I03S-debug/timer.o
 .debug_str     0x0000000000000000      0xba3 _build_vvtk_I03S-debug/timer.o
 .debug_line_str
                0x0000000000000000      0x31a _build_vvtk_I03S-debug/timer.o
 .note.GNU-stack
                0x0000000000000000        0x0 _build_vvtk_I03S-debug/timer.o
 .note.gnu.property
                0x0000000000000000       0x20 _build_vvtk_I03S-debug/timer.o
 .debug_info    0x0000000000000000      0x235 _build_vvtk_I03S-debug/fsm.o
 .debug_abbrev  0x0000000000000000       0xe3 _build_vvtk_I03S-debug/fsm.o
 .debug_loclists
                0x0000000000000000       0x37 _build_vvtk_I03S-debug/fsm.o
 .debug_aranges
                0x0000000000000000       0x30 _build_vvtk_I03S-debug/fsm.o
 .debug_line    0x0000000000000000       0x73 _build_vvtk_I03S-debug/fsm.o
 .debug_str     0x0000000000000000      0x22e _build_vvtk_I03S-debug/fsm.o
 .debug_line_str
                0x0000000000000000       0xab _build_vvtk_I03S-debug/fsm.o
 .note.GNU-stack
                0x0000000000000000        0x0 _build_vvtk_I03S-debug/fsm.o
 .note.gnu.property
                0x0000000000000000       0x20 _build_vvtk_I03S-debug/fsm.o
 .debug_info    0x0000000000000000      0x40e _build_vvtk_I03S-debug/tsm.o
 .debug_abbrev  0x0000000000000000      0x164 _build_vvtk_I03S-debug/tsm.o
 .debug_loclists
                0x0000000000000000       0xf2 _build_vvtk_I03S-debug/tsm.o
 .debug_aranges
                0x0000000000000000       0x30 _build_vvtk_I03S-debug/tsm.o
 .debug_line    0x0000000000000000      0x13f _build_vvtk_I03S-debug/tsm.o
 .debug_str     0x0000000000000000      0x33e _build_vvtk_I03S-debug/tsm.o
 .debug_line_str
                0x0000000000000000       0xc3 _build_vvtk_I03S-debug/tsm.o
 .note.GNU-stack
[...]
Memory Configuration

Name             Origin             Length             Attributes
*default*        0x0000000000000000 0xffffffffffffffff

Linker script and memory map

LOAD /usr/lib/gcc/x86_64-linux-gnu/11/../../../x86_64-linux-gnu/Scrt1.o
LOAD /usr/lib/gcc/x86_64-linux-gnu/11/../../../x86_64-linux-gnu/crti.o
LOAD /usr/lib/gcc/x86_64-linux-gnu/11/crtbeginS.o
LOAD _build_vvtk_I03S-debug/ak.o
LOAD _build_vvtk_I03S-debug/message.o
LOAD _build_vvtk_I03S-debug/timer.o
LOAD _build_vvtk_I03S-debug/fsm.o
LOAD _build_vvtk_I03S-debug/tsm.o
LOAD _build_vvtk_I03S-debug/sys_dbg.o
LOAD _build_vvtk_I03S-debug/app.o
LOAD _build_vvtk_I03S-debug/app_config.o
LOAD _build_vvtk_I03S-debug/app_data.o
LOAD _build_vvtk_I03S-debug/task_list.o
LOAD _build_vvtk_I03S-debug/task_webrtc.o
LOAD _build_vvtk_I03S-debug/cmd_line.o
LOAD _build_vvtk_I03S-debug/jsmn.o
LOAD _build_vvtk_I03S-debug/firmware.o
LOAD _build_vvtk_I03S-debug/utils.o
LOAD _build_vvtk_I03S-debug/fifo.o
LOAD _build_vvtk_I03S-debug/STUNExternalIP.o
LOAD sources/libraries/linux64/lib/libdatachannel.a
LOAD sources/libraries/linux64/lib/libjuice.a
LOAD sources/libraries/linux64/lib/libsrtp2.a
LOAD sources/libraries/linux64/lib/libusrsctp.a
LOAD /usr/lib/gcc/x86_64-linux-gnu/11/../../../x86_64-linux-gnu/libpthread.a
LOAD /usr/lib/gcc/x86_64-linux-gnu/11/../../../x86_64-linux-gnu/librt.a
LOAD /usr/lib/gcc/x86_64-linux-gnu/11/../../../x86_64-linux-gnu/libcurl.so
LOAD /usr/lib/gcc/x86_64-linux-gnu/11/../../../x86_64-linux-gnu/libcrypto.so
LOAD /usr/lib/gcc/x86_64-linux-gnu/11/../../../x86_64-linux-gnu/libssl.so
LOAD /usr/lib/gcc/x86_64-linux-gnu/11/../../../x86_64-linux-gnu/libmosquittopp.so
LOAD /usr/lib/gcc/x86_64-linux-gnu/11/../../../x86_64-linux-gnu/libmosquitto.so
LOAD /usr/lib/gcc/x86_64-linux-gnu/11/libstdc++.so
LOAD /usr/lib/gcc/x86_64-linux-gnu/11/../../../x86_64-linux-gnu/libm.so
START GROUP
LOAD /lib/x86_64-linux-gnu/libm.so.6
LOAD /lib/x86_64-linux-gnu/libmvec.so.1
END GROUP
LOAD /usr/lib/gcc/x86_64-linux-gnu/11/libgcc_s.so
START GROUP
LOAD /usr/lib/gcc/x86_64-linux-gnu/11/../../../x86_64-linux-gnu/libgcc_s.so.1
LOAD /usr/lib/gcc/x86_64-linux-gnu/11/libgcc.a
END GROUP
LOAD /usr/lib/gcc/x86_64-linux-gnu/11/libgcc.a
LOAD /usr/lib/gcc/x86_64-linux-gnu/11/../../../x86_64-linux-gnu/libc.so
START GROUP
LOAD /lib/x86_64-linux-gnu/libc.so.6
LOAD /usr/lib/x86_64-linux-gnu/libc_nonshared.a
LOAD /lib64/ld-linux-x86-64.so.2
END GROUP
LOAD /usr/lib/gcc/x86_64-linux-gnu/11/libgcc_s.so
START GROUP
LOAD /usr/lib/gcc/x86_64-linux-gnu/11/../../../x86_64-linux-gnu/libgcc_s.so.1
LOAD /usr/lib/gcc/x86_64-linux-gnu/11/libgcc.a
END GROUP
LOAD /usr/lib/gcc/x86_64-linux-gnu/11/libgcc.a
LOAD /usr/lib/gcc/x86_64-linux-gnu/11/crtendS.o
LOAD /usr/lib/gcc/x86_64-linux-gnu/11/../../../x86_64-linux-gnu/crtn.o
                [!provide]                        PROVIDE (__executable_start = SEGMENT_START ("text-segment", 0x0))
                0x0000000000000318                . = (SEGMENT_START ("text-segment", 0x0) + SIZEOF_HEADERS)

.interp         0x0000000000000318       0x1c
 *(.interp)
 .interp        0x0000000000000318       0x1c /usr/lib/gcc/x86_64-linux-gnu/11/../../../x86_64-linux-gnu/Scrt1.o

.note.gnu.property
                0x0000000000000338       0x30
 .note.gnu.property
                0x0000000000000338       0x30 /usr/lib/gcc/x86_64-linux-gnu/11/../../../x86_64-linux-gnu/Scrt1.o

.note.gnu.build-id
                0x0000000000000368       0x24
 *(.note.gnu.build-id)
 .note.gnu.build-id
                0x0000000000000368       0x24 /usr/lib/gcc/x86_64-linux-gnu/11/../../../x86_64-linux-gnu/Scrt1.o

.note.ABI-tag   0x000000000000038c       0x20
 .note.ABI-tag  0x000000000000038c       0x20 /usr/lib/gcc/x86_64-linux-gnu/11/../../../x86_64-linux-gnu/Scrt1.o

.hash
 *(.hash)

.gnu.hash       0x00000000000003b0       0x50
 *(.gnu.hash)
 .gnu.hash      0x00000000000003b0       0x50 /usr/lib/gcc/x86_64-linux-gnu/11/../../../x86_64-linux-gnu/Scrt1.o

.dynsym         0x0000000000000400      0xf60
 *(.dynsym)
 .dynsym        0x0000000000000400      0xf60 /usr/lib/gcc/x86_64-linux-gnu/11/../../../x86_64-linux-gnu/Scrt1.o

.dynstr         0x0000000000001360     0x101f
 *(.dynstr)
 .dynstr        0x0000000000001360     0x101f /usr/lib/gcc/x86_64-linux-gnu/11/../../../x86_64-linux-gnu/Scrt1.o

.gnu.version    0x0000000000002380      0x148
 *(.gnu.version)
 .gnu.version   0x0000000000002380      0x148 /usr/lib/gcc/x86_64-linux-gnu/11/../../../x86_64-linux-gnu/Scrt1.o

.gnu.version_d  0x00000000000024c8        0x0
 *(.gnu.version_d)
 .gnu.version_d
                0x00000000000024c8        0x0 /usr/lib/gcc/x86_64-linux-gnu/11/../../../x86_64-linux-gnu/Scrt1.o

.gnu.version_r  0x00000000000024c8      0x190
 *(.gnu.version_r)
 .gnu.version_r
                0x00000000000024c8      0x190 /usr/lib/gcc/x86_64-linux-gnu/11/../../../x86_64-linux-gnu/Scrt1.o

.rela.dyn       0x0000000000002658      0x828
 *(.rela.init)
 *(.rela.text .rela.text.* .rela.gnu.linkonce.t.*)
 .rela.text     0x0000000000002658        0x0 /usr/lib/gcc/x86_64-linux-gnu/11/../../../x86_64-linux-gnu/Scrt1.o
 .rela.text._ZNSt23_Sp_counted_ptr_inplaceIN8nlohmann6detail21output_string_adapterIcNSt7__cxx1112basic_stringIcSt11char_traitsIcESaIcEEEEESaIS9_ELN9__gnu_cxx12_Lock_policyE2EE14_M_get_deleterERKSt9type_info
                0x0000000000002658        0x0 /usr/lib/gcc/x86_64-linux-gnu/11/../../../x86_64-linux-gnu/Scrt1.o
 .rela.text.unlikely
                0x0000000000002658        0x0 /usr/lib/gcc/x86_64-linux-gnu/11/../../../x86_64-linux-gnu/Scrt1.o
 .rela.text._ZN8nlohmann6detail10serializerINS_10basic_jsonISt3mapSt6vectorNSt7__cxx1112basic_stringIcSt11char_traitsIcESaIcEEEblmdSaNS_14adl_serializerES4_IhSaIhEEEEED2Ev
                0x0000000000002658        0x0 /usr/lib/gcc/x86_64-linux-gnu/11/../../../x86_64-linux-gnu/Scrt1.o
 .rela.text._ZNSt16_Sp_counted_baseILN9__gnu_cxx12_Lock_policyE2EE10_M_releaseEv
                0x0000000000002658        0x0 /usr/lib/gcc/x86_64-linux-gnu/11/../../../x86_64-linux-gnu/Scrt1.o
 .rela.text._ZN8nlohmann6detail11parse_error6createINS_10basic_jsonISt3mapSt6vectorNSt7__cxx1112basic_stringIcSt11char_traitsIcESaIcEEEblmdSaNS_14adl_serializerES5_IhSaIhEEEEEES1_iRKNS0_10position_tERKSB_RKT_
                0x0000000000002658        0x0 /usr/lib/gcc/x86_64-linux-gnu/11/../../../x86_64-linux-gnu/Scrt1.o
 .rela.text._ZN8nlohmann6detail10serializerINS_10basic_jsonISt3mapSt6vectorNSt7__cxx1112basic_stringIcSt11char_traitsIcESaIcEEEblmdSaNS_14adl_serializerES4_IhSaIhEEEEE12dump_escapedERKSA_b
                0x0000000000002658        0x0 /usr/lib/gcc/x86_64-linux-gnu/11/../../../x86_64-linux-gnu/Scrt1.o
 .rela.text._ZN8nlohmann6detail10serializerINS_10basic_jsonISt3mapSt6vectorNSt7__cxx1112basic_stringIcSt11char_traitsIcESaIcEEEblmdSaNS_14adl_serializerES4_IhSaIhEEEEE12dump_integerIhLi0EEEvT_
                0x0000000000002658        0x0 /usr/lib/gcc/x86_64-linux-gnu/11/../../../x86_64-linux-gnu/Scrt1.o
 .rela.text._ZN8nlohmann6detail10serializerINS_10basic_jsonISt3mapSt6vectorNSt7__cxx1112basic_stringIcSt11char_traitsIcESaIcEEEblmdSaNS_14adl_serializerES4_IhSaIhEEEEE12dump_integerImLi0EEEvT_
                0x0000000000002658        0x0 /usr/lib/gcc/x86_64-linux-gnu/11/../../../x86_64-linux-gnu/Scrt1.o
 .rela.text._ZN8nlohmann6detail12out_of_range6createINS_10basic_jsonISt3mapSt6vectorNSt7__cxx1112basic_stringIcSt11char_traitsIcESaIcEEEblmdSaNS_14adl_serializerES5_IhSaIhEEEEEES1_iRKSB_RKT_
                0x0000000000002658        0x0 /usr/lib/gcc/x86_64-linux-gnu/11/../../../x86_64-linux-gnu/Scrt1.o
 .rela.text._ZN8nlohmann10basic_jsonISt3mapSt6vectorNSt7__cxx1112basic_stringIcSt11char_traitsIcESaIcEEEblmdSaNS_14adl_serializerES2_IhSaIhEEE5eraseINS_6detail9iter_implISC_EELi0EEET_SH_
                0x0000000000002658        0x0 /usr/lib/gcc/x86_64-linux-gnu/11/../../../x86_64-linux-gnu/Scrt1.o
 .rela.text._ZN8nlohmann6detail28json_sax_dom_callback_parserINS_10basic_jsonISt3mapSt6vectorNSt7__cxx1112basic_stringIcSt11char_traitsIcESaIcEEEblmdSaNS_14adl_serializerES4_IhSaIhEEEEE10end_objectEv
                0x0000000000002658        0x0 /usr/lib/gcc/x86_64-linux-gnu/11/../../../x86_64-linux-gnu/Scrt1.o
 .rela.text._ZN8nlohmann10basic_jsonISt3mapSt6vectorNSt7__cxx1112basic_stringIcSt11char_traitsIcESaIcEEEblmdSaNS_14adl_serializerES2_IhSaIhEEEC2ESt16initializer_listINS_6detail8json_refISC_EEEbNSE_7value_tE
                0x0000000000002658        0x0 /usr/lib/gcc/x86_64-linux-gnu/11/../../../x86_64-linux-gnu/Scrt1.o
 .rela.text._ZN8nlohmann6detail28json_sax_dom_callback_parserINS_10basic_jsonISt3mapSt6vectorNSt7__cxx1112basic_stringIcSt11char_traitsIcESaIcEEEblmdSaNS_14adl_serializerES4_IhSaIhEEEEE12start_objectEm
                0x0000000000002658        0x0 /usr/lib/gcc/x86_64-linux-gnu/11/../../../x86_64-linux-gnu/Scrt1.o
 .rela.text._ZN8nlohmann6detail28json_sax_dom_callback_parserINS_10basic_jsonISt3mapSt6vectorNSt7__cxx1112basic_stringIcSt11char_traitsIcESaIcEEEblmdSaNS_14adl_serializerES4_IhSaIhEEEEE11start_arrayEm
                0x0000000000002658        0x0 /usr/lib/gcc/x86_64-linux-gnu/11/../../../x86_64-linux-gnu/Scrt1.o
 .rela.text._ZN8nlohmann6detail19json_sax_dom_parserINS_10basic_jsonISt3mapSt6vectorNSt7__cxx1112basic_stringIcSt11char_traitsIcESaIcEEEblmdSaNS_14adl_serializerES4_IhSaIhEEEEE12start_objectEm
                0x0000000000002658        0x0 /usr/lib/gcc/x86_64-linux-gnu/11/../../../x86_64-linux-gnu/Scrt1.o
 .rela.text._ZN8nlohmann6detail19json_sax_dom_parserINS_10basic_jsonISt3mapSt6vectorNSt7__cxx1112basic_stringIcSt11char_traitsIcESaIcEEEblmdSaNS_14adl_serializerES4_IhSaIhEEEEE11start_arrayEm
                0x0000000000002658        0x0 /usr/lib/gcc/x86_64-linux-gnu/11/../../../x86_64-linux-gnu/Scrt1.o
 .rela.text._ZN8nlohmann6detail10serializerINS_10basic_jsonISt3mapSt6vectorNSt7__cxx1112basic_stringIcSt11char_traitsIcESaIcEEEblmdSaNS_14adl_serializerES4_IhSaIhEEEEE4dumpERKSE_bbjj
                0x0000000000002658        0x0 /usr/lib/gcc/x86_64-linux-gnu/11/../../../x86_64-linux-gnu/Scrt1.o
 .rela.text._ZNK8nlohmann10basic_jsonISt3mapSt6vectorNSt7__cxx1112basic_stringIcSt11char_traitsIcESaIcEEEblmdSaNS_14adl_serializerES2_IhSaIhEEE4dumpEicbNS_6detail15error_handler_tE
                0x0000000000002658        0x0 /usr/lib/gcc/x86_64-linux-gnu/11/../../../x86_64-linux-gnu/Scrt1.o
 .rela.text._ZN8nlohmann6detail9exceptionD2Ev
                0x0000000000002658        0x0 /usr/lib/gcc/x86_64-linux-gnu/11/../../../x86_64-linux-gnu/Scrt1.o
 .rela.text._ZN8nlohmann6detail9exceptionD0Ev
                0x0000000000002658        0x0 /usr/lib/gcc/x86_64-linux-gnu/11/../../../x86_64-linux-gnu/Scrt1.o
 .rela.text._ZN8nlohmann6detail10type_errorD2Ev
                0x0000000000002658        0x0 /usr/lib/gcc/x86_64-linux-gnu/11/../../../x86_64-linux-gnu/Scrt1.o
 .rela.text._ZN8nlohmann6detail10type_errorD0Ev
                0x0000000000002658        0x0 /usr/lib/gcc/x86_64-linux-gnu/11/../../../x86_64-linux-gnu/Scrt1.o
 .rela.text._ZN8nlohmann6detail11other_errorD2Ev
                0x0000000000002658        0x0 /usr/lib/gcc/x86_64-linux-gnu/11/../../../x86_64-linux-gnu/Scrt1.o
 .rela.text._ZN8nlohmann6detail11other_errorD0Ev
                0x0000000000002658        0x0 /usr/lib/gcc/x86_64-linux-gnu/11/../../../x86_64-linux-gnu/Scrt1.o
 .rela.text._ZN8nlohmann6detail12out_of_rangeD2Ev
                0x0000000000002658        0x0 /usr/lib/gcc/x86_64-linux-gnu/11/../../../x86_64-linux-gnu/Scrt1.o
 .rela.text._ZN8nlohmann6detail12out_of_rangeD0Ev
                0x0000000000002658        0x0 /usr/lib/gcc/x86_64-linux-gnu/11/../../../x86_64-linux-gnu/Scrt1.o
 .rela.text._ZN8nlohmann6detail16invalid_iteratorD2Ev
                0x0000000000002658        0x0 /usr/lib/gcc/x86_64-linux-gnu/11/../../../x86_64-linux-gnu/Scrt1.o
 .rela.text._ZN8nlohmann6detail16invalid_iteratorD0Ev
                0x0000000000002658        0x0 /usr/lib/gcc/x86_64-linux-gnu/11/../../../x86_64-linux-gnu/Scrt1.o
 .rela.text._ZN8nlohmann6detail11parse_errorD2Ev
                0x0000000000002658        0x0 /usr/lib/gcc/x86_64-linux-gnu/11/../../../x86_64-linux-gnu/Scrt1.o
 .rela.text._ZN8nlohmann6detail6parserINS_10basic_jsonISt3mapSt6vectorNSt7__cxx1112basic_stringIcSt11char_traitsIcESaIcEEEblmdSaNS_14adl_serializerES4_IhSaIhEEEENS0_22iterator_input_adapterIN9__gnu_cxx17__normal_iteratorIPKcSA_EEEEE18sax_parse_internalINS0_28json_sax_dom_callback_parserISE_EEEEbPT_
                0x0000000000002658        0x0 /usr/lib/gcc/x86_64-linux-gnu/11/../../../x86_64-linux-gnu/Scrt1.o
 .rela.text._ZN8nlohmann6detail11parse_errorD0Ev
                0x0000000000002658        0x0 /usr/lib/gcc/x86_64-linux-gnu/11/../../../x86_64-linux-gnu/Scrt1.o
 .rela.text._ZN8nlohmann6detail6parserINS_10basic_jsonISt3mapSt6vectorNSt7__cxx1112basic_stringIcSt11char_traitsIcESaIcEEEblmdSaNS_14adl_serializerES4_IhSaIhEEEENS0_22iterator_input_adapterIN9__gnu_cxx17__normal_iteratorIPKcSA_EEEEE18sax_parse_internalINS0_19json_sax_dom_parserISE_EEEEbPT_
                0x0000000000002658        0x0 /usr/lib/gcc/x86_64-linux-gnu/11/../../../x86_64-linux-gnu/Scrt1.o
 .rela.text._ZN8nlohmann6detail6parserINS_10basic_jsonISt3mapSt6vectorNSt7__cxx1112basic_stringIcSt11char_traitsIcESaIcEEEblmdSaNS_14adl_serializerES4_IhSaIhEEEENS0_22iterator_input_adapterIN9__gnu_cxx17__normal_iteratorIPKcSA_EEEEE5parseEbRSE_
                0x0000000000002658        0x0 /usr/lib/gcc/x86_64-linux-gnu/11/../../../x86_64-linux-gnu/Scrt1.o
 .rela.text._ZN8nlohmann6detail6parserINS_10basic_jsonISt3mapSt6vectorNSt7__cxx1112basic_stringIcSt11char_traitsIcESaIcEEEblmdSaNS_14adl_serializerES4_IhSaIhEEEENS0_22iterator_input_adapterIPKcEEE18sax_parse_internalINS0_28json_sax_dom_callback_parserISE_EEEEbPT_
                0x0000000000002658        0x0 /usr/lib/gcc/x86_64-linux-gnu/11/../../../x86_64-linux-gnu/Scrt1.o
 .rela.text._ZN8nlohmann6detail6parserINS_10basic_jsonISt3mapSt6vectorNSt7__cxx1112basic_stringIcSt11char_traitsIcESaIcEEEblmdSaNS_14adl_serializerES4_IhSaIhEEEENS0_22iterator_input_adapterIPKcEEE18sax_parse_internalINS0_19json_sax_dom_parserISE_EEEEbPT_
                0x0000000000002658        0x0 /usr/lib/gcc/x86_64-linux-gnu/11/../../../x86_64-linux-gnu/Scrt1.o
 .rela.text._ZN8nlohmann6detail6parserINS_10basic_jsonISt3mapSt6vectorNSt7__cxx1112basic_stringIcSt11char_traitsIcESaIcEEEblmdSaNS_14adl_serializerES4_IhSaIhEEEENS0_22iterator_input_adapterIPKcEEE5parseEbRSE_
                0x0000000000002658        0x0 /usr/lib/gcc/x86_64-linux-gnu/11/../../../x86_64-linux-gnu/Scrt1.o
 *(.rela.fini)
 *(.rela.rodata .rela.rodata.* .rela.gnu.linkonce.r.*)
 *(.rela.data .rela.data.* .rela.gnu.linkonce.d.*)
 .rela.data.rel.ro
                0x0000000000002658       0x90 /usr/lib/gcc/x86_64-linux-gnu/11/../../../x86_64-linux-gnu/Scrt1.o
 .rela.data.rel.local
                0x00000000000026e8       0x18 /usr/lib/gcc/x86_64-linux-gnu/11/../../../x86_64-linux-gnu/Scrt1.o
 .rela.data.rel
                0x0000000000002700       0x90 /usr/lib/gcc/x86_64-linux-gnu/11/../../../x86_64-linux-gnu/Scrt1.o
 .rela.data.rel.ro._ZTISt11_Mutex_baseILN9__gnu_cxx12_Lock_policyE2EE
                0x0000000000002790       0x30 /usr/lib/gcc/x86_64-linux-gnu/11/../../../x86_64-linux-gnu/Scrt1.o
 .rela.data.rel.ro._ZTISt16_Sp_counted_baseILN9__gnu_cxx12_Lock_policyE2EE
                0x00000000000027c0       0x48 /usr/lib/gcc/x86_64-linux-gnu/11/../../../x86_64-linux-gnu/Scrt1.o
 .rela.data.rel.ro._ZTIN8nlohmann6detail9exceptionE
                0x0000000000002808       0x48 /usr/lib/gcc/x86_64-linux-gnu/11/../../../x86_64-linux-gnu/Scrt1.o
 .rela.data.rel.ro._ZTIN8nlohmann6detail11parse_errorE
                0x0000000000002850       0x48 /usr/lib/gcc/x86_64-linux-gnu/11/../../../x86_64-linux-gnu/Scrt1.o
 .rela.data.rel.ro._ZTIN8nlohmann6detail16invalid_iteratorE
                0x0000000000002898       0x48 /usr/lib/gcc/x86_64-linux-gnu/11/../../../x86_64-linux-gnu/Scrt1.o
 .rela.data.rel.ro._ZTIN8nlohmann6detail10type_errorE
                0x00000000000028e0       0x48 /usr/lib/gcc/x86_64-linux-gnu/11/../../../x86_64-linux-gnu/Scrt1.o
 .rela.data.rel.ro._ZTIN8nlohmann6detail12out_of_rangeE
                0x0000000000002928       0x48 /usr/lib/gcc/x86_64-linux-gnu/11/../../../x86_64-linux-gnu/Scrt1.o
 .rela.data.rel.ro._ZTIN8nlohmann6detail23output_adapter_protocolIcEE
                0x0000000000002970       0x30 /usr/lib/gcc/x86_64-linux-gnu/11/../../../x86_64-linux-gnu/Scrt1.o
 .rela.data.rel.ro._ZTIN8nlohmann6detail21output_string_adapterIcNSt7__cxx1112basic_stringIcSt11char_traitsIcESaIcEEEEE
                0x00000000000029a0       0x48 /usr/lib/gcc/x86_64-linux-gnu/11/../../../x86_64-linux-gnu/Scrt1.o
 .rela.data.rel.ro._ZTISt23_Sp_counted_ptr_inplaceIN8nlohmann6detail21output_string_adapterIcNSt7__cxx1112basic_stringIcSt11char_traitsIcESaIcEEEEESaIS9_ELN9__gnu_cxx12_Lock_policyE2EE
                0x00000000000029e8       0x48 /usr/lib/gcc/x86_64-linux-gnu/11/../../../x86_64-linux-gnu/Scrt1.o
 .rela.data.rel.ro.local._ZTVN8nlohmann6detail9exceptionE
                0x0000000000002a30       0x60 /usr/lib/gcc/x86_64-linux-gnu/11/../../../x86_64-linux-gnu/Scrt1.o
 .rela.data.rel.ro.local._ZTVN8nlohmann6detail11parse_errorE
                0x0000000000002a90       0x60 /usr/lib/gcc/x86_64-linux-gnu/11/../../../x86_64-linux-gnu/Scrt1.o
 .rela.data.rel.ro.local._ZTVN8nlohmann6detail16invalid_iteratorE
                0x0000000000002af0       0x60 /usr/lib/gcc/x86_64-linux-gnu/11/../../../x86_64-linux-gnu/Scrt1.o
 .rela.data.rel.ro.local._ZTVN8nlohmann6detail10type_errorE
                0x0000000000002b50       0x60 /usr/lib/gcc/x86_64-linux-gnu/11/../../../x86_64-linux-gnu/Scrt1.o
 .rela.data.rel.ro.local._ZTVN8nlohmann6detail12out_of_rangeE
                0x0000000000002bb0       0x60 /usr/lib/gcc/x86_64-linux-gnu/11/../../../x86_64-linux-gnu/Scrt1.o
 .rela.data.rel.ro.local._ZTVN8nlohmann6detail21output_string_adapterIcNSt7__cxx1112basic_stringIcSt11char_traitsIcESaIcEEEEE
                0x0000000000002c10       0x78 /usr/lib/gcc/x86_64-linux-gnu/11/../../../x86_64-linux-gnu/Scrt1.o
 .rela.data.rel.ro.local._ZTVSt23_Sp_counted_ptr_inplaceIN8nlohmann6detail21output_string_adapterIcNSt7__cxx1112basic_stringIcSt11char_traitsIcESaIcEEEEESaIS9_ELN9__gnu_cxx12_Lock_policyE2EE
                0x0000000000002c88       0x90 /usr/lib/gcc/x86_64-linux-gnu/11/../../../x86_64-linux-gnu/Scrt1.o
 .rela.data.rel.local.DW.ref._ZTISt9exception
                0x0000000000002d18       0x18 /usr/lib/gcc/x86_64-linux-gnu/11/../../../x86_64-linux-gnu/Scrt1.o
 .rela.data.rel.local.DW.ref.__gxx_personality_v0
                0x0000000000002d30       0x18 /usr/lib/gcc/x86_64-linux-gnu/11/../../../x86_64-linux-gnu/Scrt1.o
 *(.rela.tdata .rela.tdata.* .rela.gnu.linkonce.td.*)
 *(.rela.tbss .rela.tbss.* .rela.gnu.linkonce.tb.*)
 *(.rela.ctors)
 *(.rela.dtors)
 *(.rela.got)
 .rela.got      0x0000000000002d48       0x90 /usr/lib/gcc/x86_64-linux-gnu/11/../../../x86_64-linux-gnu/Scrt1.o
 *(.rela.bss .rela.bss.* .rela.gnu.linkonce.b.*)
 .rela.bss      0x0000000000002dd8       0x30 /usr/lib/gcc/x86_64-linux-gnu/11/../../../x86_64-linux-gnu/Scrt1.o
 *(.rela.ldata .rela.ldata.* .rela.gnu.linkonce.l.*)
 *(.rela.lbss .rela.lbss.* .rela.gnu.linkonce.lb.*)
 *(.rela.lrodata .rela.lrodata.* .rela.gnu.linkonce.lr.*)
 *(.rela.ifunc)
 .rela.ifunc    0x0000000000002e08        0x0 /usr/lib/gcc/x86_64-linux-gnu/11/../../../x86_64-linux-gnu/Scrt1.o
 .rela.fini_array
                0x0000000000002e08       0x18 /usr/lib/gcc/x86_64-linux-gnu/11/../../../x86_64-linux-gnu/Scrt1.o
 .rela.init_array
                0x0000000000002e20       0x60 /usr/lib/gcc/x86_64-linux-gnu/11/../../../x86_64-linux-gnu/Scrt1.o
 .rela.gcc_except_table
                0x0000000000002e80        0x0 /usr/lib/gcc/x86_64-linux-gnu/11/../../../x86_64-linux-gnu/Scrt1.o
 .rela.eh_frame
                0x0000000000002e80        0x0 /usr/lib/gcc/x86_64-linux-gnu/11/../../../x86_64-linux-gnu/Scrt1.o

.rela.plt       0x0000000000002e80      0xd68
 *(.rela.plt)
 .rela.plt      0x0000000000002e80      0xd68 /usr/lib/gcc/x86_64-linux-gnu/11/../../../x86_64-linux-gnu/Scrt1.o
 *(.rela.iplt)

.relr.dyn
 *(.relr.dyn)
                0x0000000000004000                . = ALIGN (CONSTANT (MAXPAGESIZE))

.init           0x0000000000004000       0x1b
 *(SORT_NONE(.init))
 .init          0x0000000000004000       0x16 /usr/lib/gcc/x86_64-linux-gnu/11/../../../x86_64-linux-gnu/crti.o
                0x0000000000004000                _init
 .init          0x0000000000004016        0x5 /usr/lib/gcc/x86_64-linux-gnu/11/../../../x86_64-linux-gnu/crtn.o

.plt            0x0000000000004020      0x900
 *(.plt)
 .plt           0x0000000000004020      0x900 /usr/lib/gcc/x86_64-linux-gnu/11/../../../x86_64-linux-gnu/Scrt1.o
 *(.iplt)

.plt.got        0x0000000000004920       0x10
 *(.plt.got)
 .plt.got       0x0000000000004920       0x10 /usr/lib/gcc/x86_64-linux-gnu/11/../../../x86_64-linux-gnu/Scrt1.o
                0x0000000000004920                __cxa_finalize@@GLIBC_2.2.5

.plt.sec        0x0000000000004930      0x8f0
 *(.plt.sec)
 .plt.sec       0x0000000000004930      0x8f0 /usr/lib/gcc/x86_64-linux-gnu/11/../../../x86_64-linux-gnu/Scrt1.o
                0x0000000000004930                std::__throw_out_of_range_fmt(char const*, ...)@@GLIBCXX_3.4.20
                0x0000000000004940                std::__throw_logic_error(char const*)@@GLIBCXX_3.4
                0x0000000000004950                __cxa_begin_catch@@CXXABI_1.3
                0x0000000000004960                std::exception::~exception()@@GLIBCXX_3.4
                0x0000000000004970                pclose@@GLIBC_2.2.5
                0x0000000000004980                memcpy@@GLIBC_2.14
                0x0000000000004990                localeconv@@GLIBC_2.2.5
                0x00000000000049a0                std::__throw_bad_alloc()@@GLIBCXX_3.4
                0x00000000000049b0                stat@@GLIBC_2.33
                0x00000000000049c0                operator delete(void*, unsigned long)@@CXXABI_1.3.9
                0x00000000000049d0                curl_easy_cleanup@@CURL_OPENSSL_4
                0x00000000000049e0                access@@GLIBC_2.2.5
                0x00000000000049f0                setsockopt@@GLIBC_2.2.5
                0x0000000000004a00                strncpy@@GLIBC_2.2.5
                0x0000000000004a10                operator new(unsigned long)@@GLIBCXX_3.4
                0x0000000000004a20                memmove@@GLIBC_2.2.5
                0x0000000000004a30                std::__throw_invalid_argument(char const*)@@GLIBCXX_3.4
                0x0000000000004a40                __assert_fail@@GLIBC_2.2.5
                0x0000000000004a50                pthread_attr_init@@GLIBC_2.2.5
                0x0000000000004a60                free@@GLIBC_2.2.5
                0x0000000000004a70                std::basic_filebuf<char, std::char_traits<char> >::close()@@GLIBCXX_3.4
                0x0000000000004a80                std::runtime_error::what() const@@GLIBCXX_3.4
                0x0000000000004a90                close@@GLIBC_2.2.5
                0x0000000000004aa0                pthread_mutex_unlock@@GLIBC_2.2.5
                0x0000000000004ab0                std::runtime_error::runtime_error(char const*)@@GLIBCXX_3.4.21
                0x0000000000004ac0                pthread_mutex_lock@@GLIBC_2.2.5
                0x0000000000004ad0                strtok@@GLIBC_2.2.5
                0x0000000000004ae0                __stack_chk_fail@@GLIBC_2.4
                0x0000000000004af0                pthread_join@@GLIBC_2.34
                0x0000000000004b00                memset@@GLIBC_2.2.5
                0x0000000000004b10                std::__throw_bad_cast()@@GLIBCXX_3.4
                0x0000000000004b20                std::__cxx11::basic_string<char, std::char_traits<char>, std::allocator<char> >::find(char const*, unsigned long, unsigned long) const@@GLIBCXX_3.4.21
                0x0000000000004b30                signal@@GLIBC_2.2.5
                0x0000000000004b40                std::basic_ios<char, std::char_traits<char> >::init(std::basic_streambuf<char, std::char_traits<char> >*)@@GLIBCXX_3.4
                0x0000000000004b50                __cxa_allocate_exception@@CXXABI_1.3
                0x0000000000004b60                strlen@@GLIBC_2.2.5
                0x0000000000004b70                pthread_cond_init@@GLIBC_2.3.2
                0x0000000000004b80                fclose@@GLIBC_2.2.5
                0x0000000000004b90                std::__cxx11::basic_string<char, std::char_traits<char>, std::allocator<char> >::rfind(char, unsigned long) const@@GLIBCXX_3.4.21
                0x0000000000004ba0                curl_easy_strerror@@CURL_OPENSSL_4
                0x0000000000004bb0                open@@GLIBC_2.2.5
                0x0000000000004bc0                std::__throw_bad_array_new_length()@@GLIBCXX_3.4.29
                0x0000000000004bd0                socket@@GLIBC_2.2.5
                0x0000000000004be0                std::ctype<char>::_M_widen_init() const@@GLIBCXX_3.4.11
                0x0000000000004bf0                std::_Rb_tree_decrement(std::_Rb_tree_node_base*)@@GLIBCXX_3.4
                0x0000000000004c00                std::ostream::flush()@@GLIBCXX_3.4
                0x0000000000004c10                gettimeofday@@GLIBC_2.2.5
                0x0000000000004c20                std::__cxx11::basic_string<char, std::char_traits<char>, std::allocator<char> >::_M_replace(unsigned long, unsigned long, char const*, unsigned long)@@GLIBCXX_3.4.21
                0x0000000000004c30                std::__basic_file<char>::~__basic_file()@@GLIBCXX_3.4
                0x0000000000004c40                std::__cxx11::basic_string<char, std::char_traits<char>, std::allocator<char> >::_M_mutate(unsigned long, unsigned long, char const*, unsigned long)@@GLIBCXX_3.4.21
                0x0000000000004c50                pthread_cond_wait@@GLIBC_2.3.2
                0x0000000000004c60                std::ostream::put(char)@@GLIBCXX_3.4
                0x0000000000004c70                closedir@@GLIBC_2.2.5
                0x0000000000004c80                opendir@@GLIBC_2.2.5
                0x0000000000004c90                std::__cxx11::basic_string<char, std::char_traits<char>, std::allocator<char> >::_M_construct(unsigned long, char)@@GLIBCXX_3.4.21
                0x0000000000004ca0                pthread_attr_setschedparam@@GLIBC_2.2.5
                0x0000000000004cb0                std::__throw_length_error(char const*)@@GLIBCXX_3.4
                0x0000000000004cc0                std::__throw_out_of_range(char const*)@@GLIBCXX_3.4
                0x0000000000004cd0                __cxa_throw@@CXXABI_1.3
                0x0000000000004ce0                fgets@@GLIBC_2.2.5
                0x0000000000004cf0                _Unwind_Resume@@GCC_3.0
                0x0000000000004d00                localtime@@GLIBC_2.2.5
                0x0000000000004d10                exit@@GLIBC_2.2.5
                0x0000000000004d20                freeaddrinfo@@GLIBC_2.2.5
                0x0000000000004d30                std::__cxx11::basic_string<char, std::char_traits<char>, std::allocator<char> >::resize(unsigned long, char)@@GLIBCXX_3.4.21
                0x0000000000004d40                curl_easy_perform@@CURL_OPENSSL_4
                0x0000000000004d50                std::__cxx11::basic_string<char, std::char_traits<char>, std::allocator<char> >::_M_create(unsigned long&, unsigned long)@@GLIBCXX_3.4.21
                0x0000000000004d60                pthread_self@@GLIBC_2.2.5
                0x0000000000004d70                std::ios_base::~ios_base()@@GLIBCXX_3.4
                0x0000000000004d80                pthread_cond_signal@@GLIBC_2.3.2
                0x0000000000004d90                time@@GLIBC_2.2.5
                0x0000000000004da0                std::__cxx11::basic_string<char, std::char_traits<char>, std::allocator<char> >::_M_append(char const*, unsigned long)@@GLIBCXX_3.4.21
                0x0000000000004db0                sendto@@GLIBC_2.2.5
                0x0000000000004dc0                read@@GLIBC_2.2.5
                0x0000000000004dd0                readdir@@GLIBC_2.2.5
                0x0000000000004de0                __strcat_chk@@GLIBC_2.3.4
                0x0000000000004df0                strtoll@@GLIBC_2.2.5
                0x0000000000004e00                __cxa_end_catch@@CXXABI_1.3
                0x0000000000004e10                strtoull@@GLIBC_2.2.5
                0x0000000000004e20                __strcpy_chk@@GLIBC_2.3.4
                0x0000000000004e30                __cxa_rethrow@@CXXABI_1.3
                0x0000000000004e40                std::__cxx11::basic_string<char, std::char_traits<char>, std::allocator<char> >::reserve(unsigned long)@@GLIBCXX_3.4.21
                0x0000000000004e50                popen@@GLIBC_2.2.5
                0x0000000000004e60                fsync@@GLIBC_2.2.5
                0x0000000000004e70                strcmp@@GLIBC_2.2.5
                0x0000000000004e80                std::runtime_error::~runtime_error()@@GLIBCXX_3.4
                0x0000000000004e90                std::basic_filebuf<char, std::char_traits<char> >::basic_filebuf()@@GLIBCXX_3.4
                0x0000000000004ea0                calloc@@GLIBC_2.2.5
                0x0000000000004eb0                strtol@@GLIBC_2.2.5
                0x0000000000004ec0                pthread_setname_np@@GLIBC_2.34
                0x0000000000004ed0                timer_settime@@GLIBC_2.34
                0x0000000000004ee0                curl_easy_setopt@@CURL_OPENSSL_4
                0x0000000000004ef0                std::_Rb_tree_rebalance_for_erase(std::_Rb_tree_node_base*, std::_Rb_tree_node_base&)@@GLIBCXX_3.4
                0x0000000000004f00                __cxa_atexit@@GLIBC_2.2.5
                0x0000000000004f10                std::basic_fstream<char, std::char_traits<char> >::~basic_fstream()@@GLIBCXX_3.4
                0x0000000000004f20                fstat@@GLIBC_2.33
                0x0000000000004f30                __cxa_free_exception@@CXXABI_1.3
                0x0000000000004f40                strftime@@GLIBC_2.2.5
                0x0000000000004f50                malloc@@GLIBC_2.2.5
                0x0000000000004f60                std::_Rb_tree_increment(std::_Rb_tree_node_base const*)@@GLIBCXX_3.4
                0x0000000000004f70                std::basic_filebuf<char, std::char_traits<char> >::~basic_filebuf()@@GLIBCXX_3.4
                0x0000000000004f80                std::__cxx11::basic_string<char, std::char_traits<char>, std::allocator<char> >::_M_erase(unsigned long, unsigned long)@@GLIBCXX_3.4.21
                0x0000000000004f90                waitpid@@GLIBC_2.2.5
                0x0000000000004fa0                bind@@GLIBC_2.2.5
                0x0000000000004fb0                std::basic_filebuf<char, std::char_traits<char> >::open(char const*, std::_Ios_Openmode)@@GLIBCXX_3.4
                0x0000000000004fc0                OPENSSL_init_crypto@@OPENSSL_3.0.0
                0x0000000000004fd0                std::_Rb_tree_increment(std::_Rb_tree_node_base*)@@GLIBCXX_3.4
                0x0000000000004fe0                curl_easy_getinfo@@CURL_OPENSSL_4
                0x0000000000004ff0                std::basic_ostream<char, std::char_traits<char> >& std::__ostream_insert<char, std::char_traits<char> >(std::basic_ostream<char, std::char_traits<char> >&, char const*, long)@@GLIBCXX_3.4.9
                0x0000000000005000                rand@@GLIBC_2.2.5
                0x0000000000005010                std::ios_base::ios_base()@@GLIBCXX_3.4
                0x0000000000005020                curl_easy_init@@CURL_OPENSSL_4
                0x0000000000005030                fork@@GLIBC_2.2.5
                0x0000000000005040                std::locale::~locale()@@GLIBCXX_3.4
                0x0000000000005050                std::ios_base::Init::Init()@@GLIBCXX_3.4
                0x0000000000005060                __errno_location@@GLIBC_2.2.5
                0x0000000000005070                __printf_chk@@GLIBC_2.3.4
                0x0000000000005080                std::__basic_file<char>::is_open() const@@GLIBCXX_3.4
                0x0000000000005090                execve@@GLIBC_2.2.5
                0x00000000000050a0                __pread_chk@@GLIBC_2.4
                0x00000000000050b0                timer_create@@GLIBC_2.34
                0x00000000000050c0                usleep@@GLIBC_2.2.5
                0x00000000000050d0                std::_Rb_tree_insert_and_rebalance(bool, std::_Rb_tree_node_base*, std::_Rb_tree_node_base*, std::_Rb_tree_node_base&)@@GLIBCXX_3.4
                0x00000000000050e0                __vsprintf_chk@@GLIBC_2.3.4
                0x00000000000050f0                fwrite@@GLIBC_2.2.5
                0x0000000000005100                getaddrinfo@@GLIBC_2.2.5
                0x0000000000005110                memcmp@@GLIBC_2.2.5
                0x0000000000005120                OPENSSL_config@@OPENSSL_3.0.0
                0x0000000000005130                std::__throw_bad_function_call()@@GLIBCXX_3.4.14
                0x0000000000005140                std::basic_ios<char, std::char_traits<char> >::clear(std::_Ios_Iostate)@@GLIBCXX_3.4
                0x0000000000005150                sleep@@GLIBC_2.2.5
                0x0000000000005160                std::runtime_error::runtime_error(std::runtime_error const&)@@GLIBCXX_3.4.21
                0x0000000000005170                pthread_create@@GLIBC_2.34
                0x0000000000005180                fileno@@GLIBC_2.2.5
                0x0000000000005190                std::__cxx11::basic_string<char, std::char_traits<char>, std::allocator<char> >::push_back(char)@@GLIBCXX_3.4.21
                0x00000000000051a0                pread@@GLIBC_2.2.5
                0x00000000000051b0                srand@@GLIBC_2.2.5
                0x00000000000051c0                __sprintf_chk@@GLIBC_2.3.4
                0x00000000000051d0                fopen@@GLIBC_2.2.5
                0x00000000000051e0                __snprintf_chk@@GLIBC_2.3.4
                0x00000000000051f0                system@@GLIBC_2.2.5
                0x0000000000005200                pthread_attr_setschedpolicy@@GLIBC_2.2.5
                0x0000000000005210                strtod@@GLIBC_2.2.5

.text           0x0000000000005220    0x219c8
 *(.text.unlikely .text.*_unlikely .text.unlikely.*)
 .text.unlikely
                0x0000000000005220      0xae7 _build_vvtk_I03S-debug/utils.o
 *(.text.exit .text.exit.*)
 *(.text.startup .text.startup.*)
 *fill*         0x0000000000005d07        0x9 
 .text.startup  0x0000000000005d10      0x1b7 _build_vvtk_I03S-debug/ak.o
                0x0000000000005d10                main
 *fill*         0x0000000000005ec7        0x9 
 .text.startup  0x0000000000005ed0       0x2b _build_vvtk_I03S-debug/app.o
 *fill*         0x0000000000005efb        0x5 
 .text.startup  0x0000000000005f00       0x2b _build_vvtk_I03S-debug/task_webrtc.o
 *fill*         0x0000000000005f2b        0x5 
 .text.startup  0x0000000000005f30       0x2b _build_vvtk_I03S-debug/utils.o
 *(.text.hot .text.hot.*)
 *(SORT_BY_NAME(.text.sorted.*))
 *(.text .stub .text.* .gnu.linkonce.t.*)
 *fill*         0x0000000000005f5b        0x5 
 .text          0x0000000000005f60       0x26 /usr/lib/gcc/x86_64-linux-gnu/11/../../../x86_64-linux-gnu/Scrt1.o
                0x0000000000005f60                _start
 .text          0x0000000000005f86        0x0 /usr/lib/gcc/x86_64-linux-gnu/11/../../../x86_64-linux-gnu/crti.o
 *fill*         0x0000000000005f86        0xa 
 .text          0x0000000000005f90       0xb9 /usr/lib/gcc/x86_64-linux-gnu/11/crtbeginS.o
 *fill*         0x0000000000006049        0x7 
 .text          0x0000000000006050     0x1f07 _build_vvtk_I03S-debug/ak.o
                0x0000000000006050                wait_all_tasks_started()
                0x0000000000006100                get_pure_msg()
                0x0000000000006190                get_dynamic_msg()
                0x0000000000006220                get_common_msg()
                0x00000000000062b0                ak_memcpy_msg(ak_msg_t*)
                0x0000000000006650                ak_msg_free(ak_msg_t*)
                0x0000000000006680                set_msg_sig(ak_msg_t*, unsigned int)
                0x00000000000066b0                set_msg_root_task_id(ak_msg_t*, unsigned int)
                0x00000000000066e0                set_msg_des_task_id(ak_msg_t*, unsigned int)
                0x0000000000006710                set_msg_src_task_id(ak_msg_t*, unsigned int)
                0x0000000000006740                set_if_des_task_id(ak_msg_t*, unsigned int)
                0x0000000000006770                set_if_src_task_id(ak_msg_t*, unsigned int)
                0x00000000000067a0                set_if_des_type(ak_msg_t*, unsigned int)
                0x00000000000067d0                set_if_src_type(ak_msg_t*, unsigned int)
                0x0000000000006800                set_if_sig(ak_msg_t*, unsigned int)
                0x0000000000006830                set_if_data_common_msg(ak_msg_t*, unsigned char*, unsigned int)
                0x00000000000068e0                set_if_data_dynamic_msg(ak_msg_t*, unsigned char*, unsigned int)
                0x0000000000006970                set_data_common_msg(ak_msg_t*, unsigned char*, unsigned int)
                0x0000000000006a20                get_data_common_msg(ak_msg_t*, unsigned char*, unsigned int)
                0x0000000000006aa0                get_data_common_msg(ak_msg_t*)
                0x0000000000006b30                get_data_len_common_msg(ak_msg_t*)
                0x0000000000006b90                set_data_dynamic_msg(ak_msg_t*, unsigned char*, unsigned int)
                0x0000000000006c20                get_data_dynamic_msg(ak_msg_t*, unsigned char*, unsigned int)
                0x0000000000006ca0                get_data_len_dynamic_msg(ak_msg_t*)
                0x0000000000006d00                task_post(unsigned int, ak_msg_t*)
                0x0000000000006da0                task_post_pure_msg(unsigned int, unsigned int, unsigned int)
                0x0000000000006eb0                task_post_pure_msg(unsigned int, unsigned int)
                0x0000000000006fc0                task_post_common_msg(unsigned int, unsigned int, unsigned int, unsigned char*, unsigned int)
                0x0000000000007150                task_post_common_msg(unsigned int, unsigned int, unsigned char*, unsigned int)
                0x00000000000072e0                task_post_dynamic_msg(unsigned int, unsigned int, unsigned int, unsigned char*, unsigned int)
                0x0000000000007450                task_post_dynamic_msg(unsigned int, unsigned int, unsigned char*, unsigned int)
                0x00000000000075b0                task_root_post_pure_msg(unsigned int, unsigned int, unsigned int, unsigned int)
                0x00000000000076d0                task_root_post_pure_msg(unsigned int, unsigned int, unsigned int)
                0x00000000000077f0                task_root_post_common_msg(unsigned int, unsigned int, unsigned int, unsigned int, unsigned char*, unsigned int)
                0x00000000000079a0                task_root_post_common_msg(unsigned int, unsigned int, unsigned int, unsigned char*, unsigned int)
                0x0000000000007b50                task_root_post_dynamic_msg(unsigned int, unsigned int, unsigned int, unsigned int, unsigned char*, unsigned int)
                0x0000000000007cd0                task_root_post_dynamic_msg(unsigned int, unsigned int, unsigned int, unsigned char*, unsigned int)
                0x0000000000007e50                ak_msg_rev(unsigned int)
                0x0000000000007ef0                get_msg_type(ak_msg_t*)
                0x0000000000007f00                get_task_id()
 *fill*         0x0000000000007f57        0x9 
 .text          0x0000000000007f60      0x1b9 _build_vvtk_I03S-debug/message.o
                0x0000000000007f60                q_msg_init(q_msg_t*)
                0x0000000000007f80                q_msg_put(q_msg_t*, ak_msg_t*)
                0x0000000000007fe0                q_msg_get(q_msg_t*)
                0x0000000000008050                q_msg_free(ak_msg_t*)
                0x00000000000080a0                q_msg_len(q_msg_t*)
                0x00000000000080e0                q_msg_available(q_msg_t*)
 *fill*         0x0000000000008119        0x7 
 .text          0x0000000000008120      0x5cb _build_vvtk_I03S-debug/timer.o
                0x00000000000081c0                timer_handler(sigval)
                0x0000000000008270                timer_entry(void*)
                0x0000000000008320                timer_set(unsigned int, unsigned int, unsigned int, unsigned int, timer_type_t)
                0x00000000000084e0                timer_set(unsigned int, unsigned int, unsigned int, timer_type_t)
                0x00000000000086a0                timer_remove_attr(unsigned int, unsigned int)
                0x00000000000086e0                timer_stick_get()
 *fill*         0x00000000000086eb        0x5 
 .text          0x00000000000086f0        0xd _build_vvtk_I03S-debug/fsm.o
                0x00000000000086f0                fsm_dispatch(fsm_t*, ak_msg_t*)
 *fill*         0x00000000000086fd        0x3 
 .text          0x0000000000008700       0xf1 _build_vvtk_I03S-debug/tsm.o
                0x0000000000008700                tsm_init(tsm_tbl_t*, tsm_t**, unsigned char)
                0x0000000000008750                tsm_dispatch(tsm_tbl_t*, ak_msg_t*)
                0x00000000000087d0                tsm_tran(tsm_tbl_t*, unsigned char)
 *fill*         0x00000000000087f1        0xf 
 .text          0x0000000000008800      0x106 _build_vvtk_I03S-debug/sys_dbg.o
                0x0000000000008800                sys_dbg_fatal(char const*, unsigned char)
                0x0000000000008830                sys_dbg_get_time()
 *fill*         0x0000000000008906        0xa 
 .text          0x0000000000008910       0xe0 _build_vvtk_I03S-debug/app.o
                0x0000000000008910                exit_app(int)
                0x0000000000008920                task_init()
 .text._ZNKSt5ctypeIcE8do_widenEc
                0x00000000000089f0        0x7 _build_vvtk_I03S-debug/app.o
                0x00000000000089f0                std::ctype<char>::do_widen(char) const
 .text          0x00000000000089f7        0x0 _build_vvtk_I03S-debug/app_config.o
 .text          0x00000000000089f7        0x0 _build_vvtk_I03S-debug/app_data.o
 .text          0x00000000000089f7        0x0 _build_vvtk_I03S-debug/task_list.o
 *fill*         0x00000000000089f7        0x9 
 .text          0x0000000000008a00      0x1b8 _build_vvtk_I03S-debug/task_webrtc.o
                0x0000000000008a00                printout()
                0x0000000000008a90                gw_task_webrtc_entry(void*)
 *fill*         0x0000000000008bb8        0x8 
 .text          0x0000000000008bc0      0x1ef _build_vvtk_I03S-debug/cmd_line.o
                0x0000000000008bc0                cmd_line_parser
                0x0000000000008cc0                cmd_str_parser
                0x0000000000008d90                cmd_str_parser_get_attr
 *fill*         0x0000000000008daf        0x1 
 .text          0x0000000000008db0      0x653 _build_vvtk_I03S-debug/jsmn.o
                0x0000000000008db0                jsmn_parse(jsmn_parser*, char const*, unsigned long, jsmntok_t*, unsigned int)
                0x00000000000093f0                jsmn_init(jsmn_parser*)
 .text          0x0000000000009403        0x0 _build_vvtk_I03S-debug/firmware.o
 *fill*         0x0000000000009403        0xd 
 .text          0x0000000000009410     0x45b0 _build_vvtk_I03S-debug/utils.o
                0x0000000000009a30                get_mac_address[abi:cxx11]()
                0x0000000000009c40                get_device_id[abi:cxx11]()
                0x0000000000009da0                write_raw_file(std::__cxx11::basic_string<char, std::char_traits<char>, std::allocator<char> >, std::__cxx11::basic_string<char, std::char_traits<char>, std::allocator<char> > const&)
                0x0000000000009e10                read_raw_file(std::__cxx11::basic_string<char, std::char_traits<char>, std::allocator<char> >&, std::__cxx11::basic_string<char, std::char_traits<char>, std::allocator<char> > const&)
                0x0000000000009ee0                download_file(std::__cxx11::basic_string<char, std::char_traits<char>, std::allocator<char> > const&, std::__cxx11::basic_string<char, std::char_traits<char>, std::allocator<char> > const&, unsigned long)
                0x000000000000a150                download_file_with_data_req(std::__cxx11::basic_string<char, std::char_traits<char>, std::allocator<char> > const&, std::__cxx11::basic_string<char, std::char_traits<char>, std::allocator<char> > const&, std::__cxx11::basic_string<char, std::char_traits<char>, std::allocator<char> >&, unsigned long)
                0x000000000000a3f0                erase_all_string(std::__cxx11::basic_string<char, std::char_traits<char>, std::allocator<char> >&, std::__cxx11::basic_string<char, std::char_traits<char>, std::allocator<char> >&)
                0x000000000000a490                replace_all_string(std::__cxx11::basic_string<char, std::char_traits<char>, std::allocator<char> >&, std::__cxx11::basic_string<char, std::char_traits<char>, std::allocator<char> >&, std::__cxx11::basic_string<char, std::char_traits<char>, std::allocator<char> >&)
                0x000000000000a510                bytetoHexChar(unsigned char, unsigned char*)
                0x000000000000a540                bytestoHexChars(unsigned char*, int, unsigned char*)
                0x000000000000a5a0                hexChartoByte(unsigned char*, unsigned char*)
                0x000000000000a600                hexCharsToBytes(unsigned char*, int, unsigned char*)
                0x000000000000a6c0                get_ip_address[abi:cxx11]()
                0x000000000000a980                get_usb_usage(char const*)
                0x000000000000ad40                get_usb_remain(char const*)
                0x000000000000b100                check_usb_encrypted(char const*)
                0x000000000000b120                touch_full_file(char const*)
                0x000000000000b200                check_file_exist(char const*)
                0x000000000000b220                exec_prog(int, char const**)
                0x000000000000b360                sizeOfFile(char const*)
                0x000000000000b3d0                systemCmd(char const*, ...)
                0x000000000000b590                safe_strcpy(char*, char const*, unsigned long)
                0x000000000000b5b0                getFileName(std::__cxx11::basic_string<char, std::char_traits<char>, std::allocator<char> > const&)
                0x000000000000ba00                appendStringToFile(char const*, std::__cxx11::basic_string<char, std::char_traits<char>, std::allocator<char> >)
                0x000000000000c4a0                string_split(std::__cxx11::basic_string<char, std::char_traits<char>, std::allocator<char> >&, std::__cxx11::basic_string<char, std::char_traits<char>, std::allocator<char> >)
                0x000000000000c9c0                get_list_music(char const*, nlohmann::basic_json<std::map, std::vector, std::__cxx11::basic_string<char, std::char_traits<char>, std::allocator<char> >, bool, long, unsigned long, double, std::allocator, nlohmann::adl_serializer, std::vector<unsigned char, std::allocator<unsigned char> > >&)
                0x000000000000d050                write_json_file(nlohmann::basic_json<std::map, std::vector, std::__cxx11::basic_string<char, std::char_traits<char>, std::allocator<char> >, bool, long, unsigned long, double, std::allocator, nlohmann::adl_serializer, std::vector<unsigned char, std::allocator<unsigned char> > >, std::__cxx11::basic_string<char, std::char_traits<char>, std::allocator<char> > const&)
                0x000000000000d130                read_json_file(nlohmann::basic_json<std::map, std::vector, std::__cxx11::basic_string<char, std::char_traits<char>, std::allocator<char> >, bool, long, unsigned long, double, std::allocator, nlohmann::adl_serializer, std::vector<unsigned char, std::allocator<unsigned char> > >&, std::__cxx11::basic_string<char, std::char_traits<char>, std::allocator<char> > const&)
                0x000000000000d490                download_json(std::__cxx11::basic_string<char, std::char_traits<char>, std::allocator<char> > const&, nlohmann::basic_json<std::map, std::vector, std::__cxx11::basic_string<char, std::char_traits<char>, std::allocator<char> >, bool, long, unsigned long, double, std::allocator, nlohmann::adl_serializer, std::vector<unsigned char, std::allocator<unsigned char> > >&, unsigned long)
 .text._ZN8nlohmann6detail21output_string_adapterIcNSt7__cxx1112basic_stringIcSt11char_traitsIcESaIcEEEED2Ev
                0x000000000000d9c0        0x5 _build_vvtk_I03S-debug/utils.o
                0x000000000000d9c0                nlohmann::detail::output_string_adapter<char, std::__cxx11::basic_string<char, std::char_traits<char>, std::allocator<char> > >::~output_string_adapter()
                0x000000000000d9c0                nlohmann::detail::output_string_adapter<char, std::__cxx11::basic_string<char, std::char_traits<char>, std::allocator<char> > >::~output_string_adapter()
 *fill*         0x000000000000d9c5        0xb 
 .text._ZNSt23_Sp_counted_ptr_inplaceIN8nlohmann6detail21output_string_adapterIcNSt7__cxx1112basic_stringIcSt11char_traitsIcESaIcEEEEESaIS9_ELN9__gnu_cxx12_Lock_policyE2EED2Ev
                0x000000000000d9d0        0x5 _build_vvtk_I03S-debug/utils.o
                0x000000000000d9d0                std::_Sp_counted_ptr_inplace<nlohmann::detail::output_string_adapter<char, std::__cxx11::basic_string<char, std::char_traits<char>, std::allocator<char> > >, std::allocator<nlohmann::detail::output_string_adapter<char, std::__cxx11::basic_string<char, std::char_traits<char>, std::allocator<char> > > >, (__gnu_cxx::_Lock_policy)2>::~_Sp_counted_ptr_inplace()
                0x000000000000d9d0                std::_Sp_counted_ptr_inplace<nlohmann::detail::output_string_adapter<char, std::__cxx11::basic_string<char, std::char_traits<char>, std::allocator<char> > >, std::allocator<nlohmann::detail::output_string_adapter<char, std::__cxx11::basic_string<char, std::char_traits<char>, std::allocator<char> > > >, (__gnu_cxx::_Lock_policy)2>::~_Sp_counted_ptr_inplace()
 *fill*         0x000000000000d9d5        0xb 
 .text._ZNSt23_Sp_counted_ptr_inplaceIN8nlohmann6detail21output_string_adapterIcNSt7__cxx1112basic_stringIcSt11char_traitsIcESaIcEEEEESaIS9_ELN9__gnu_cxx12_Lock_policyE2EE10_M_disposeEv
                0x000000000000d9e0       0x15 _build_vvtk_I03S-debug/utils.o
                0x000000000000d9e0                std::_Sp_counted_ptr_inplace<nlohmann::detail::output_string_adapter<char, std::__cxx11::basic_string<char, std::char_traits<char>, std::allocator<char> > >, std::allocator<nlohmann::detail::output_string_adapter<char, std::__cxx11::basic_string<char, std::char_traits<char>, std::allocator<char> > > >, (__gnu_cxx::_Lock_policy)2>::_M_dispose()
 *fill*         0x000000000000d9f5        0xb 
 .text._ZNSt23_Sp_counted_ptr_inplaceIN8nlohmann6detail21output_string_adapterIcNSt7__cxx1112basic_stringIcSt11char_traitsIcESaIcEEEEESaIS9_ELN9__gnu_cxx12_Lock_policyE2EED0Ev
                0x000000000000da00        0xe _build_vvtk_I03S-debug/utils.o
                0x000000000000da00                std::_Sp_counted_ptr_inplace<nlohmann::detail::output_string_adapter<char, std::__cxx11::basic_string<char, std::char_traits<char>, std::allocator<char> > >, std::allocator<nlohmann::detail::output_string_adapter<char, std::__cxx11::basic_string<char, std::char_traits<char>, std::allocator<char> > > >, (__gnu_cxx::_Lock_policy)2>::~_Sp_counted_ptr_inplace()
 *fill*         0x000000000000da0e        0x2 
 .text._ZN8nlohmann6detail21output_string_adapterIcNSt7__cxx1112basic_stringIcSt11char_traitsIcESaIcEEEED0Ev
                0x000000000000da10        0xe _build_vvtk_I03S-debug/utils.o
                0x000000000000da10                nlohmann::detail::output_string_adapter<char, std::__cxx11::basic_string<char, std::char_traits<char>, std::allocator<char> > >::~output_string_adapter()
 *fill*         0x000000000000da1e        0x2 
 .text._ZNSt23_Sp_counted_ptr_inplaceIN8nlohmann6detail21output_string_adapterIcNSt7__cxx1112basic_stringIcSt11char_traitsIcESaIcEEEEESaIS9_ELN9__gnu_cxx12_Lock_policyE2EE10_M_destroyEv
                0x000000000000da20        0xe _build_vvtk_I03S-debug/utils.o
                0x000000000000da20                std::_Sp_counted_ptr_inplace<nlohmann::detail::output_string_adapter<char, std::__cxx11::basic_string<char, std::char_traits<char>, std::allocator<char> > >, std::allocator<nlohmann::detail::output_string_adapter<char, std::__cxx11::basic_string<char, std::char_traits<char>, std::allocator<char> > > >, (__gnu_cxx::_Lock_policy)2>::_M_destroy()
 *fill*         0x000000000000da2e        0x2 
 .text._ZNSt23_Sp_counted_ptr_inplaceIN8nlohmann6detail21output_string_adapterIcNSt7__cxx1112basic_stringIcSt11char_traitsIcESaIcEEEEESaIS9_ELN9__gnu_cxx12_Lock_policyE2EE14_M_get_deleterERKSt9type_info
                0x000000000000da30       0x51 _build_vvtk_I03S-debug/utils.o
                0x000000000000da30                std::_Sp_counted_ptr_inplace<nlohmann::detail::output_string_adapter<char, std::__cxx11::basic_string<char, std::char_traits<char>, std::allocator<char> > >, std::allocator<nlohmann::detail::output_string_adapter<char, std::__cxx11::basic_string<char, std::char_traits<char>, std::allocator<char> > > >, (__gnu_cxx::_Lock_policy)2>::_M_get_deleter(std::type_info const&)
 *fill*         0x000000000000da81        0xf 
 .text._ZN8nlohmann6detail21output_string_adapterIcNSt7__cxx1112basic_stringIcSt11char_traitsIcESaIcEEEE16write_charactersEPKcm
                0x000000000000da90       0x2d _build_vvtk_I03S-debug/utils.o
                0x000000000000da90                nlohmann::detail::output_string_adapter<char, std::__cxx11::basic_string<char, std::char_traits<char>, std::allocator<char> > >::write_characters(char const*, unsigned long)
 *fill*         0x000000000000dabd        0x3 
 .text._ZN8nlohmann6detail21output_string_adapterIcNSt7__cxx1112basic_stringIcSt11char_traitsIcESaIcEEEE15write_characterEc
                0x000000000000dac0       0x77 _build_vvtk_I03S-debug/utils.o
                0x000000000000dac0                nlohmann::detail::output_string_adapter<char, std::__cxx11::basic_string<char, std::char_traits<char>, std::allocator<char> > >::write_character(char)
 *fill*         0x000000000000db37        0x9 
 .text._ZNSt7__cxx119to_stringEm
                0x000000000000db40      0x1e7 _build_vvtk_I03S-debug/utils.o
                0x000000000000db40                std::__cxx11::to_string(unsigned long)
 *fill*         0x000000000000dd27        0x9 
 .text._ZStplIcSt11char_traitsIcESaIcEENSt7__cxx1112basic_stringIT_T0_T1_EEOS8_S9_
                0x000000000000dd30       0xfb _build_vvtk_I03S-debug/utils.o
                0x000000000000dd30                std::__cxx11::basic_string<char, std::char_traits<char>, std::allocator<char> > std::operator+<char, std::char_traits<char>, std::allocator<char> >(std::__cxx11::basic_string<char, std::char_traits<char>, std::allocator<char> >&&, std::__cxx11::basic_string<char, std::char_traits<char>, std::allocator<char> >&&)
 *fill*         0x000000000000de2b        0x5 
 .text._ZStplIcSt11char_traitsIcESaIcEENSt7__cxx1112basic_stringIT_T0_T1_EEPKS5_OS8_
                0x000000000000de30       0x7d _build_vvtk_I03S-debug/utils.o
                0x000000000000de30                std::__cxx11::basic_string<char, std::char_traits<char>, std::allocator<char> > std::operator+<char, std::char_traits<char>, std::allocator<char> >(char const*, std::__cxx11::basic_string<char, std::char_traits<char>, std::allocator<char> >&&)
 *fill*         0x000000000000dead        0x3 
 .text._ZStplIcSt11char_traitsIcESaIcEENSt7__cxx1112basic_stringIT_T0_T1_EEPKS5_RKS8_
                0x000000000000deb0       0xb6 _build_vvtk_I03S-debug/utils.o
                0x000000000000deb0                std::__cxx11::basic_string<char, std::char_traits<char>, std::allocator<char> > std::operator+<char, std::char_traits<char>, std::allocator<char> >(char const*, std::__cxx11::basic_string<char, std::char_traits<char>, std::allocator<char> > const&)
 *fill*         0x000000000000df66        0xa 
 .text._ZN8nlohmann6detail9exception4nameERKNSt7__cxx1112basic_stringIcSt11char_traitsIcESaIcEEEi
                0x000000000000df70      0x5ba _build_vvtk_I03S-debug/utils.o
                0x000000000000df70                nlohmann::detail::exception::name(std::__cxx11::basic_string<char, std::char_traits<char>, std::allocator<char> > const&, int)
 *fill*         0x000000000000e52a        0x6 
 .text._ZZN8nlohmann10basic_jsonISt3mapSt6vectorNSt7__cxx1112basic_stringIcSt11char_traitsIcESaIcEEEblmdSaNS_14adl_serializerES2_IhSaIhEEEC4ESt16initializer_listINS_6detail8json_refISC_EEEbNSE_7value_tEENKUlRKSG_E_clESK_.constprop.0
                0x000000000000e530       0x3d _build_vvtk_I03S-debug/utils.o
 *fill*         0x000000000000e56d        0x3 
 .text._ZStplIcSt11char_traitsIcESaIcEENSt7__cxx1112basic_stringIT_T0_T1_EEOS8_PKS5_
                0x000000000000e570       0x99 _build_vvtk_I03S-debug/utils.o
                0x000000000000e570                std::__cxx11::basic_string<char, std::char_traits<char>, std::allocator<char> > std::operator+<char, std::char_traits<char>, std::allocator<char> >(std::__cxx11::basic_string<char, std::char_traits<char>, std::allocator<char> >&&, char const*)
 *fill*         0x000000000000e609        0x7 
 .text._ZN8nlohmann6detail10serializerINS_10basic_jsonISt3mapSt6vectorNSt7__cxx1112basic_stringIcSt11char_traitsIcESaIcEEEblmdSaNS_14adl_serializerES4_IhSaIhEEEEED2Ev
                0x000000000000e610       0xb4 _build_vvtk_I03S-debug/utils.o
                0x000000000000e610                nlohmann::detail::serializer<nlohmann::basic_json<std::map, std::vector, std::__cxx11::basic_string<char, std::char_traits<char>, std::allocator<char> >, bool, long, unsigned long, double, std::allocator, nlohmann::adl_serializer, std::vector<unsigned char, std::allocator<unsigned char> > > >::~serializer()
                0x000000000000e610                nlohmann::detail::serializer<nlohmann::basic_json<std::map, std::vector, std::__cxx11::basic_string<char, std::char_traits<char>, std::allocator<char> >, bool, long, unsigned long, double, std::allocator, nlohmann::adl_serializer, std::vector<unsigned char, std::allocator<unsigned char> > > >::~serializer()
 *fill*         0x000000000000e6c4        0xc 
 .text._ZN8nlohmann10basic_jsonISt3mapSt6vectorNSt7__cxx1112basic_stringIcSt11char_traitsIcESaIcEEEblmdSaNS_14adl_serializerES2_IhSaIhEEEaSESC_
                0x000000000000e6d0      0x158 _build_vvtk_I03S-debug/utils.o
                0x000000000000e6d0                nlohmann::basic_json<std::map, std::vector, std::__cxx11::basic_string<char, std::char_traits<char>, std::allocator<char> >, bool, long, unsigned long, double, std::allocator, nlohmann::adl_serializer, std::vector<unsigned char, std::allocator<unsigned char> > >::operator=(nlohmann::basic_json<std::map, std::vector, std::__cxx11::basic_string<char, std::char_traits<char>, std::allocator<char> >, bool, long, unsigned long, double, std::allocator, nlohmann::adl_serializer, std::vector<unsigned char, std::allocator<unsigned char> > >)
 *fill*         0x000000000000e828        0x8 
 .text._ZNSt16_Sp_counted_baseILN9__gnu_cxx12_Lock_policyE2EE10_M_releaseEv
                0x000000000000e830       0x7c _build_vvtk_I03S-debug/utils.o
                0x000000000000e830                std::_Sp_counted_base<(__gnu_cxx::_Lock_policy)2>::_M_release()
 *fill*         0x000000000000e8ac        0x4 
 .text._ZN8nlohmann10basic_jsonISt3mapSt6vectorNSt7__cxx1112basic_stringIcSt11char_traitsIcESaIcEEEblmdSaNS_14adl_serializerES2_IhSaIhEEEC2EOSC_
                0x000000000000e8b0      0x128 _build_vvtk_I03S-debug/utils.o
                0x000000000000e8b0                nlohmann::basic_json<std::map, std::vector, std::__cxx11::basic_string<char, std::char_traits<char>, std::allocator<char> >, bool, long, unsigned long, double, std::allocator, nlohmann::adl_serializer, std::vector<unsigned char, std::allocator<unsigned char> > >::basic_json(nlohmann::basic_json<std::map, std::vector, std::__cxx11::basic_string<char, std::char_traits<char>, std::allocator<char> >, bool, long, unsigned long, double, std::allocator, nlohmann::adl_serializer, std::vector<unsigned char, std::allocator<unsigned char> > >&&)
                0x000000000000e8b0                nlohmann::basic_json<std::map, std::vector, std::__cxx11::basic_string<char, std::char_traits<char>, std::allocator<char> >, bool, long, unsigned long, double, std::allocator, nlohmann::adl_serializer, std::vector<unsigned char, std::allocator<unsigned char> > >::basic_json(nlohmann::basic_json<std::map, std::vector, std::__cxx11::basic_string<char, std::char_traits<char>, std::allocator<char> >, bool, long, unsigned long, double, std::allocator, nlohmann::adl_serializer, std::vector<unsigned char, std::allocator<unsigned char> > >&&)
 *fill*         0x000000000000e9d8        0x8 
 .text._ZNSt6vectorINSt7__cxx1112basic_stringIcSt11char_traitsIcESaIcEEESaIS5_EE17_M_realloc_insertIJRKS5_EEEvN9__gnu_cxx17__normal_iteratorIPS5_S7_EEDpOT_
                0x000000000000e9e0      0x3a5 _build_vvtk_I03S-debug/utils.o
                0x000000000000e9e0                void std::vector<std::__cxx11::basic_string<char, std::char_traits<char>, std::allocator<char> >, std::allocator<std::__cxx11::basic_string<char, std::char_traits<char>, std::allocator<char> > > >::_M_realloc_insert<std::__cxx11::basic_string<char, std::char_traits<char>, std::allocator<char> > const&>(__gnu_cxx::__normal_iterator<std::__cxx11::basic_string<char, std::char_traits<char>, std::allocator<char> >*, std::vector<std::__cxx11::basic_string<char, std::char_traits<char>, std::allocator<char> >, std::allocator<std::__cxx11::basic_string<char, std::char_traits<char>, std::allocator<char> > > > >, std::__cxx11::basic_string<char, std::char_traits<char>, std::allocator<char> > const&)
 *fill*         0x000000000000ed85        0xb 
 .text._ZNK8nlohmann6detail5lexerINS_10basic_jsonISt3mapSt6vectorNSt7__cxx1112basic_stringIcSt11char_traitsIcESaIcEEEblmdSaNS_14adl_serializerES4_IhSaIhEEEENS0_22iterator_input_adapterIPKcEEE16get_token_stringEv
                0x000000000000ed90      0x188 _build_vvtk_I03S-debug/utils.o
                0x000000000000ed90                nlohmann::detail::lexer<nlohmann::basic_json<std::map, std::vector, std::__cxx11::basic_string<char, std::char_traits<char>, std::allocator<char> >, bool, long, unsigned long, double, std::allocator, nlohmann::adl_serializer, std::vector<unsigned char, std::allocator<unsigned char> > >, nlohmann::detail::iterator_input_adapter<char const*> >::get_token_string() const
 *fill*         0x000000000000ef18        0x8 
 .text._ZN8nlohmann6detail6parserINS_10basic_jsonISt3mapSt6vectorNSt7__cxx1112basic_stringIcSt11char_traitsIcESaIcEEEblmdSaNS_14adl_serializerES4_IhSaIhEEEENS0_22iterator_input_adapterIPKcEEE17exception_messageENS0_10lexer_baseISE_E10token_typeERKSA_
                0x000000000000ef20      0x92a _build_vvtk_I03S-debug/utils.o
                0x000000000000ef20                nlohmann::detail::parser<nlohmann::basic_json<std::map, std::vector, std::__cxx11::basic_string<char, std::char_traits<char>, std::allocator<char> >, bool, long, unsigned long, double, std::allocator, nlohmann::adl_serializer, std::vector<unsigned char, std::allocator<unsigned char> > >, nlohmann::detail::iterator_input_adapter<char const*> >::exception_message(nlohmann::detail::lexer_base<nlohmann::basic_json<std::map, std::vector, std::__cxx11::basic_string<char, std::char_traits<char>, std::allocator<char> >, bool, long, unsigned long, double, std::allocator, nlohmann::adl_serializer, std::vector<unsigned char, std::allocator<unsigned char> > > >::token_type, std::__cxx11::basic_string<char, std::char_traits<char>, std::allocator<char> > const&)
 *fill*         0x000000000000f84a        0x6 
 .text._ZN8nlohmann6detail11parse_error6createINS_10basic_jsonISt3mapSt6vectorNSt7__cxx1112basic_stringIcSt11char_traitsIcESaIcEEEblmdSaNS_14adl_serializerES5_IhSaIhEEEEEES1_iRKNS0_10position_tERKSB_RKT_
                0x000000000000f850      0xb9e _build_vvtk_I03S-debug/utils.o
                0x000000000000f850                nlohmann::detail::parse_error nlohmann::detail::parse_error::create<nlohmann::basic_json<std::map, std::vector, std::__cxx11::basic_string<char, std::char_traits<char>, std::allocator<char> >, bool, long, unsigned long, double, std::allocator, nlohmann::adl_serializer, std::vector<unsigned char, std::allocator<unsigned char> > > >(int, nlohmann::detail::position_t const&, std::__cxx11::basic_string<char, std::char_traits<char>, std::allocator<char> > const&, nlohmann::basic_json<std::map, std::vector, std::__cxx11::basic_string<char, std::char_traits<char>, std::allocator<char> >, bool, long, unsigned long, double, std::allocator, nlohmann::adl_serializer, std::vector<unsigned char, std::allocator<unsigned char> > > const&)
 *fill*         0x00000000000103ee        0x2 
 .text._ZNSt6vectorIN8nlohmann10basic_jsonISt3mapS_NSt7__cxx1112basic_stringIcSt11char_traitsIcESaIcEEEblmdSaNS0_14adl_serializerES_IhSaIhEEEESaISC_EE7reserveEm
                0x00000000000103f0      0x231 _build_vvtk_I03S-debug/utils.o
                0x00000000000103f0                std::vector<nlohmann::basic_json<std::map, std::vector, std::__cxx11::basic_string<char, std::char_traits<char>, std::allocator<char> >, bool, long, unsigned long, double, std::allocator, nlohmann::adl_serializer, std::vector<unsigned char, std::allocator<unsigned char> > >, std::allocator<nlohmann::basic_json<std::map, std::vector, std::__cxx11::basic_string<char, std::char_traits<char>, std::allocator<char> >, bool, long, unsigned long, double, std::allocator, nlohmann::adl_serializer, std::vector<unsigned char, std::allocator<unsigned char> > > > >::reserve(unsigned long)
 *fill*         0x0000000000010621        0xf 
 .text._ZN8nlohmann10basic_jsonISt3mapSt6vectorNSt7__cxx1112basic_stringIcSt11char_traitsIcESaIcEEEblmdSaNS_14adl_serializerES2_IhSaIhEEE10json_value7destroyENS_6detail7value_tE
                0x0000000000010630      0x547 _build_vvtk_I03S-debug/utils.o
                0x0000000000010630                nlohmann::basic_json<std::map, std::vector, std::__cxx11::basic_string<char, std::char_traits<char>, std::allocator<char> >, bool, long, unsigned long, double, std::allocator, nlohmann::adl_serializer, std::vector<unsigned char, std::allocator<unsigned char> > >::json_value::destroy(nlohmann::detail::value_t)
 *fill*         0x0000000000010b77        0x9 
 .text._ZN8nlohmann10basic_jsonISt3mapSt6vectorNSt7__cxx1112basic_stringIcSt11char_traitsIcESaIcEEEblmdSaNS_14adl_serializerES2_IhSaIhEEED2Ev
                0x0000000000010b80       0xd5 _build_vvtk_I03S-debug/utils.o
                0x0000000000010b80                nlohmann::basic_json<std::map, std::vector, std::__cxx11::basic_string<char, std::char_traits<char>, std::allocator<char> >, bool, long, unsigned long, double, std::allocator, nlohmann::adl_serializer, std::vector<unsigned char, std::allocator<unsigned char> > >::~basic_json()
                0x0000000000010b80                nlohmann::basic_json<std::map, std::vector, std::__cxx11::basic_string<char, std::char_traits<char>, std::allocator<char> >, bool, long, unsigned long, double, std::allocator, nlohmann::adl_serializer, std::vector<unsigned char, std::allocator<unsigned char> > >::~basic_json()
 *fill*         0x0000000000010c55        0xb 
 .text._ZN8nlohmann6detail28json_sax_dom_callback_parserINS_10basic_jsonISt3mapSt6vectorNSt7__cxx1112basic_stringIcSt11char_traitsIcESaIcEEEblmdSaNS_14adl_serializerES4_IhSaIhEEEEED2Ev
                0x0000000000010c60       0x7a _build_vvtk_I03S-debug/utils.o
                0x0000000000010c60                nlohmann::detail::json_sax_dom_callback_parser<nlohmann::basic_json<std::map, std::vector, std::__cxx11::basic_string<char, std::char_traits<char>, std::allocator<char> >, bool, long, unsigned long, double, std::allocator, nlohmann::adl_serializer, std::vector<unsigned char, std::allocator<unsigned char> > > >::~json_sax_dom_callback_parser()
                0x0000000000010c60                nlohmann::detail::json_sax_dom_callback_parser<nlohmann::basic_json<std::map, std::vector, std::__cxx11::basic_string<char, std::char_traits<char>, std::allocator<char> >, bool, long, unsigned long, double, std::allocator, nlohmann::adl_serializer, std::vector<unsigned char, std::allocator<unsigned char> > > >::~json_sax_dom_callback_parser()
 *fill*         0x0000000000010cda        0x6 
 .text._ZN8nlohmann10basic_jsonISt3mapSt6vectorNSt7__cxx1112basic_stringIcSt11char_traitsIcESaIcEEEblmdSaNS_14adl_serializerES2_IhSaIhEEE10json_valueC2ENS_6detail7value_tE
                0x0000000000010ce0      0x130 _build_vvtk_I03S-debug/utils.o
                0x0000000000010ce0                nlohmann::basic_json<std::map, std::vector, std::__cxx11::basic_string<char, std::char_traits<char>, std::allocator<char> >, bool, long, unsigned long, double, std::allocator, nlohmann::adl_serializer, std::vector<unsigned char, std::allocator<unsigned char> > >::json_value::json_value(nlohmann::detail::value_t)
                0x0000000000010ce0                nlohmann::basic_json<std::map, std::vector, std::__cxx11::basic_string<char, std::char_traits<char>, std::allocator<char> >, bool, long, unsigned long, double, std::allocator, nlohmann::adl_serializer, std::vector<unsigned char, std::allocator<unsigned char> > >::json_value::json_value(nlohmann::detail::value_t)
 .text._ZNSt6vectorIN8nlohmann10basic_jsonISt3mapS_NSt7__cxx1112basic_stringIcSt11char_traitsIcESaIcEEEblmdSaNS0_14adl_serializerES_IhSaIhEEEESaISC_EED2Ev
                0x0000000000010e10      0x12c _build_vvtk_I03S-debug/utils.o
                0x0000000000010e10                std::vector<nlohmann::basic_json<std::map, std::vector, std::__cxx11::basic_string<char, std::char_traits<char>, std::allocator<char> >, bool, long, unsigned long, double, std::allocator, nlohmann::adl_serializer, std::vector<unsigned char, std::allocator<unsigned char> > >, std::allocator<nlohmann::basic_json<std::map, std::vector, std::__cxx11::basic_string<char, std::char_traits<char>, std::allocator<char> >, bool, long, unsigned long, double, std::allocator, nlohmann::adl_serializer, std::vector<unsigned char, std::allocator<unsigned char> > > > >::~vector()
                0x0000000000010e10                std::vector<nlohmann::basic_json<std::map, std::vector, std::__cxx11::basic_string<char, std::char_traits<char>, std::allocator<char> >, bool, long, unsigned long, double, std::allocator, nlohmann::adl_serializer, std::vector<unsigned char, std::allocator<unsigned char> > >, std::allocator<nlohmann::basic_json<std::map, std::vector, std::__cxx11::basic_string<char, std::char_traits<char>, std::allocator<char> >, bool, long, unsigned long, double, std::allocator, nlohmann::adl_serializer, std::vector<unsigned char, std::allocator<unsigned char> > > > >::~vector()
 *fill*         0x0000000000010f3c        0x4 
 .text._ZN8nlohmann6detail10serializerINS_10basic_jsonISt3mapSt6vectorNSt7__cxx1112basic_stringIcSt11char_traitsIcESaIcEEEblmdSaNS_14adl_serializerES4_IhSaIhEEEEE12dump_escapedERKSA_b
                0x0000000000010f40      0xbbf _build_vvtk_I03S-debug/utils.o
                0x0000000000010f40                nlohmann::detail::serializer<nlohmann::basic_json<std::map, std::vector, std::__cxx11::basic_string<char, std::char_traits<char>, std::allocator<char> >, bool, long, unsigned long, double, std::allocator, nlohmann::adl_serializer, std::vector<unsigned char, std::allocator<unsigned char> > > >::dump_escaped(std::__cxx11::basic_string<char, std::char_traits<char>, std::allocator<char> > const&, bool)
 *fill*         0x0000000000011aff        0x1 
 .text._ZN8nlohmann6detail10serializerINS_10basic_jsonISt3mapSt6vectorNSt7__cxx1112basic_stringIcSt11char_traitsIcESaIcEEEblmdSaNS_14adl_serializerES4_IhSaIhEEEEE12dump_integerIhLi0EEEvT_
                0x0000000000011b00      0x1d3 _build_vvtk_I03S-debug/utils.o
                0x0000000000011b00                void nlohmann::detail::serializer<nlohmann::basic_json<std::map, std::vector, std::__cxx11::basic_string<char, std::char_traits<char>, std::allocator<char> >, bool, long, unsigned long, double, std::allocator, nlohmann::adl_serializer, std::vector<unsigned char, std::allocator<unsigned char> > > >::dump_integer<unsigned char, 0>(unsigned char)
 *fill*         0x0000000000011cd3        0xd 
 .text._ZN8nlohmann6detail10serializerINS_10basic_jsonISt3mapSt6vectorNSt7__cxx1112basic_stringIcSt11char_traitsIcESaIcEEEblmdSaNS_14adl_serializerES4_IhSaIhEEEEE12dump_integerImLi0EEEvT_
                0x0000000000011ce0      0x2a6 _build_vvtk_I03S-debug/utils.o
                0x0000000000011ce0                void nlohmann::detail::serializer<nlohmann::basic_json<std::map, std::vector, std::__cxx11::basic_string<char, std::char_traits<char>, std::allocator<char> >, bool, long, unsigned long, double, std::allocator, nlohmann::adl_serializer, std::vector<unsigned char, std::allocator<unsigned char> > > >::dump_integer<unsigned long, 0>(unsigned long)
 *fill*         0x0000000000011f86        0xa 
 .text._ZNK8nlohmann6detail5lexerINS_10basic_jsonISt3mapSt6vectorNSt7__cxx1112basic_stringIcSt11char_traitsIcESaIcEEEblmdSaNS_14adl_serializerES4_IhSaIhEEEENS0_22iterator_input_adapterIN9__gnu_cxx17__normal_iteratorIPKcSA_EEEEE16get_token_stringEv
                0x0000000000011f90      0x188 _build_vvtk_I03S-debug/utils.o
                0x0000000000011f90                nlohmann::detail::lexer<nlohmann::basic_json<std::map, std::vector, std::__cxx11::basic_string<char, std::char_traits<char>, std::allocator<char> >, bool, long, unsigned long, double, std::allocator, nlohmann::adl_serializer, std::vector<unsigned char, std::allocator<unsigned char> > >, nlohmann::detail::iterator_input_adapter<__gnu_cxx::__normal_iterator<char const*, std::__cxx11::basic_string<char, std::char_traits<char>, std::allocator<char> > > > >::get_token_string() const
 *fill*         0x0000000000012118        0x8 
 .text._ZN8nlohmann6detail6parserINS_10basic_jsonISt3mapSt6vectorNSt7__cxx1112basic_stringIcSt11char_traitsIcESaIcEEEblmdSaNS_14adl_serializerES4_IhSaIhEEEENS0_22iterator_input_adapterIN9__gnu_cxx17__normal_iteratorIPKcSA_EEEEE17exception_messageENS0_10lexer_baseISE_E10token_typeERKSA_
                0x0000000000012120      0x92a _build_vvtk_I03S-debug/utils.o
                0x0000000000012120                nlohmann::detail::parser<nlohmann::basic_json<std::map, std::vector, std::__cxx11::basic_string<char, std::char_traits<char>, std::allocator<char> >, bool, long, unsigned long, double, std::allocator, nlohmann::adl_serializer, std::vector<unsigned char, std::allocator<unsigned char> > >, nlohmann::detail::iterator_input_adapter<__gnu_cxx::__normal_iterator<char const*, std::__cxx11::basic_string<char, std::char_traits<char>, std::allocator<char> > > > >::exception_message(nlohmann::detail::lexer_base<nlohmann::basic_json<std::map, std::vector, std::__cxx11::basic_string<char, std::char_traits<char>, std::allocator<char> >, bool, long, unsigned long, double, std::allocator, nlohmann::adl_serializer, std::vector<unsigned char, std::allocator<unsigned char> > > >::token_type, std::__cxx11::basic_string<char, std::char_traits<char>, std::allocator<char> > const&)
 *fill*         0x0000000000012a4a        0x6 
 .text._ZNSt6vectorINSt7__cxx1112basic_stringIcSt11char_traitsIcESaIcEEESaIS5_EE17_M_realloc_insertIJS5_EEEvN9__gnu_cxx17__normal_iteratorIPS5_S7_EEDpOT_
                0x0000000000012a50      0x26e _build_vvtk_I03S-debug/utils.o
                0x0000000000012a50                void std::vector<std::__cxx11::basic_string<char, std::char_traits<char>, std::allocator<char> >, std::allocator<std::__cxx11::basic_string<char, std::char_traits<char>, std::allocator<char> > > >::_M_realloc_insert<std::__cxx11::basic_string<char, std::char_traits<char>, std::allocator<char> > >(__gnu_cxx::__normal_iterator<std::__cxx11::basic_string<char, std::char_traits<char>, std::allocator<char> >*, std::vector<std::__cxx11::basic_string<char, std::char_traits<char>, std::allocator<char> >, std::allocator<std::__cxx11::basic_string<char, std::char_traits<char>, std::allocator<char> > > > >, std::__cxx11::basic_string<char, std::char_traits<char>, std::allocator<char> >&&)
 *fill*         0x0000000000012cbe        0x2 
 .text._ZNSt7__cxx1112basic_stringIcSt11char_traitsIcESaIcEE12_M_constructIPcEEvT_S7_St20forward_iterator_tag
                0x0000000000012cc0       0xd0 _build_vvtk_I03S-debug/utils.o
                0x0000000000012cc0                void std::__cxx11::basic_string<char, std::char_traits<char>, std::allocator<char> >::_M_construct<char*>(char*, char*, std::forward_iterator_tag)
 .text._ZNSt6vectorIbSaIbEE9push_backEb
                0x0000000000012d90       0x64 _build_vvtk_I03S-debug/utils.o
                0x0000000000012d90                std::vector<bool, std::allocator<bool> >::push_back(bool)
 *fill*         0x0000000000012df4        0xc 
 .text._ZN8nlohmann6detail12out_of_range6createINS_10basic_jsonISt3mapSt6vectorNSt7__cxx1112basic_stringIcSt11char_traitsIcESaIcEEEblmdSaNS_14adl_serializerES5_IhSaIhEEEEEES1_iRKSB_RKT_
                0x0000000000012e00      0x3a9 _build_vvtk_I03S-debug/utils.o
                0x0000000000012e00                nlohmann::detail::out_of_range nlohmann::detail::out_of_range::create<nlohmann::basic_json<std::map, std::vector, std::__cxx11::basic_string<char, std::char_traits<char>, std::allocator<char> >, bool, long, unsigned long, double, std::allocator, nlohmann::adl_serializer, std::vector<unsigned char, std::allocator<unsigned char> > > >(int, std::__cxx11::basic_string<char, std::char_traits<char>, std::allocator<char> > const&, nlohmann::basic_json<std::map, std::vector, std::__cxx11::basic_string<char, std::char_traits<char>, std::allocator<char> >, bool, long, unsigned long, double, std::allocator, nlohmann::adl_serializer, std::vector<unsigned char, std::allocator<unsigned char> > > const&)
 *fill*         0x00000000000131a9        0x7 
 .text._ZN8nlohmann10basic_jsonISt3mapSt6vectorNSt7__cxx1112basic_stringIcSt11char_traitsIcESaIcEEEblmdSaNS_14adl_serializerES2_IhSaIhEEEC2ERKSC_
                0x00000000000131b0      0x478 _build_vvtk_I03S-debug/utils.o
                0x00000000000131b0                nlohmann::basic_json<std::map, std::vector, std::__cxx11::basic_string<char, std::char_traits<char>, std::allocator<char> >, bool, long, unsigned long, double, std::allocator, nlohmann::adl_serializer, std::vector<unsigned char, std::allocator<unsigned char> > >::basic_json(nlohmann::basic_json<std::map, std::vector, std::__cxx11::basic_string<char, std::char_traits<char>, std::allocator<char> >, bool, long, unsigned long, double, std::allocator, nlohmann::adl_serializer, std::vector<unsigned char, std::allocator<unsigned char> > > const&)
                0x00000000000131b0                nlohmann::basic_json<std::map, std::vector, std::__cxx11::basic_string<char, std::char_traits<char>, std::allocator<char> >, bool, long, unsigned long, double, std::allocator, nlohmann::adl_serializer, std::vector<unsigned char, std::allocator<unsigned char> > >::basic_json(nlohmann::basic_json<std::map, std::vector, std::__cxx11::basic_string<char, std::char_traits<char>, std::allocator<char> >, bool, long, unsigned long, double, std::allocator, nlohmann::adl_serializer, std::vector<unsigned char, std::allocator<unsigned char> > > const&)
 *fill*         0x0000000000013628        0x8 
 .text._ZN8nlohmann6detail28json_sax_dom_callback_parserINS_10basic_jsonISt3mapSt6vectorNSt7__cxx1112basic_stringIcSt11char_traitsIcESaIcEEEblmdSaNS_14adl_serializerES4_IhSaIhEEEEE9end_arrayEv
                0x0000000000013630      0x1c3 _build_vvtk_I03S-debug/utils.o
                0x0000000000013630                nlohmann::detail::json_sax_dom_callback_parser<nlohmann::basic_json<std::map, std::vector, std::__cxx11::basic_string<char, std::char_traits<char>, std::allocator<char> >, bool, long, unsigned long, double, std::allocator, nlohmann::adl_serializer, std::vector<unsigned char, std::allocator<unsigned char> > > >::end_array()
 *fill*         0x00000000000137f3        0xd 
 .text._ZNSt8_Rb_treeINSt7__cxx1112basic_stringIcSt11char_traitsIcESaIcEEESt4pairIKS5_N8nlohmann10basic_jsonISt3mapSt6vectorS5_blmdSaNS8_14adl_serializerESB_IhSaIhEEEEESt10_Select1stISG_ESt4lessIvESaISG_EE7_M_copyILb0ENSM_11_Alloc_nodeEEEPSt13_Rb_tree_nodeISG_ESR_PSt18_Rb_tree_node_baseRT0_.isra.0
                0x0000000000013800      0x367 _build_vvtk_I03S-debug/utils.o
 *fill*         0x0000000000013b67        0x9 
 .text._ZNSt13_Bvector_baseISaIbEE13_M_deallocateEv
                0x0000000000013b70       0x43 _build_vvtk_I03S-debug/utils.o
                0x0000000000013b70                std::_Bvector_base<std::allocator<bool> >::_M_deallocate()
 *fill*         0x0000000000013bb3        0xd 
 .text._ZN8nlohmann10basic_jsonISt3mapSt6vectorNSt7__cxx1112basic_stringIcSt11char_traitsIcESaIcEEEblmdSaNS_14adl_serializerES2_IhSaIhEEE5eraseINS_6detail9iter_implISC_EELi0EEET_SH_
                0x0000000000013bc0      0x5f6 _build_vvtk_I03S-debug/utils.o
                0x0000000000013bc0                nlohmann::detail::iter_impl<nlohmann::basic_json<std::map, std::vector, std::__cxx11::basic_string<char, std::char_traits<char>, std::allocator<char> >, bool, long, unsigned long, double, std::allocator, nlohmann::adl_serializer, std::vector<unsigned char, std::allocator<unsigned char> > > > nlohmann::basic_json<std::map, std::vector, std::__cxx11::basic_string<char, std::char_traits<char>, std::allocator<char> >, bool, long, unsigned long, double, std::allocator, nlohmann::adl_serializer, std::vector<unsigned char, std::allocator<unsigned char> > >::erase<nlohmann::detail::iter_impl<nlohmann::basic_json<std::map, std::vector, std::__cxx11::basic_string<char, std::char_traits<char>, std::allocator<char> >, bool, long, unsigned long, double, std::allocator, nlohmann::adl_serializer, std::vector<unsigned char, std::allocator<unsigned char> > > >, 0>(nlohmann::detail::iter_impl<nlohmann::basic_json<std::map, std::vector, std::__cxx11::basic_string<char, std::char_traits<char>, std::allocator<char> >, bool, long, unsigned long, double, std::allocator, nlohmann::adl_serializer, std::vector<unsigned char, std::allocator<unsigned char> > > >)
 *fill*         0x00000000000141b6        0xa 
 .text._ZN8nlohmann6detail28json_sax_dom_callback_parserINS_10basic_jsonISt3mapSt6vectorNSt7__cxx1112basic_stringIcSt11char_traitsIcESaIcEEEblmdSaNS_14adl_serializerES4_IhSaIhEEEEE10end_objectEv
                0x00000000000141c0      0x425 _build_vvtk_I03S-debug/utils.o
                0x00000000000141c0                nlohmann::detail::json_sax_dom_callback_parser<nlohmann::basic_json<std::map, std::vector, std::__cxx11::basic_string<char, std::char_traits<char>, std::allocator<char> >, bool, long, unsigned long, double, std::allocator, nlohmann::adl_serializer, std::vector<unsigned char, std::allocator<unsigned char> > > >::end_object()
 *fill*         0x00000000000145e5        0xb 
 .text._ZN8nlohmann6detail28json_sax_dom_callback_parserINS_10basic_jsonISt3mapSt6vectorNSt7__cxx1112basic_stringIcSt11char_traitsIcESaIcEEEblmdSaNS_14adl_serializerES4_IhSaIhEEEEE12handle_valueIRdEESt4pairIbPSE_EOT_b
                0x00000000000145f0      0x341 _build_vvtk_I03S-debug/utils.o
                0x00000000000145f0                std::pair<bool, nlohmann::basic_json<std::map, std::vector, std::__cxx11::basic_string<char, std::char_traits<char>, std::allocator<char> >, bool, long, unsigned long, double, std::allocator, nlohmann::adl_serializer, std::vector<unsigned char, std::allocator<unsigned char> > >*> nlohmann::detail::json_sax_dom_callback_parser<nlohmann::basic_json<std::map, std::vector, std::__cxx11::basic_string<char, std::char_traits<char>, std::allocator<char> >, bool, long, unsigned long, double, std::allocator, nlohmann::adl_serializer, std::vector<unsigned char, std::allocator<unsigned char> > > >::handle_value<double&>(double&, bool)
 *fill*         0x0000000000014931        0xf 
 .text._ZN8nlohmann6detail28json_sax_dom_callback_parserINS_10basic_jsonISt3mapSt6vectorNSt7__cxx1112basic_stringIcSt11char_traitsIcESaIcEEEblmdSaNS_14adl_serializerES4_IhSaIhEEEEE12handle_valueIRbEESt4pairIbPSE_EOT_b
                0x0000000000014940      0x361 _build_vvtk_I03S-debug/utils.o
                0x0000000000014940                std::pair<bool, nlohmann::basic_json<std::map, std::vector, std::__cxx11::basic_string<char, std::char_traits<char>, std::allocator<char> >, bool, long, unsigned long, double, std::allocator, nlohmann::adl_serializer, std::vector<unsigned char, std::allocator<unsigned char> > >*> nlohmann::detail::json_sax_dom_callback_parser<nlohmann::basic_json<std::map, std::vector, std::__cxx11::basic_string<char, std::char_traits<char>, std::allocator<char> >, bool, long, unsigned long, double, std::allocator, nlohmann::adl_serializer, std::vector<unsigned char, std::allocator<unsigned char> > > >::handle_value<bool&>(bool&, bool)
 *fill*         0x0000000000014ca1        0xf 
 .text._ZN8nlohmann6detail28json_sax_dom_callback_parserINS_10basic_jsonISt3mapSt6vectorNSt7__cxx1112basic_stringIcSt11char_traitsIcESaIcEEEblmdSaNS_14adl_serializerES4_IhSaIhEEEEE12handle_valueIDnEESt4pairIbPSE_EOT_b
                0x0000000000014cb0      0x331 _build_vvtk_I03S-debug/utils.o
                0x0000000000014cb0                std::pair<bool, nlohmann::basic_json<std::map, std::vector, std::__cxx11::basic_string<char, std::char_traits<char>, std::allocator<char> >, bool, long, unsigned long, double, std::allocator, nlohmann::adl_serializer, std::vector<unsigned char, std::allocator<unsigned char> > >*> nlohmann::detail::json_sax_dom_callback_parser<nlohmann::basic_json<std::map, std::vector, std::__cxx11::basic_string<char, std::char_traits<char>, std::allocator<char> >, bool, long, unsigned long, double, std::allocator, nlohmann::adl_serializer, std::vector<unsigned char, std::allocator<unsigned char> > > >::handle_value<decltype(nullptr)>(decltype(nullptr)&&, bool)
 *fill*         0x0000000000014fe1        0xf 
 .text._ZN8nlohmann6detail28json_sax_dom_callback_parserINS_10basic_jsonISt3mapSt6vectorNSt7__cxx1112basic_stringIcSt11char_traitsIcESaIcEEEblmdSaNS_14adl_serializerES4_IhSaIhEEEEE12handle_valueIRlEESt4pairIbPSE_EOT_b
                0x0000000000014ff0      0x351 _build_vvtk_I03S-debug/utils.o
                0x0000000000014ff0                std::pair<bool, nlohmann::basic_json<std::map, std::vector, std::__cxx11::basic_string<char, std::char_traits<char>, std::allocator<char> >, bool, long, unsigned long, double, std::allocator, nlohmann::adl_serializer, std::vector<unsigned char, std::allocator<unsigned char> > >*> nlohmann::detail::json_sax_dom_callback_parser<nlohmann::basic_json<std::map, std::vector, std::__cxx11::basic_string<char, std::char_traits<char>, std::allocator<char> >, bool, long, unsigned long, double, std::allocator, nlohmann::adl_serializer, std::vector<unsigned char, std::allocator<unsigned char> > > >::handle_value<long&>(long&, bool)
 *fill*         0x0000000000015341        0xf 
 .text._ZN8nlohmann6detail28json_sax_dom_callback_parserINS_10basic_jsonISt3mapSt6vectorNSt7__cxx1112basic_stringIcSt11char_traitsIcESaIcEEEblmdSaNS_14adl_serializerES4_IhSaIhEEEEE12handle_valueIRSA_EESt4pairIbPSE_EOT_b
                0x0000000000015350      0x399 _build_vvtk_I03S-debug/utils.o
                0x0000000000015350                std::pair<bool, nlohmann::basic_json<std::map, std::vector, std::__cxx11::basic_string<char, std::char_traits<char>, std::allocator<char> >, bool, long, unsigned long, double, std::allocator, nlohmann::adl_serializer, std::vector<unsigned char, std::allocator<unsigned char> > >*> nlohmann::detail::json_sax_dom_callback_parser<nlohmann::basic_json<std::map, std::vector, std::__cxx11::basic_string<char, std::char_traits<char>, std::allocator<char> >, bool, long, unsigned long, double, std::allocator, nlohmann::adl_serializer, std::vector<unsigned char, std::allocator<unsigned char> > > >::handle_value<std::__cxx11::basic_string<char, std::char_traits<char>, std::allocator<char> >&>(std::__cxx11::basic_string<char, std::char_traits<char>, std::allocator<char> >&, bool)
 *fill*         0x00000000000156e9        0x7 
 .text._ZN8nlohmann6detail28json_sax_dom_callback_parserINS_10basic_jsonISt3mapSt6vectorNSt7__cxx1112basic_stringIcSt11char_traitsIcESaIcEEEblmdSaNS_14adl_serializerES4_IhSaIhEEEEE12handle_valueIRmEESt4pairIbPSE_EOT_b
                0x00000000000156f0      0x341 _build_vvtk_I03S-debug/utils.o
                0x00000000000156f0                std::pair<bool, nlohmann::basic_json<std::map, std::vector, std::__cxx11::basic_string<char, std::char_traits<char>, std::allocator<char> >, bool, long, unsigned long, double, std::allocator, nlohmann::adl_serializer, std::vector<unsigned char, std::allocator<unsigned char> > >*> nlohmann::detail::json_sax_dom_callback_parser<nlohmann::basic_json<std::map, std::vector, std::__cxx11::basic_string<char, std::char_traits<char>, std::allocator<char> >, bool, long, unsigned long, double, std::allocator, nlohmann::adl_serializer, std::vector<unsigned char, std::allocator<unsigned char> > > >::handle_value<unsigned long&>(unsigned long&, bool)
 *fill*         0x0000000000015a31        0xf 
 .text._ZNSt8_Rb_treeINSt7__cxx1112basic_stringIcSt11char_traitsIcESaIcEEESt4pairIKS5_N8nlohmann10basic_jsonISt3mapSt6vectorS5_blmdSaNS8_14adl_serializerESB_IhSaIhEEEEESt10_Select1stISG_ESt4lessIvESaISG_EE24_M_get_insert_unique_posERS7_
                0x0000000000015a40      0x170 _build_vvtk_I03S-debug/utils.o
                0x0000000000015a40                std::_Rb_tree<std::__cxx11::basic_string<char, std::char_traits<char>, std::allocator<char> >, std::pair<std::__cxx11::basic_string<char, std::char_traits<char>, std::allocator<char> > const, nlohmann::basic_json<std::map, std::vector, std::__cxx11::basic_string<char, std::char_traits<char>, std::allocator<char> >, bool, long, unsigned long, double, std::allocator, nlohmann::adl_serializer, std::vector<unsigned char, std::allocator<unsigned char> > > >, std::_Select1st<std::pair<std::__cxx11::basic_string<char, std::char_traits<char>, std::allocator<char> > const, nlohmann::basic_json<std::map, std::vector, std::__cxx11::basic_string<char, std::char_traits<char>, std::allocator<char> >, bool, long, unsigned long, double, std::allocator, nlohmann::adl_serializer, std::vector<unsigned char, std::allocator<unsigned char> > > > >, std::less<void>, std::allocator<std::pair<std::__cxx11::basic_string<char, std::char_traits<char>, std::allocator<char> > const, nlohmann::basic_json<std::map, std::vector, std::__cxx11::basic_string<char, std::char_traits<char>, std::allocator<char> >, bool, long, unsigned long, double, std::allocator, nlohmann::adl_serializer, std::vector<unsigned char, std::allocator<unsigned char> > > > > >::_M_get_insert_unique_pos(std::__cxx11::basic_string<char, std::char_traits<char>, std::allocator<char> > const&)
 .text._ZNSt8_Rb_treeINSt7__cxx1112basic_stringIcSt11char_traitsIcESaIcEEESt4pairIKS5_N8nlohmann10basic_jsonISt3mapSt6vectorS5_blmdSaNS8_14adl_serializerESB_IhSaIhEEEEESt10_Select1stISG_ESt4lessIvESaISG_EE17_M_emplace_uniqueIJS5_SF_EEES6_ISt17_Rb_tree_iteratorISG_EbEDpOT_
                0x0000000000015bb0      0x2d9 _build_vvtk_I03S-debug/utils.o
                0x0000000000015bb0                std::pair<std::_Rb_tree_iterator<std::pair<std::__cxx11::basic_string<char, std::char_traits<char>, std::allocator<char> > const, nlohmann::basic_json<std::map, std::vector, std::__cxx11::basic_string<char, std::char_traits<char>, std::allocator<char> >, bool, long, unsigned long, double, std::allocator, nlohmann::adl_serializer, std::vector<unsigned char, std::allocator<unsigned char> > > > >, bool> std::_Rb_tree<std::__cxx11::basic_string<char, std::char_traits<char>, std::allocator<char> >, std::pair<std::__cxx11::basic_string<char, std::char_traits<char>, std::allocator<char> > const, nlohmann::basic_json<std::map, std::vector, std::__cxx11::basic_string<char, std::char_traits<char>, std::allocator<char> >, bool, long, unsigned long, double, std::allocator, nlohmann::adl_serializer, std::vector<unsigned char, std::allocator<unsigned char> > > >, std::_Select1st<std::pair<std::__cxx11::basic_string<char, std::char_traits<char>, std::allocator<char> > const, nlohmann::basic_json<std::map, std::vector, std::__cxx11::basic_string<char, std::char_traits<char>, std::allocator<char> >, bool, long, unsigned long, double, std::allocator, nlohmann::adl_serializer, std::vector<unsigned char, std::allocator<unsigned char> > > > >, std::less<void>, std::allocator<std::pair<std::__cxx11::basic_string<char, std::char_traits<char>, std::allocator<char> > const, nlohmann::basic_json<std::map, std::vector, std::__cxx11::basic_string<char, std::char_traits<char>, std::allocator<char> >, bool, long, unsigned long, double, std::allocator, nlohmann::adl_serializer, std::vector<unsigned char, std::allocator<unsigned char> > > > > >::_M_emplace_unique<std::__cxx11::basic_string<char, std::char_traits<char>, std::allocator<char> >, nlohmann::basic_json<std::map, std::vector, std::__cxx11::basic_string<char, std::char_traits<char>, std::allocator<char> >, bool, long, unsigned long, double, std::allocator, nlohmann::adl_serializer, std::vector<unsigned char, std::allocator<unsigned char> > > >(std::__cxx11::basic_string<char, std::char_traits<char>, std::allocator<char> >&&, nlohmann::basic_json<std::map, std::vector, std::__cxx11::basic_string<char, std::char_traits<char>, std::allocator<char> >, bool, long, uns