
Discarded input sections

 .note.GNU-stack
                0x0000000000000000        0x0 /home/it/Downloads/webRTC/cross-compile/rts39xx_sdk_v5.0.1/toolchain/asdk-10.3.1-a7-EL-5.4-u1.0-a32nh-220218/bin/../lib/gcc/arm-linux-uclibcgnueabi/10.3.1/../../../../arm-linux-uclibcgnueabi/lib/crt1.o
 .note.GNU-stack
                0x0000000000000000        0x0 /home/it/Downloads/webRTC/cross-compile/rts39xx_sdk_v5.0.1/toolchain/asdk-10.3.1-a7-EL-5.4-u1.0-a32nh-220218/bin/../lib/gcc/arm-linux-uclibcgnueabi/10.3.1/../../../../arm-linux-uclibcgnueabi/lib/crti.o
 .note.GNU-stack
                0x0000000000000000        0x0 /home/it/Downloads/webRTC/cross-compile/rts39xx_sdk_v5.0.1/toolchain/asdk-10.3.1-a7-EL-5.4-u1.0-a32nh-220218/bin/../lib/gcc/arm-linux-uclibcgnueabi/10.3.1/crtbegin.o
 .debug_info    0x0000000000000000     0x4d87 _build_vvtk/ak.o
 .debug_abbrev  0x0000000000000000      0x5b9 _build_vvtk/ak.o
 .debug_loc     0x0000000000000000     0x3fd7 _build_vvtk/ak.o
 .debug_aranges
                0x0000000000000000       0x28 _build_vvtk/ak.o
 .debug_ranges  0x0000000000000000      0xdb0 _build_vvtk/ak.o
 .debug_line    0x0000000000000000     0x22a7 _build_vvtk/ak.o
 .debug_str     0x0000000000000000     0x204f _build_vvtk/ak.o
 .note.GNU-stack
                0x0000000000000000        0x0 _build_vvtk/ak.o
 .debug_frame   0x0000000000000000      0x5ac _build_vvtk/ak.o
 .debug_info    0x0000000000000000      0xc3a _build_vvtk/message.o
 .debug_abbrev  0x0000000000000000      0x2c9 _build_vvtk/message.o
 .debug_loc     0x0000000000000000      0x1dd _build_vvtk/message.o
 .debug_aranges
                0x0000000000000000       0x20 _build_vvtk/message.o
 .debug_line    0x0000000000000000      0x665 _build_vvtk/message.o
 .debug_str     0x0000000000000000      0x57e _build_vvtk/message.o
 .note.GNU-stack
                0x0000000000000000        0x0 _build_vvtk/message.o
 .debug_frame   0x0000000000000000       0xb8 _build_vvtk/message.o
 .debug_info    0x0000000000000000     0x1708 _build_vvtk/timer.o
 .debug_abbrev  0x0000000000000000      0x59e _build_vvtk/timer.o
 .debug_loc     0x0000000000000000      0x42e _build_vvtk/timer.o
 .debug_aranges
                0x0000000000000000       0x20 _build_vvtk/timer.o
 .debug_line    0x0000000000000000      0xb0c _build_vvtk/timer.o
 .debug_str     0x0000000000000000      0xebf _build_vvtk/timer.o
 .note.GNU-stack
                0x0000000000000000        0x0 _build_vvtk/timer.o
 .debug_frame   0x0000000000000000      0x100 _build_vvtk/timer.o
 .debug_info    0x0000000000000000      0x914 _build_vvtk/fsm.o
 .debug_abbrev  0x0000000000000000      0x1e3 _build_vvtk/fsm.o
 .debug_loc     0x0000000000000000       0x4a _build_vvtk/fsm.o
 .debug_aranges
                0x0000000000000000       0x20 _build_vvtk/fsm.o
 .debug_line    0x0000000000000000      0x3f7 _build_vvtk/fsm.o
 .debug_str     0x0000000000000000      0x3cd _build_vvtk/fsm.o
 .note.GNU-stack
                0x0000000000000000        0x0 _build_vvtk/fsm.o
 .debug_frame   0x0000000000000000       0x20 _build_vvtk/fsm.o
 .debug_info    0x0000000000000000      0xa83 _build_vvtk/tsm.o
 .debug_abbrev  0x0000000000000000      0x25e _build_vvtk/tsm.o
 .debug_loc     0x0000000000000000      0x1b3 _build_vvtk/tsm.o
 .debug_aranges
                0x0000000000000000       0x20 _build_vvtk/tsm.o
 .debug_line    0x0000000000000000      0x4c9 _build_vvtk/tsm.o
 .debug_str     0x0000000000000000      0x4a3 _build_vvtk/tsm.o
 .note.GNU-stack
                0x0000000000000000        0x0 _build_vvtk/tsm.o
 .debug_frame   0x0000000000000000       0x60 _build_vvtk/tsm.o
 .debug_info    0x0000000000000000      0xa9e _build_vvtk/sys_dbg.o
 .debug_abbrev  0x0000000000000000      0x28c _build_vvtk/sys_dbg.o
 .debug_loc     0x0000000000000000       0x9d _build_vvtk/sys_dbg.o
 .debug_aranges
                0x0000000000000000       0x20 _build_vvtk/sys_dbg.o
 .debug_line    0x0000000000000000      0x5c0 _build_vvtk/sys_dbg.o
 .debug_str     0x0000000000000000      0x443 _build_vvtk/sys_dbg.o
 .note.GNU-stack
                0x0000000000000000        0x0 _build_vvtk/sys_dbg.o
 .debug_frame   0x0000000000000000       0x48 _build_vvtk/sys_dbg.o
 .debug_info    0x0000000000000000     0x1f13 _build_vvtk/app.o
 .debug_abbrev  0x0000000000000000      0x3fb _build_vvtk/app.o
 .debug_loc     0x0000000000000000       0x25 _build_vvtk/app.o
 .debug_aranges
                0x0000000000000000       0x20 _build_vvtk/app.o
 .debug_line    0x0000000000000000      0x706 _build_vvtk/app.o
 .debug_str     0x0000000000000000      0xef6 _build_vvtk/app.o
 .note.GNU-stack
                0x0000000000000000        0x0 _build_vvtk/app.o
 .debug_frame   0x0000000000000000       0x44 _build_vvtk/app.o
 .debug_line    0x0000000000000000        0x0 _build_vvtk/app_config.o
 .debug_str     0x0000000000000000       0xe1 _build_vvtk/app_config.o
 .note.GNU-stack
                0x0000000000000000        0x0 _build_vvtk/app_config.o
[...]
Memory Configuration

Name             Origin             Length             Attributes
*default*        0x0000000000000000 0xffffffffffffffff

Linker script and memory map

LOAD /home/it/Downloads/webRTC/cross-compile/rts39xx_sdk_v5.0.1/toolchain/asdk-10.3.1-a7-EL-5.4-u1.0-a32nh-220218/bin/../lib/gcc/arm-linux-uclibcgnueabi/10.3.1/../../../../arm-linux-uclibcgnueabi/lib/crt1.o
LOAD /home/it/Downloads/webRTC/cross-compile/rts39xx_sdk_v5.0.1/toolchain/asdk-10.3.1-a7-EL-5.4-u1.0-a32nh-220218/bin/../lib/gcc/arm-linux-uclibcgnueabi/10.3.1/../../../../arm-linux-uclibcgnueabi/lib/crti.o
LOAD /home/it/Downloads/webRTC/cross-compile/rts39xx_sdk_v5.0.1/toolchain/asdk-10.3.1-a7-EL-5.4-u1.0-a32nh-220218/bin/../lib/gcc/arm-linux-uclibcgnueabi/10.3.1/crtbegin.o
LOAD _build_vvtk/ak.o
LOAD _build_vvtk/message.o
LOAD _build_vvtk/timer.o
LOAD _build_vvtk/fsm.o
LOAD _build_vvtk/tsm.o
LOAD _build_vvtk/sys_dbg.o
LOAD _build_vvtk/app.o
LOAD _build_vvtk/app_config.o
LOAD _build_vvtk/app_data.o
LOAD _build_vvtk/task_list.o
LOAD _build_vvtk/task_webrtc.o
LOAD _build_vvtk/cmd_line.o
LOAD _build_vvtk/jsmn.o
LOAD _build_vvtk/firmware.o
LOAD _build_vvtk/utils.o
LOAD _build_vvtk/fifo.o
LOAD _build_vvtk/STUNExternalIP.o
LOAD sources/libraries/mp4v2/lib/libmp4v2.a
LOAD sources/libraries/arm_rts/lib/libmosquittopp.a
LOAD sources/libraries/arm_rts/lib/libmosquitto.a
LOAD sources/libraries/arm_rts/libdatachannel/lib/libdatachannel.a
LOAD sources/libraries/arm_rts/libdatachannel/lib/libjuice.a
LOAD sources/libraries/arm_rts/libdatachannel/lib/libsrtp2.a
LOAD sources/libraries/arm_rts/libdatachannel/lib/libusrsctp.a
LOAD sources/libraries/arm_rts/lib/libRTMP.a
LOAD sources/libraries/arm_rts/lib/librtmp.a
LOAD sources/libraries/arm_rts/lib/libFPTHmac.a
LOAD sources/libraries/arm_rts/lib/libs3.a
LOAD /home/it/Downloads/webRTC/cross-compile/rts39xx_sdk_v5.0.1/toolchain/asdk-10.3.1-a7-EL-5.4-u1.0-a32nh-220218/bin/../lib/gcc/arm-linux-uclibcgnueabi/10.3.1/../../../../arm-linux-uclibcgnueabi/lib/libpthread.a
LOAD /home/it/Downloads/webRTC/cross-compile/rts39xx_sdk_v5.0.1/toolchain/asdk-10.3.1-a7-EL-5.4-u1.0-a32nh-220218/bin/../lib/gcc/arm-linux-uclibcgnueabi/10.3.1/../../../../arm-linux-uclibcgnueabi/lib/librt.a
LOAD sources/libraries/arm_rts/lib/libcurl.so
LOAD sources/libraries/arm_rts/lib/libcrypto.so
LOAD sources/libraries/arm_rts/lib/libssl.so
LOAD /home/it/Downloads/webRTC/cross-compile/rts39xx_sdk_v5.0.1/toolchain/asdk-10.3.1-a7-EL-5.4-u1.0-a32nh-220218/bin/../lib/gcc/arm-linux-uclibcgnueabi/10.3.1/../../../../arm-linux-uclibcgnueabi/lib/libm.a
LOAD sources/libraries/libvvtk/lib/libvvtkhal.so
LOAD /home/it/Downloads/webRTC/cross-compile/rts39xx_sdk_v5.0.1/toolchain/asdk-10.3.1-a7-EL-5.4-u1.0-a32nh-220218/bin/../lib/gcc/arm-linux-uclibcgnueabi/10.3.1/../../../../arm-linux-uclibcgnueabi/lib/libstdc++.so
LOAD /home/it/Downloads/webRTC/cross-compile/rts39xx_sdk_v5.0.1/toolchain/asdk-10.3.1-a7-EL-5.4-u1.0-a32nh-220218/bin/../lib/gcc/arm-linux-uclibcgnueabi/10.3.1/../../../../arm-linux-uclibcgnueabi/lib/libm.a
LOAD /home/it/Downloads/webRTC/cross-compile/rts39xx_sdk_v5.0.1/toolchain/asdk-10.3.1-a7-EL-5.4-u1.0-a32nh-220218/bin/../lib/gcc/arm-linux-uclibcgnueabi/10.3.1/../../../../arm-linux-uclibcgnueabi/lib/libgcc_s.so
START GROUP
LOAD /home/it/Downloads/webRTC/cross-compile/rts39xx_sdk_v5.0.1/toolchain/asdk-10.3.1-a7-EL-5.4-u1.0-a32nh-220218/bin/../lib/gcc/arm-linux-uclibcgnueabi/10.3.1/../../../../arm-linux-uclibcgnueabi/lib/libgcc_s.so.1
LOAD /home/it/Downloads/webRTC/cross-compile/rts39xx_sdk_v5.0.1/toolchain/asdk-10.3.1-a7-EL-5.4-u1.0-a32nh-220218/bin/../lib/gcc/arm-linux-uclibcgnueabi/10.3.1/libgcc.a
END GROUP
LOAD /home/it/Downloads/webRTC/cross-compile/rts39xx_sdk_v5.0.1/toolchain/asdk-10.3.1-a7-EL-5.4-u1.0-a32nh-220218/bin/../lib/gcc/arm-linux-uclibcgnueabi/10.3.1/libgcc.a
LOAD /home/it/Downloads/webRTC/cross-compile/rts39xx_sdk_v5.0.1/toolchain/asdk-10.3.1-a7-EL-5.4-u1.0-a32nh-220218/bin/../lib/gcc/arm-linux-uclibcgnueabi/10.3.1/../../../../arm-linux-uclibcgnueabi/lib/libc.so
START GROUP
LOAD /home/it/Downloads/webRTC/cross-compile/rts39xx_sdk_v5.0.1/toolchain/asdk-10.3.1-a7-EL-5.4-u1.0-a32nh-220218/bin/../lib/gcc/arm-linux-uclibcgnueabi/10.3.1/../../../../arm-linux-uclibcgnueabi/lib/libc.so.1
LOAD /home/it/Downloads/webRTC/cross-compile/rts39xx_sdk_v5.0.1/toolchain/asdk-10.3.1-a7-EL-5.4-u1.0-a32nh-220218/bin/../lib/gcc/arm-linux-uclibcgnueabi/10.3.1/../../../../arm-linux-uclibcgnueabi/lib/uclibc_nonshared.a
LOAD /home/it/Downloads/webRTC/cross-compile/rts39xx_sdk_v5.0.1/toolchain/asdk-10.3.1-a7-EL-5.4-u1.0-a32nh-220218/bin/../lib/gcc/arm-linux-uclibcgnueabi/10.3.1/../../../../arm-linux-uclibcgnueabi/lib/libpthread_nonshared.a
LOAD /home/it/Downloads/webRTC/cross-compile/rts39xx_sdk_v5.0.1/toolchain/asdk-10.3.1-a7-EL-5.4-u1.0-a32nh-220218/bin/../lib/gcc/arm-linux-uclibcgnueabi/10.3.1/../../../../arm-linux-uclibcgnueabi/lib/ld-uClibc.so.1
END GROUP
LOAD /home/it/Downloads/webRTC/cross-compile/rts39xx_sdk_v5.0.1/toolchain/asdk-10.3.1-a7-EL-5.4-u1.0-a32nh-220218/bin/../lib/gcc/arm-linux-uclibcgnueabi/10.3.1/../../../../arm-linux-uclibcgnueabi/lib/libgcc_s.so
START GROUP
LOAD /home/it/Downloads/webRTC/cross-compile/rts39xx_sdk_v5.0.1/toolchain/asdk-10.3.1-a7-EL-5.4-u1.0-a32nh-220218/bin/../lib/gcc/arm-linux-uclibcgnueabi/10.3.1/../../../../arm-linux-uclibcgnueabi/lib/libgcc_s.so.1
LOAD /home/it/Downloads/webRTC/cross-compile/rts39xx_sdk_v5.0.1/toolchain/asdk-10.3.1-a7-EL-5.4-u1.0-a32nh-220218/bin/../lib/gcc/arm-linux-uclibcgnueabi/10.3.1/libgcc.a
END GROUP
LOAD /home/it/Downloads/webRTC/cross-compile/rts39xx_sdk_v5.0.1/toolchain/asdk-10.3.1-a7-EL-5.4-u1.0-a32nh-220218/bin/../lib/gcc/arm-linux-uclibcgnueabi/10.3.1/libgcc.a
LOAD /home/it/Downloads/webRTC/cross-compile/rts39xx_sdk_v5.0.1/toolchain/asdk-10.3.1-a7-EL-5.4-u1.0-a32nh-220218/bin/../lib/gcc/arm-linux-uclibcgnueabi/10.3.1/crtend.o
LOAD /home/it/Downloads/webRTC/cross-compile/rts39xx_sdk_v5.0.1/toolchain/asdk-10.3.1-a7-EL-5.4-u1.0-a32nh-220218/bin/../lib/gcc/arm-linux-uclibcgnueabi/10.3.1/../../../../arm-linux-uclibcgnueabi/lib/crtn.o
                [!provide]                        PROVIDE (__executable_start = SEGMENT_START ("text-segment", 0x10000))
                0x0000000000010154                . = (SEGMENT_START ("text-segment", 0x10000) + SIZEOF_HEADERS)

.interp         0x0000000000010154       0x14
 *(.interp)
 .interp        0x0000000000010154       0x14 /home/it/Downloads/webRTC/cross-compile/rts39xx_sdk_v5.0.1/toolchain/asdk-10.3.1-a7-EL-5.4-u1.0-a32nh-220218/bin/../lib/gcc/arm-linux-uclibcgnueabi/10.3.1/../../../../arm-linux-uclibcgnueabi/lib/crt1.o

.note.gnu.build-id
                0x0000000000010168       0x24
 *(.note.gnu.build-id)
 .note.gnu.build-id
                0x0000000000010168       0x24 linker stubs

.hash           0x000000000001018c      0x4c4
 *(.hash)
 .hash          0x000000000001018c      0x4c4 /home/it/Downloads/webRTC/cross-compile/rts39xx_sdk_v5.0.1/toolchain/asdk-10.3.1-a7-EL-5.4-u1.0-a32nh-220218/bin/../lib/gcc/arm-linux-uclibcgnueabi/10.3.1/../../../../arm-linux-uclibcgnueabi/lib/crt1.o

.gnu.hash       0x0000000000010650      0x52c
 *(.gnu.hash)
 .gnu.hash      0x0000000000010650      0x52c /home/it/Downloads/webRTC/cross-compile/rts39xx_sdk_v5.0.1/toolchain/asdk-10.3.1-a7-EL-5.4-u1.0-a32nh-220218/bin/../lib/gcc/arm-linux-uclibcgnueabi/10.3.1/../../../../arm-linux-uclibcgnueabi/lib/crt1.o

.dynsym         0x0000000000010b7c      0xac0
 *(.dynsym)
 .dynsym        0x0000000000010b7c      0xac0 /home/it/Downloads/webRTC/cross-compile/rts39xx_sdk_v5.0.1/toolchain/asdk-10.3.1-a7-EL-5.4-u1.0-a32nh-220218/bin/../lib/gcc/arm-linux-uclibcgnueabi/10.3.1/../../../../arm-linux-uclibcgnueabi/lib/crt1.o

.dynstr         0x000000000001163c     0x107a
 *(.dynstr)
 .dynstr        0x000000000001163c     0x107a /home/it/Downloads/webRTC/cross-compile/rts39xx_sdk_v5.0.1/toolchain/asdk-10.3.1-a7-EL-5.4-u1.0-a32nh-220218/bin/../lib/gcc/arm-linux-uclibcgnueabi/10.3.1/../../../../arm-linux-uclibcgnueabi/lib/crt1.o

.gnu.version    0x00000000000126b6      0x158
 *(.gnu.version)
 .gnu.version   0x00000000000126b6      0x158 /home/it/Downloads/webRTC/cross-compile/rts39xx_sdk_v5.0.1/toolchain/asdk-10.3.1-a7-EL-5.4-u1.0-a32nh-220218/bin/../lib/gcc/arm-linux-uclibcgnueabi/10.3.1/../../../../arm-linux-uclibcgnueabi/lib/crt1.o

.gnu.version_d  0x0000000000012810        0x0
 *(.gnu.version_d)
 .gnu.version_d
                0x0000000000012810        0x0 /home/it/Downloads/webRTC/cross-compile/rts39xx_sdk_v5.0.1/toolchain/asdk-10.3.1-a7-EL-5.4-u1.0-a32nh-220218/bin/../lib/gcc/arm-linux-uclibcgnueabi/10.3.1/../../../../arm-linux-uclibcgnueabi/lib/crt1.o

.gnu.version_r  0x0000000000012810       0xc0
 *(.gnu.version_r)
 .gnu.version_r
                0x0000000000012810       0xc0 /home/it/Downloads/webRTC/cross-compile/rts39xx_sdk_v5.0.1/toolchain/asdk-10.3.1-a7-EL-5.4-u1.0-a32nh-220218/bin/../lib/gcc/arm-linux-uclibcgnueabi/10.3.1/../../../../arm-linux-uclibcgnueabi/lib/crt1.o

.rel.dyn        0x00000000000128d0       0x48
 *(.rel.init)
 *(.rel.text .rel.text.* .rel.gnu.linkonce.t.*)
 *(.rel.fini)
 *(.rel.rodata .rel.rodata.* .rel.gnu.linkonce.r.*)
 *(.rel.data.rel.ro .rel.data.rel.ro.* .rel.gnu.linkonce.d.rel.ro.*)
 .rel.data.rel.ro
                0x00000000000128d0       0x40 /home/it/Downloads/webRTC/cross-compile/rts39xx_sdk_v5.0.1/toolchain/asdk-10.3.1-a7-EL-5.4-u1.0-a32nh-220218/bin/../lib/gcc/arm-linux-uclibcgnueabi/10.3.1/../../../../arm-linux-uclibcgnueabi/lib/crt1.o
 *(.rel.data .rel.data.* .rel.gnu.linkonce.d.*)
 *(.rel.tdata .rel.tdata.* .rel.gnu.linkonce.td.*)
 *(.rel.tbss .rel.tbss.* .rel.gnu.linkonce.tb.*)
 *(.rel.ctors)
 *(.rel.dtors)
 *(.rel.got)
 .rel.got       0x0000000000012910        0x8 /home/it/Downloads/webRTC/cross-compile/rts39xx_sdk_v5.0.1/toolchain/asdk-10.3.1-a7-EL-5.4-u1.0-a32nh-220218/bin/../lib/gcc/arm-linux-uclibcgnueabi/10.3.1/../../../../arm-linux-uclibcgnueabi/lib/crt1.o
 *(.rel.bss .rel.bss.* .rel.gnu.linkonce.b.*)
 .rel.bss       0x0000000000012918        0x0 /home/it/Downloads/webRTC/cross-compile/rts39xx_sdk_v5.0.1/toolchain/asdk-10.3.1-a7-EL-5.4-u1.0-a32nh-220218/bin/../lib/gcc/arm-linux-uclibcgnueabi/10.3.1/../../../../arm-linux-uclibcgnueabi/lib/crt1.o
                [!provide]                        PROVIDE (__rel_iplt_start = .)
 *(.rel.iplt)
 .rel.iplt      0x0000000000012918        0x0 /home/it/Downloads/webRTC/cross-compile/rts39xx_sdk_v5.0.1/toolchain/asdk-10.3.1-a7-EL-5.4-u1.0-a32nh-220218/bin/../lib/gcc/arm-linux-uclibcgnueabi/10.3.1/../../../../arm-linux-uclibcgnueabi/lib/crt1.o
                [!provide]                        PROVIDE (__rel_iplt_end = .)

.rela.dyn       0x0000000000012918        0x0
 *(.rela.init)
 *(.rela.text .rela.text.* .rela.gnu.linkonce.t.*)
 *(.rela.fini)
 *(.rela.rodata .rela.rodata.* .rela.gnu.linkonce.r.*)
 *(.rela.data .rela.data.* .rela.gnu.linkonce.d.*)
 *(.rela.tdata .rela.tdata.* .rela.gnu.linkonce.td.*)
 *(.rela.tbss .rela.tbss.* .rela.gnu.linkonce.tb.*)
 *(.rela.ctors)
 *(.rela.dtors)
 *(.rela.got)
 *(.rela.bss .rela.bss.* .rela.gnu.linkonce.b.*)
                [!provide]                        PROVIDE (__rela_iplt_start = .)
 *(.rela.iplt)
                [!provide]                        PROVIDE (__rela_iplt_end = .)

.rel.plt        0x0000000000012918      0x4d0
 *(.rel.plt)
 .rel.plt       0x0000000000012918      0x4d0 /home/it/Downloads/webRTC/cross-compile/rts39xx_sdk_v5.0.1/toolchain/asdk-10.3.1-a7-EL-5.4-u1.0-a32nh-220218/bin/../lib/gcc/arm-linux-uclibcgnueabi/10.3.1/../../../../arm-linux-uclibcgnueabi/lib/crt1.o

.rela.plt
 *(.rela.plt)

.init           0x0000000000012de8       0x10
 *(SORT_NONE(.init))
 .init          0x0000000000012de8        0xc /home/it/Downloads/webRTC/cross-compile/rts39xx_sdk_v5.0.1/toolchain/asdk-10.3.1-a7-EL-5.4-u1.0-a32nh-220218/bin/../lib/gcc/arm-linux-uclibcgnueabi/10.3.1/../../../../arm-linux-uclibcgnueabi/lib/crti.o
                0x0000000000012de8                _init
 .init          0x0000000000012df4        0x4 /home/it/Downloads/webRTC/cross-compile/rts39xx_sdk_v5.0.1/toolchain/asdk-10.3.1-a7-EL-5.4-u1.0-a32nh-220218/bin/../lib/gcc/arm-linux-uclibcgnueabi/10.3.1/../../../../arm-linux-uclibcgnueabi/lib/crtn.o

.plt            0x0000000000012df8      0x74c
 *(.plt)
 .plt           0x0000000000012df8      0x74c /home/it/Downloads/webRTC/cross-compile/rts39xx_sdk_v5.0.1/toolchain/asdk-10.3.1-a7-EL-5.4-u1.0-a32nh-220218/bin/../lib/gcc/arm-linux-uclibcgnueabi/10.3.1/../../../../arm-linux-uclibcgnueabi/lib/crt1.o
                0x0000000000012e0c                std::ostream::put(char)@@GLIBCXX_3.4
                0x0000000000012e18                pthread_cond_signal
                0x0000000000012e24                pthread_attr_setschedpolicy
                0x0000000000012e30                curl_easy_perform
                0x0000000000012e3c                operator new(unsigned int)@@GLIBCXX_3.4
                0x0000000000012e48                signal
                0x0000000000012e54                curl_easy_getinfo
                0x0000000000012e60                __aeabi_uldivmod@@GCC_3.5
                0x0000000000012e6c                strncpy
                0x0000000000012e78                execve
                0x0000000000012e84                exit
                0x0000000000012e90                std::_Rb_tree_insert_and_rebalance(bool, std::_Rb_tree_node_base*, std::_Rb_tree_node_base*, std::_Rb_tree_node_base&)@@GLIBCXX_3.4
                0x0000000000012e9c                strlen
                0x0000000000012ea8                __aeabi_atexit@@CXXABI_ARM_1.3.3
                0x0000000000012eb4                printf
                0x0000000000012ec0                std::basic_fstream<char, std::char_traits<char> >::~basic_fstream()@@GLIBCXX_3.4
                0x0000000000012ecc                std::basic_filebuf<char, std::char_traits<char> >::close()@@GLIBCXX_3.4
                0x0000000000012ed8                std::__basic_file<char>::is_open() const@@GLIBCXX_3.4
                0x0000000000012ee4                free
                0x0000000000012ef0                abort
                0x0000000000012efc                memmove
                0x0000000000012f08                freeaddrinfo
                0x0000000000012f14                std::terminate()@@GLIBCXX_3.4
                0x0000000000012f20                curl_easy_init
                0x0000000000012f2c                std::ios_base::ios_base()@@GLIBCXX_3.4
                0x0000000000012f38                fork
                0x0000000000012f44                std::ios_base::~ios_base()@@GLIBCXX_3.4
                0x0000000000012f50                pthread_create
                0x0000000000012f5c                std::__throw_bad_alloc()@@GLIBCXX_3.4
                0x0000000000012f68                curl_easy_strerror
                0x0000000000012f74                std::__throw_bad_function_call()@@GLIBCXX_3.4.14
                0x0000000000012f80                strtoull
                0x0000000000012f8c                std::runtime_error::runtime_error(char const*)@@GLIBCXX_3.4.21
                0x0000000000012f98                strtok
                0x0000000000012fa4                std::__cxx11::basic_string<char, std::char_traits<char>, std::allocator<char> >::_M_replace(unsigned int, unsigned int, char const*, unsigned int)@@GLIBCXX_3.4.21
                0x0000000000012fb0                __cxa_begin_catch@@CXXABI_1.3
                0x0000000000012fbc                std::__cxx11::basic_string<char, std::char_traits<char>, std::allocator<char> >::reserve(unsigned int)@@GLIBCXX_3.4.21
                0x0000000000012fc8                std::runtime_error::runtime_error(std::runtime_error const&)@@GLIBCXX_3.4.21
                0x0000000000012fd4                __cxa_allocate_exception@@CXXABI_1.3
                0x0000000000012fe0                __uClibc_main
                0x0000000000012fec                pthread_self
                0x0000000000012ff8                std::__throw_length_error(char const*)@@GLIBCXX_3.4
                0x0000000000013004                sleep
                0x0000000000013010                std::__cxx11::basic_string<char, std::char_traits<char>, std::allocator<char> >::basic_string(std::__cxx11::basic_string<char, std::char_traits<char>, std::allocator<char> >&&)@@GLIBCXX_3.4.21
                0x0000000000013028                snprintf
                0x0000000000013034                vsprintf
                0x0000000000013040                std::_Rb_tree_rebalance_for_erase(std::_Rb_tree_node_base*, std::_Rb_tree_node_base&)@@GLIBCXX_3.4
                0x000000000001304c                std::__throw_invalid_argument(char const*)@@GLIBCXX_3.4
                0x0000000000013058                std::__cxx11::basic_string<char, std::char_traits<char>, std::allocator<char> >::~basic_string()@@GLIBCXX_3.4.21
                0x0000000000013064                std::ostream::flush()@@GLIBCXX_3.4
                0x0000000000013070                strcmp
                0x000000000001307c                operator delete(void*, unsigned int)@@CXXABI_1.3.9
                0x0000000000013088                std::_Rb_tree_increment(std::_Rb_tree_node_base*)@@GLIBCXX_3.4
                0x0000000000013094                std::__throw_logic_error(char const*)@@GLIBCXX_3.4
                0x00000000000130a0                __cxa_free_exception@@CXXABI_1.3
                0x00000000000130ac                pthread_mutex_unlock
                0x00000000000130b8                std::__cxx11::basic_string<char, std::char_traits<char>, std::allocator<char> >::insert(unsigned int, char const*)@@GLIBCXX_3.4.21
                0x00000000000130c4                pthread_attr_init
                0x00000000000130d0                OPENSSL_config
                0x00000000000130dc                memset
                0x00000000000130e8                std::__cxx11::basic_string<char, std::char_traits<char>, std::allocator<char> >::push_back(char)@@GLIBCXX_3.4.21
                0x00000000000130f4                read
                0x0000000000013100                std::basic_filebuf<char, std::char_traits<char> >::open(char const*, std::_Ios_Openmode)@@GLIBCXX_3.4
                0x000000000001310c                fopen
                0x0000000000013118                __pthread_key_create
                0x0000000000013124                pthread_cond_init
                0x0000000000013130                strcpy
                0x000000000001313c                __errno_location
                0x0000000000013148                curl_easy_cleanup
                0x0000000000013154                time
                0x0000000000013160                fwrite
                0x000000000001316c                pthread_mutex_lock
                0x0000000000013178                std::__cxx11::basic_string<char, std::char_traits<char>, std::allocator<char> >::_M_append(char const*, unsigned int)@@GLIBCXX_3.4.21
                0x0000000000013184                memcmp
                0x0000000000013190                std::runtime_error::~runtime_error()@@GLIBCXX_3.4
                0x000000000001319c                std::__cxx11::basic_string<char, std::char_traits<char>, std::allocator<char> >::_M_construct(unsigned int, char)@@GLIBCXX_3.4.21
                0x00000000000131a8                std::type_info::operator==(std::type_info const&) const@@GLIBCXX_3.4
                0x00000000000131b4                std::basic_filebuf<char, std::char_traits<char> >::basic_filebuf()@@GLIBCXX_3.4
                0x00000000000131c0                std::_Rb_tree_decrement(std::_Rb_tree_node_base*)@@GLIBCXX_3.4
                0x00000000000131cc                fsync
                0x00000000000131d8                strftime
                0x00000000000131e4                __cxa_end_cleanup@@CXXABI_1.3
                0x00000000000131f0                strtod
                0x00000000000131fc                strtol
                0x0000000000013208                timer_settime
                0x0000000000013214                std::ctype<char>::_M_widen_init() const@@GLIBCXX_3.4.11
                0x0000000000013220                malloc
                0x000000000001322c                std::_Rb_tree_increment(std::_Rb_tree_node_base const*)@@GLIBCXX_3.4
                0x0000000000013238                gettimeofday
                0x0000000000013244                pread
                0x0000000000013250                calloc
                0x000000000001325c                pthread_cond_wait
                0x0000000000013268                rand
                0x0000000000013274                srand
                0x0000000000013280                localeconv
                0x000000000001328c                std::__throw_bad_cast()@@GLIBCXX_3.4
                0x0000000000013298                fstat
                0x00000000000132a4                memcpy
                0x00000000000132b0                usleep
                0x00000000000132bc                std::basic_ostream<char, std::char_traits<char> >& std::__ostream_insert<char, std::char_traits<char> >(std::basic_ostream<char, std::char_traits<char> >&, char const*, int)@@GLIBCXX_3.4.9
                0x00000000000132c8                OPENSSL_init_crypto
                0x00000000000132d4                popen
                0x00000000000132e0                pclose
                0x00000000000132ec                timer_create
                0x00000000000132f8                strtoll
                0x0000000000013304                localtime
                0x0000000000013310                std::basic_ios<char, std::char_traits<char> >::init(std::basic_streambuf<char, std::char_traits<char> >*)@@GLIBCXX_3.4
                0x000000000001331c                waitpid
                0x0000000000013328                fileno
                0x0000000000013334                std::runtime_error::what() const@@GLIBCXX_3.4
                0x0000000000013340                std::locale::~locale()@@GLIBCXX_3.4
                0x000000000001334c                curl_easy_setopt
                0x0000000000013364                std::__throw_out_of_range(char const*)@@GLIBCXX_3.4
                0x0000000000013370                closedir
                0x000000000001337c                __cxa_rethrow@@CXXABI_1.3
                0x0000000000013388                sendto
                0x0000000000013394                std::__throw_out_of_range_fmt(char const*, ...)@@GLIBCXX_3.4.20
                0x00000000000133a0                open
                0x00000000000133ac                bind
                0x00000000000133b8                setsockopt
                0x00000000000133c4                std::ios_base::Init::Init()@@GLIBCXX_3.4
                0x00000000000133d0                socket
                0x00000000000133dc                opendir
                0x00000000000133e8                std::basic_filebuf<char, std::char_traits<char> >::~basic_filebuf()@@GLIBCXX_3.4
                0x00000000000133f4                access
                0x0000000000013400                sprintf
                0x000000000001340c                std::__cxx11::basic_string<char, std::char_traits<char>, std::allocator<char> >::resize(unsigned int, char)@@GLIBCXX_3.4.21
                0x0000000000013418                fclose
                0x0000000000013424                __cxa_end_catch@@CXXABI_1.3
                0x0000000000013430                __gxx_personality_v0@@CXXABI_1.3
                0x000000000001343c                stat
                0x0000000000013448                readdir
                0x0000000000013454                close
                0x0000000000013460                fgets
                0x000000000001346c                pthread_attr_setschedparam
                0x0000000000013478                getaddrinfo
                0x0000000000013484                std::basic_ios<char, std::char_traits<char> >::clear(std::_Ios_Iostate)@@GLIBCXX_3.4
                0x0000000000013490                std::__cxx11::basic_string<char, std::char_traits<char>, std::allocator<char> >::find(char const*, unsigned int, unsigned int) const@@GLIBCXX_3.4.21
                0x000000000001349c                __cxa_throw@@CXXABI_1.3
                0x00000000000134a8                std::__cxx11::basic_string<char, std::char_traits<char>, std::allocator<char> >::_M_create(unsigned int&, unsigned int)@@GLIBCXX_3.4.21
                0x00000000000134b4                std::__cxx11::basic_string<char, std::char_traits<char>, std::allocator<char> >::rfind(char, unsigned int) const@@GLIBCXX_3.4.21
                0x00000000000134c0                pthread_join
                0x00000000000134cc                std::exception::~exception()@@GLIBCXX_3.4
                0x00000000000134d8                std::__basic_file<char>::~__basic_file()@@GLIBCXX_3.4
                0x00000000000134e4                pthread_setname_np
                0x00000000000134f0                __assert
                0x00000000000134fc                system
                0x0000000000013508                std::__cxx11::basic_string<char, std::char_traits<char>, std::allocator<char> >::append(char const*)@@GLIBCXX_3.4.21
                0x0000000000013514                std::__cxx11::basic_string<char, std::char_traits<char>, std::allocator<char> >::_M_erase(unsigned int, unsigned int)@@GLIBCXX_3.4.21
                0x0000000000013520                strcat
                0x000000000001352c                std::__cxx11::basic_string<char, std::char_traits<char>, std::allocator<char> >::_M_mutate(unsigned int, unsigned int, char const*, unsigned int)@@GLIBCXX_3.4.21
                0x0000000000013538                std::ios_base::Init::~Init()@@GLIBCXX_3.4

.iplt           0x0000000000013544        0x0
 *(.iplt)
 .iplt          0x0000000000013544        0x0 /home/it/Downloads/webRTC/cross-compile/rts39xx_sdk_v5.0.1/toolchain/asdk-10.3.1-a7-EL-5.4-u1.0-a32nh-220218/bin/../lib/gcc/arm-linux-uclibcgnueabi/10.3.1/../../../../arm-linux-uclibcgnueabi/lib/crt1.o

.text           0x0000000000013548    0x1e630
 *(.text.unlikely .text.*_unlikely .text.unlikely.*)
 .text.unlikely
                0x0000000000013548      0x280 _build_vvtk/utils.o
 *(.text.exit .text.exit.*)
 *(.text.startup .text.startup.*)
 .text.startup  0x00000000000137c8      0x114 _build_vvtk/ak.o
                0x00000000000137c8                main
 .text.startup  0x00000000000138dc       0xbc _build_vvtk/task_webrtc.o
 .text.startup  0x0000000000013998       0x30 _build_vvtk/utils.o
 *(.text.hot .text.hot.*)
 *(SORT_BY_NAME(.text.sorted.*))
 *(.text .stub .text.* .gnu.linkonce.t.*)
 .text          0x00000000000139c8       0x3c /home/it/Downloads/webRTC/cross-compile/rts39xx_sdk_v5.0.1/toolchain/asdk-10.3.1-a7-EL-5.4-u1.0-a32nh-220218/bin/../lib/gcc/arm-linux-uclibcgnueabi/10.3.1/../../../../arm-linux-uclibcgnueabi/lib/crt1.o
                0x00000000000139c8                _start
 .text          0x0000000000013a04        0x0 /home/it/Downloads/webRTC/cross-compile/rts39xx_sdk_v5.0.1/toolchain/asdk-10.3.1-a7-EL-5.4-u1.0-a32nh-220218/bin/../lib/gcc/arm-linux-uclibcgnueabi/10.3.1/../../../../arm-linux-uclibcgnueabi/lib/crti.o
 .text          0x0000000000013a04       0xd8 /home/it/Downloads/webRTC/cross-compile/rts39xx_sdk_v5.0.1/toolchain/asdk-10.3.1-a7-EL-5.4-u1.0-a32nh-220218/bin/../lib/gcc/arm-linux-uclibcgnueabi/10.3.1/crtbegin.o
 *fill*         0x0000000000013adc        0x4 
 .text          0x0000000000013ae0     0x1c08 _build_vvtk/ak.o
                0x0000000000013ae0                wait_all_tasks_started()
                0x0000000000013b48                get_pure_msg()
                0x0000000000013be0                get_dynamic_msg()
                0x0000000000013c78                get_common_msg()
                0x0000000000013d10                ak_memcpy_msg(ak_msg_t*)
                0x0000000000014080                ak_msg_free(ak_msg_t*)
                0x000000000001409c                set_msg_sig(ak_msg_t*, unsigned int)
                0x00000000000140c0                set_msg_root_task_id(ak_msg_t*, unsigned int)
                0x00000000000140e4                set_msg_des_task_id(ak_msg_t*, unsigned int)
                0x0000000000014108                set_msg_src_task_id(ak_msg_t*, unsigned int)
                0x000000000001412c                set_if_des_task_id(ak_msg_t*, unsigned int)
                0x0000000000014150                set_if_src_task_id(ak_msg_t*, unsigned int)
                0x0000000000014174                set_if_des_type(ak_msg_t*, unsigned int)
                0x0000000000014198                set_if_src_type(ak_msg_t*, unsigned int)
                0x00000000000141bc                set_if_sig(ak_msg_t*, unsigned int)
                0x00000000000141e0                set_if_data_common_msg(ak_msg_t*, unsigned char*, unsigned int)
                0x0000000000014280                set_if_data_dynamic_msg(ak_msg_t*, unsigned char*, unsigned int)
                0x0000000000014304                set_data_common_msg(ak_msg_t*, unsigned char*, unsigned int)
                0x00000000000143a4                get_data_common_msg(ak_msg_t*, unsigned char*, unsigned int)
                0x000000000001440c                get_data_common_msg(ak_msg_t*)
                0x0000000000014480                get_data_len_common_msg(ak_msg_t*)
                0x00000000000144d4                set_data_dynamic_msg(ak_msg_t*, unsigned char*, unsigned int)
                0x0000000000014558                get_data_dynamic_msg(ak_msg_t*, unsigned char*, unsigned int)
                0x00000000000145c0                get_data_len_dynamic_msg(ak_msg_t*)
                0x0000000000014614                task_post(unsigned int, ak_msg_t*)
                0x00000000000146ac                task_post_pure_msg(unsigned int, unsigned int, unsigned int)
                0x00000000000147b8                task_post_pure_msg(unsigned int, unsigned int)
                0x00000000000148c0                task_post_common_msg(unsigned int, unsigned int, unsigned int, unsigned char*, unsigned int)
                0x0000000000014a38                task_post_common_msg(unsigned int, unsigned int, unsigned char*, unsigned int)
                0x0000000000014ba8                task_post_dynamic_msg(unsigned int, unsigned int, unsigned int, unsigned char*, unsigned int)
                0x0000000000014cf8                task_post_dynamic_msg(unsigned int, unsigned int, unsigned char*, unsigned int)
                0x0000000000014e40                task_root_post_pure_msg(unsigned int, unsigned int, unsigned int, unsigned int)
                0x0000000000014f50                task_root_post_pure_msg(unsigned int, unsigned int, unsigned int)
                0x0000000000015058                task_root_post_common_msg(unsigned int, unsigned int, unsigned int, unsigned int, unsigned char*, unsigned int)
                0x00000000000151d8                task_root_post_common_msg(unsigned int, unsigned int, unsigned int, unsigned char*, unsigned int)
                0x0000000000015358                task_root_post_dynamic_msg(unsigned int, unsigned int, unsigned int, unsigned int, unsigned char*, unsigned int)
                0x00000000000154b0                task_root_post_dynamic_msg(unsigned int, unsigned int, unsigned int, unsigned char*, unsigned int)
                0x0000000000015600                ak_msg_rev(unsigned int)
                0x0000000000015694                get_msg_type(ak_msg_t*)
                0x00000000000156a0                get_task_id()
 .text          0x00000000000156e8      0x1a0 _build_vvtk/message.o
                0x00000000000156e8                q_msg_init(q_msg_t*)
                0x0000000000015700                q_msg_put(q_msg_t*, ak_msg_t*)
                0x0000000000015764                q_msg_get(q_msg_t*)
                0x00000000000157cc                q_msg_free(ak_msg_t*)
                0x000000000001580c                q_msg_len(q_msg_t*)
                0x0000000000015850                q_msg_available(q_msg_t*)
 .text          0x0000000000015888      0x59c _build_vvtk/timer.o
                0x000000000001593c                timer_handler(sigval)
                0x00000000000159fc                timer_entry(void*)
                0x0000000000015a90                timer_set(unsigned int, unsigned int, unsigned int, unsigned int, timer_type_t)
                0x0000000000015c34                timer_set(unsigned int, unsigned int, unsigned int, timer_type_t)
                0x0000000000015dd8                timer_remove_attr(unsigned int, unsigned int)
                0x0000000000015e14                timer_stick_get()
 .text          0x0000000000015e24        0xc _build_vvtk/fsm.o
                0x0000000000015e24                fsm_dispatch(fsm_t*, ak_msg_t*)
 .text          0x0000000000015e30       0xc0 _build_vvtk/tsm.o
                0x0000000000015e30                tsm_init(tsm_tbl_t*, tsm_t**, unsigned char)
                0x0000000000015e64                tsm_dispatch(tsm_tbl_t*, ak_msg_t*)
                0x0000000000015ed4                tsm_tran(tsm_tbl_t*, unsigned char)
 .text          0x0000000000015ef0       0xb0 _build_vvtk/sys_dbg.o
                0x0000000000015ef0                sys_dbg_fatal(char const*, unsigned char)
                0x0000000000015f14                sys_dbg_get_time()
 .text          0x0000000000015fa0       0x48 _build_vvtk/app.o
                0x0000000000015fa0                exit_app(int)
                0x0000000000015fa8                task_init()
 .text          0x0000000000015fe8        0x0 _build_vvtk/app_config.o
 .text          0x0000000000015fe8        0x0 _build_vvtk/app_data.o
 .text          0x0000000000015fe8        0x0 _build_vvtk/task_list.o
 .text          0x0000000000015fe8       0x18 _build_vvtk/task_webrtc.o
                0x0000000000015fe8                gw_task_webrtc_entry(void*)
 .text._ZNSt7__cxx1112basic_stringIcSt11char_traitsIcESaIcEEC2IS3_EEPKcRKS3_
                0x0000000000016000       0xb0 _build_vvtk/task_webrtc.o
                0x0000000000016000                std::__cxx11::basic_string<char, std::char_traits<char>, std::allocator<char> >::basic_string<std::allocator<char> >(char const*, std::allocator<char> const&)
                0x0000000000016000                std::__cxx11::basic_string<char, std::char_traits<char>, std::allocator<char> >::basic_string<std::allocator<char> >(char const*, std::allocator<char> const&)
 .text          0x00000000000160b0      0x1f4 _build_vvtk/cmd_line.o
                0x00000000000160b0                cmd_line_parser
                0x00000000000161a0                cmd_str_parser
                0x0000000000016284                cmd_str_parser_get_attr
 .text          0x00000000000162a4      0x7a8 _build_vvtk/jsmn.o
                0x00000000000162a4                jsmn_parse(jsmn_parser*, char const*, unsigned int, jsmntok_t*, unsigned int)
                0x0000000000016a38                jsmn_init(jsmn_parser*)
 .text          0x0000000000016a4c        0x0 _build_vvtk/firmware.o
 .text          0x0000000000016a4c     0x4bfc _build_vvtk/utils.o
                0x0000000000016f84                get_mac_address[abi:cxx11]()
                0x0000000000017158                get_device_id[abi:cxx11]()
                0x000000000001728c                write_raw_file(std::__cxx11::basic_string<char, std::char_traits<char>, std::allocator<char> >, std::__cxx11::basic_string<char, std::char_traits<char>, std::allocator<char> > const&)
                0x00000000000172e8                read_raw_file(std::__cxx11::basic_string<char, std::char_traits<char>, std::allocator<char> >&, std::__cxx11::basic_string<char, std::char_traits<char>, std::allocator<char> > const&)
                0x0000000000017384                download_file(std::__cxx11::basic_string<char, std::char_traits<char>, std::allocator<char> > const&, std::__cxx11::basic_string<char, std::char_traits<char>, std::allocator<char> > const&, unsigned long)
                0x000000000001759c                download_file_with_data_req(std::__cxx11::basic_string<char, std::char_traits<char>, std::allocator<char> > const&, std::__cxx11::basic_string<char, std::char_traits<char>, std::allocator<char> > const&, std::__cxx11::basic_string<char, std::char_traits<char>, std::allocator<char> >&, unsigned long)
                0x00000000000177e4                erase_all_string(std::__cxx11::basic_string<char, std::char_traits<char>, std::allocator<char> >&, std::__cxx11::basic_string<char, std::char_traits<char>, std::allocator<char> >&)
                0x0000000000017884                replace_all_string(std::__cxx11::basic_string<char, std::char_traits<char>, std::allocator<char> >&, std::__cxx11::basic_string<char, std::char_traits<char>, std::allocator<char> >&, std::__cxx11::basic_string<char, std::char_traits<char>, std::allocator<char> >&)
                0x0000000000017914                bytetoHexChar(unsigned char, unsigned char*)
                0x0000000000017940                bytestoHexChars(unsigned char*, int, unsigned char*)
                0x00000000000179a0                hexChartoByte(unsigned char*, unsigned char*)
                0x0000000000017a18                hexCharsToBytes(unsigned char*, int, unsigned char*)
                0x0000000000017ad0                get_ip_address[abi:cxx11]()
                0x0000000000017cb4                get_usb_usage(char const*)
                0x0000000000017ef8                get_usb_remain(char const*)
                0x000000000001813c                check_usb_encrypted(char const*)
                0x0000000000018154                touch_full_file(char const*)
                0x00000000000181d0                check_file_exist(char const*)
                0x00000000000181e8                exec_prog(int, char const**)
                0x00000000000182d8                sizeOfFile(char const*)
                0x0000000000018310                systemCmd(char const*, ...)
                0x0000000000018358                safe_strcpy(char*, char const*, unsigned int)
                0x000000000001837c                getFileName(std::__cxx11::basic_string<char, std::char_traits<char>, std::allocator<char> > const&)
                0x000000000001847c                appendStringToFile(char const*, std::__cxx11::basic_string<char, std::char_traits<char>, std::allocator<char> >)
                0x000000000001a008                string_split(std::__cxx11::basic_string<char, std::char_traits<char>, std::allocator<char> >&, std::__cxx11::basic_string<char, std::char_traits<char>, std::allocator<char> >)
                0x000000000001a83c                get_list_music(char const*, nlohmann::basic_json<std::map, std::vector, std::__cxx11::basic_string<char, std::char_traits<char>, std::allocator<char> >, bool, long long, unsigned long long, double, std::allocator, nlohmann::adl_serializer, std::vector<unsigned char, std::allocator<unsigned char> > >&)
                0x000000000001abb0                write_json_file(nlohmann::basic_json<std::map, std::vector, std::__cxx11::basic_string<char, std::char_traits<char>, std::allocator<char> >, bool, long long, unsigned long long, double, std::allocator, nlohmann::adl_serializer, std::vector<unsigned char, std::allocator<unsigned char> > >, std::__cxx11::basic_string<char, std::char_traits<char>, std::allocator<char> > const&)
                0x000000000001ac68                read_json_file(nlohmann::basic_json<std::map, std::vector, std::__cxx11::basic_string<char, std::char_traits<char>, std::allocator<char> >, bool, long long, unsigned long long, double, std::allocator, nlohmann::adl_serializer, std::vector<unsigned char, std::allocator<unsigned char> > >&, std::__cxx11::basic_string<char, std::char_traits<char>, std::allocator<char> > const&)
                0x000000000001b06c                download_json(std::__cxx11::basic_string<char, std::char_traits<char>, std::allocator<char> > const&, nlohmann::basic_json<std::map, std::vector, std::__cxx11::basic_string<char, std::char_traits<char>, std::allocator<char> >, bool, long long, unsigned long long, double, std::allocator, nlohmann::adl_serializer, std::vector<unsigned char, std::allocator<unsigned char> > >&, unsigned long)
 .text._ZNKSt5ctypeIcE8do_widenEc
                0x000000000001b648        0x8 _build_vvtk/utils.o
                0x000000000001b648                std::ctype<char>::do_widen(char) const
 .text._ZN8nlohmann6detail21output_string_adapterIcNSt7__cxx1112basic_stringIcSt11char_traitsIcESaIcEEEED2Ev
                0x000000000001b650        0x4 _build_vvtk/utils.o
                0x000000000001b650                nlohmann::detail::output_string_adapter<char, std::__cxx11::basic_string<char, std::char_traits<char>, std::allocator<char> > >::~output_string_adapter()
                0x000000000001b650                nlohmann::detail::output_string_adapter<char, std::__cxx11::basic_string<char, std::char_traits<char>, std::allocator<char> > >::~output_string_adapter()
 .text._ZNSt23_Sp_counted_ptr_inplaceIN8nlohmann6detail21output_string_adapterIcNSt7__cxx1112basic_stringIcSt11char_traitsIcESaIcEEEEESaIS9_ELN9__gnu_cxx12_Lock_policyE2EED2Ev
                0x000000000001b654        0x4 _build_vvtk/utils.o
                0x000000000001b654                std::_Sp_counted_ptr_inplace<nlohmann::detail::output_string_adapter<char, std::__cxx11::basic_string<char, std::char_traits<char>, std::allocator<char> > >, std::allocator<nlohmann::detail::output_string_adapter<char, std::__cxx11::basic_string<char, std::char_traits<char>, std::allocator<char> > > >, (__gnu_cxx::_Lock_policy)2>::~_Sp_counted_ptr_inplace()
                0x000000000001b654                std::_Sp_counted_ptr_inplace<nlohmann::detail::output_string_adapter<char, std::__cxx11::basic_string<char, std::char_traits<char>, std::allocator<char> > >, std::allocator<nlohmann::detail::output_string_adapter<char, std::__cxx11::basic_string<char, std::char_traits<char>, std::allocator<char> > > >, (__gnu_cxx::_Lock_policy)2>::~_Sp_counted_ptr_inplace()
 .text._ZNSt23_Sp_counted_ptr_inplaceIN8nlohmann6detail21output_string_adapterIcNSt7__cxx1112basic_stringIcSt11char_traitsIcESaIcEEEEESaIS9_ELN9__gnu_cxx12_Lock_policyE2EE10_M_disposeEv
                0x000000000001b658       0x10 _build_vvtk/utils.o
                0x000000000001b658                std::_Sp_counted_ptr_inplace<nlohmann::detail::output_string_adapter<char, std::__cxx11::basic_string<char, std::char_traits<char>, std::allocator<char> > >, std::allocator<nlohmann::detail::output_string_adapter<char, std::__cxx11::basic_string<char, std::char_traits<char>, std::allocator<char> > > >, (__gnu_cxx::_Lock_policy)2>::_M_dispose()
 .text._ZNSt23_Sp_counted_ptr_inplaceIN8nlohmann6detail21output_string_adapterIcNSt7__cxx1112basic_stringIcSt11char_traitsIcESaIcEEEEESaIS9_ELN9__gnu_cxx12_Lock_policyE2EED0Ev
                0x000000000001b668       0x18 _build_vvtk/utils.o
                0x000000000001b668                std::_Sp_counted_ptr_inplace<nlohmann::detail::output_string_adapter<char, std::__cxx11::basic_string<char, std::char_traits<char>, std::allocator<char> > >, std::allocator<nlohmann::detail::output_string_adapter<char, std::__cxx11::basic_string<char, std::char_traits<char>, std::allocator<char> > > >, (__gnu_cxx::_Lock_policy)2>::~_Sp_counted_ptr_inplace()
 .text._ZN8nlohmann6detail21output_string_adapterIcNSt7__cxx1112basic_stringIcSt11char_traitsIcESaIcEEEED0Ev
                0x000000000001b680       0x18 _build_vvtk/utils.o
                0x000000000001b680                nlohmann::detail::output_string_adapter<char, std::__cxx11::basic_string<char, std::char_traits<char>, std::allocator<char> > >::~output_string_adapter()
 .text._ZNSt23_Sp_counted_ptr_inplaceIN8nlohmann6detail21output_string_adapterIcNSt7__cxx1112basic_stringIcSt11char_traitsIcESaIcEEEEESaIS9_ELN9__gnu_cxx12_Lock_policyE2EE10_M_destroyEv
                0x000000000001b698        0x8 _build_vvtk/utils.o
                0x000000000001b698                std::_Sp_counted_ptr_inplace<nlohmann::detail::output_string_adapter<char, std::__cxx11::basic_string<char, std::char_traits<char>, std::allocator<char> > >, std::allocator<nlohmann::detail::output_string_adapter<char, std::__cxx11::basic_string<char, std::char_traits<char>, std::allocator<char> > > >, (__gnu_cxx::_Lock_policy)2>::_M_destroy()
 .text._ZNSt23_Sp_counted_ptr_inplaceIN8nlohmann6detail21output_string_adapterIcNSt7__cxx1112basic_stringIcSt11char_traitsIcESaIcEEEEESaIS9_ELN9__gnu_cxx12_Lock_policyE2EE14_M_get_deleterERKSt9type_info
                0x000000000001b6a0       0x3c _build_vvtk/utils.o
                0x000000000001b6a0                std::_Sp_counted_ptr_inplace<nlohmann::detail::output_string_adapter<char, std::__cxx11::basic_string<char, std::char_traits<char>, std::allocator<char> > >, std::allocator<nlohmann::detail::output_string_adapter<char, std::__cxx11::basic_string<char, std::char_traits<char>, std::allocator<char> > > >, (__gnu_cxx::_Lock_policy)2>::_M_get_deleter(std::type_info const&)
 .text._ZN8nlohmann6detail21output_string_adapterIcNSt7__cxx1112basic_stringIcSt11char_traitsIcESaIcEEEE16write_charactersEPKcj
                0x000000000001b6dc       0x2c _build_vvtk/utils.o
                0x000000000001b6dc                nlohmann::detail::output_string_adapter<char, std::__cxx11::basic_string<char, std::char_traits<char>, std::allocator<char> > >::write_characters(char const*, unsigned int)
 .text._ZN8nlohmann6detail21output_string_adapterIcNSt7__cxx1112basic_stringIcSt11char_traitsIcESaIcEEEE15write_characterEc
                0x000000000001b708       0x74 _build_vvtk/utils.o
                0x000000000001b708                nlohmann::detail::output_string_adapter<char, std::__cxx11::basic_string<char, std::char_traits<char>, std::allocator<char> > >::write_character(char)
 .text._ZNSt7__cxx119to_stringEj
                0x000000000001b77c      0x19c _build_vvtk/utils.o
                0x000000000001b77c                std::__cxx11::to_string(unsigned int)
 .text._ZN8nlohmann6detail9exception4nameERKNSt7__cxx1112basic_stringIcSt11char_traitsIcESaIcEEEi
                0x000000000001b918      0x490 _build_vvtk/utils.o
                0x000000000001b918                nlohmann::detail::exception::name(std::__cxx11::basic_string<char, std::char_traits<char>, std::allocator<char> > const&, int)
 .text._ZZN8nlohmann10basic_jsonISt3mapSt6vectorNSt7__cxx1112basic_stringIcSt11char_traitsIcESaIcEEEbxydSaNS_14adl_serializerES2_IhSaIhEEEC4ESt16initializer_listINS_6detail8json_refISC_EEEbNSE_7value_tEENKUlRKSG_E_clESK_.constprop.0
                0x000000000001bda8       0x48 _build_vvtk/utils.o
 .text._ZStplIcSt11char_traitsIcESaIcEENSt7__cxx1112basic_stringIT_T0_T1_EEOS8_S9_
                0x000000000001bdf0      0x118 _build_vvtk/utils.o
                0x000000000001bdf0                std::__cxx11::basic_string<char, std::char_traits<char>, std::allocator<char> > std::operator+<char, std::char_traits<char>, std::allocator<char> >(std::__cxx11::basic_string<char, std::char_traits<char>, std::allocator<char> >&&, std::__cxx11::basic_string<char, std::char_traits<char>, std::allocator<char> >&&)
 .text._ZN8nlohmann6detail10serializerINS_10basic_jsonISt3mapSt6vectorNSt7__cxx1112basic_stringIcSt11char_traitsIcESaIcEEEbxydSaNS_14adl_serializerES4_IhSaIhEEEEED2Ev
                0x000000000001bf08       0xe4 _build_vvtk/utils.o
                0x000000000001bf08                nlohmann::detail::serializer<nlohmann::basic_json<std::map, std::vector, std::__cxx11::basic_string<char, std::char_traits<char>, std::allocator<char> >, bool, long long, unsigned long long, double, std::allocator, nlohmann::adl_serializer, std::vector<unsigned char, std::allocator<unsigned char> > > >::~serializer()
                0x000000000001bf08                nlohmann::detail::serializer<nlohmann::basic_json<std::map, std::vector, std::__cxx11::basic_string<char, std::char_traits<char>, std::allocator<char> >, bool, long long, unsigned long long, double, std::allocator, nlohmann::adl_serializer, std::vector<unsigned char, std::allocator<unsigned char> > > >::~serializer()
 .text._ZN8nlohmann10basic_jsonISt3mapSt6vectorNSt7__cxx1112basic_stringIcSt11char_traitsIcESaIcEEEbxydSaNS_14adl_serializerES2_IhSaIhEEEaSESC_
                0x000000000001bfec      0x154 _build_vvtk/utils.o
                0x000000000001bfec                nlohmann::basic_json<std::map, std::vector, std::__cxx11::basic_string<char, std::char_traits<char>, std::allocator<char> >, bool, long long, unsigned long long, double, std::allocator, nlohmann::adl_serializer, std::vector<unsigned char, std::allocator<unsigned char> > >::operator=(nlohmann::basic_json<std::map, std::vector, std::__cxx11::basic_string<char, std::char_traits<char>, std::allocator<char> >, bool, long long, unsigned long long, double, std::allocator, nlohmann::adl_serializer, std::vector<unsigned char, std::allocator<unsigned char> > >)
 .text._ZNSt16_Sp_counted_baseILN9__gnu_cxx12_Lock_policyE2EE10_M_releaseEv
                0x000000000001c140       0xc4 _build_vvtk/utils.o
                0x000000000001c140                std::_Sp_counted_base<(__gnu_cxx::_Lock_policy)2>::_M_release()
 .text._ZNSt8functionIFbiN8nlohmann6detail13parse_event_tERNS0_10basic_jsonISt3mapSt6vectorNSt7__cxx1112basic_stringIcSt11char_traitsIcESaIcEEEbxydSaNS0_14adl_serializerES5_IhSaIhEEEEEEC2ERKSI_
                0x000000000001c204       0x60 _build_vvtk/utils.o
                0x000000000001c204                std::function<bool (int, nlohmann::detail::parse_event_t, nlohmann::basic_json<std::map, std::vector, std::__cxx11::basic_string<char, std::char_traits<char>, std::allocator<char> >, bool, long long, unsigned long long, double, std::allocator, nlohmann::adl_serializer, std::vector<unsigned char, std::allocator<unsigned char> > >&)>::function(std::function<bool (int, nlohmann::detail::parse_event_t, nlohmann::basic_json<std::map, std::vector, std::__cxx11::basic_string<char, std::char_traits<char>, std::allocator<char> >, bool, long long, unsigned long long, double, std::allocator, nlohmann::adl_serializer, std::vector<unsigned char, std::allocator<unsigned char> > >&)> const&)
                0x000000000001c204                std::function<bool (int, nlohmann::detail::parse_event_t, nlohmann::basic_json<std::map, std::vector, std::__cxx11::basic_string<char, std::char_traits<char>, std::allocator<char> >, bool, long long, unsigned long long, double, std::allocator, nlohmann::adl_serializer, std::vector<unsigned char, std::allocator<unsigned char> > >&)>::function(std::function<bool (int, nlohmann::detail::parse_event_t, nlohmann::basic_json<std::map, std::vector, std::__cxx11::basic_string<char, std::char_traits<char>, std::allocator<char> >, bool, long long, unsigned long long, double, std::allocator, nlohmann::adl_serializer, std::vector<unsigned char, std::allocator<unsigned char> > >&)> const&)
 .text._ZN8nlohmann10basic_jsonISt3mapSt6vectorNSt7__cxx1112basic_stringIcSt11char_traitsIcESaIcEEEbxydSaNS_14adl_serializerES2_IhSaIhEEEC2EOSC_
                0x000000000001c264      0x170 _build_vvtk/utils.o
                0x000000000001c264                nlohmann::basic_json<std::map, std::vector, std::__cxx11::basic_string<char, std::char_traits<char>, std::allocator<char> >, bool, long long, unsigned long long, double, std::allocator, nlohmann::adl_serializer, std::vector<unsigned char, std::allocator<unsigned char> > >::basic_json(nlohmann::basic_json<std::map, std::vector, std::__cxx11::basic_string<char, std::char_traits<char>, std::allocator<char> >, bool, long long, unsigned long long, double, std::allocator, nlohmann::adl_serializer, std::vector<unsigned char, std::allocator<unsigned char> > >&&)
                0x000000000001c264                nlohmann::basic_json<std::map, std::vector, std::__cxx11::basic_string<char, std::char_traits<char>, std::allocator<char> >, bool, long long, unsigned long long, double, std::allocator, nlohmann::adl_serializer, std::vector<unsigned char, std::allocator<unsigned char> > >::basic_json(nlohmann::basic_json<std::map, std::vector, std::__cxx11::basic_string<char, std::char_traits<char>, std::allocator<char> >, bool, long long, unsigned long long, double, std::allocator, nlohmann::adl_serializer, std::vector<unsigned char, std::allocator<unsigned char> > >&&)
 .text._ZNSt6vectorINSt7__cxx1112basic_stringIcSt11char_traitsIcESaIcEEESaIS5_EE17_M_realloc_insertIJRKS5_EEEvN9__gnu_cxx17__normal_iteratorIPS5_S7_EEDpOT_
                0x000000000001c3d4      0x338 _build_vvtk/utils.o
                0x000000000001c3d4                void std::vector<std::__cxx11::basic_string<char, std::char_traits<char>, std::allocator<char> >, std::allocator<std::__cxx11::basic_string<char, std::char_traits<char>, std::allocator<char> > > >::_M_realloc_insert<std::__cxx11::basic_string<char, std::char_traits<char>, std::allocator<char> > const&>(__gnu_cxx::__normal_iterator<std::__cxx11::basic_string<char, std::char_traits<char>, std::allocator<char> >*, std::vector<std::__cxx11::basic_string<char, std::char_traits<char>, std::allocator<char> >, std::allocator<std::__cxx11::basic_string<char, std::char_traits<char>, std::allocator<char> > > > >, std::__cxx11::basic_string<char, std::char_traits<char>, std::allocator<char> > const&)
 .text._ZNK8nlohmann6detail5lexerINS_10basic_jsonISt3mapSt6vectorNSt7__cxx1112basic_stringIcSt11char_traitsIcESaIcEEEbxydSaNS_14adl_serializerES4_IhSaIhEEEENS0_22iterator_input_adapterIPKcEEE16get_token_stringEv
                0x000000000001c70c      0x134 _build_vvtk/utils.o
                0x000000000001c70c                nlohmann::detail::lexer<nlohmann::basic_json<std::map, std::vector, std::__cxx11::basic_string<char, std::char_traits<char>, std::allocator<char> >, bool, long long, unsigned long long, double, std::allocator, nlohmann::adl_serializer, std::vector<unsigned char, std::allocator<unsigned char> > >, nlohmann::detail::iterator_input_adapter<char const*> >::get_token_string() const
 .text._ZN8nlohmann6detail6parserINS_10basic_jsonISt3mapSt6vectorNSt7__cxx1112basic_stringIcSt11char_traitsIcESaIcEEEbxydSaNS_14adl_serializerES4_IhSaIhEEEENS0_22iterator_input_adapterIPKcEEE17exception_messageENS0_10lexer_baseISE_E10token_typeERKSA_
                0x000000000001c840      0x594 _build_vvtk/utils.o
                0x000000000001c840                nlohmann::detail::parser<nlohmann::basic_json<std::map, std::vector, std::__cxx11::basic_string<char, std::char_traits<char>, std::allocator<char> >, bool, long long, unsigned long long, double, std::allocator, nlohmann::adl_serializer, std::vector<unsigned char, std::allocator<unsigned char> > >, nlohmann::detail::iterator_input_adapter<char const*> >::exception_message(nlohmann::detail::lexer_base<nlohmann::basic_json<std::map, std::vector, std::__cxx11::basic_string<char, std::char_traits<char>, std::allocator<char> >, bool, long long, unsigned long long, double, std::allocator, nlohmann::adl_serializer, std::vector<unsigned char, std::allocator<unsigned char> > > >::token_type, std::__cxx11::basic_string<char, std::char_traits<char>, std::allocator<char> > const&)
 .text._ZN8nlohmann6detail11parse_error6createINS_10basic_jsonISt3mapSt6vectorNSt7__cxx1112basic_stringIcSt11char_traitsIcESaIcEEEbxydSaNS_14adl_serializerES5_IhSaIhEEEEEES1_iRKNS0_10position_tERKSB_RKT_
                0x000000000001cdd4      0x8bc _build_vvtk/utils.o
                0x000000000001cdd4                nlohmann::detail::parse_error nlohmann::detail::parse_error::create<nlohmann::basic_json<std::map, std::vector, std::__cxx11::basic_string<char, std::char_traits<char>, std::allocator<char> >, bool, long long, unsigned long long, double, std::allocator, nlohmann::adl_serializer, std::vector<unsigned char, std::allocator<unsigned char> > > >(int, nlohmann::detail::position_t const&, std::__cxx11::basic_string<char, std::char_traits<char>, std::allocator<char> > const&, nlohmann::basic_json<std::map, std::vector, std::__cxx11::basic_string<char, std::char_traits<char>, std::allocator<char> >, bool, long long, unsigned long long, double, std::allocator, nlohmann::adl_serializer, std::vector<unsigned char, std::allocator<unsigned char> > > const&)
 .text._ZNSt6vectorIN8nlohmann10basic_jsonISt3mapS_NSt7__cxx1112basic_stringIcSt11char_traitsIcESaIcEEEbxydSaNS0_14adl_serializerES_IhSaIhEEEESaISC_EE7reserveEj
                0x000000000001d690      0x230 _build_vvtk/utils.o
                0x000000000001d690                std::vector<nlohmann::basic_json<std::map, std::vector, std::__cxx11::basic_string<char, std::char_traits<char>, std::allocator<char> >, bool, long long, unsigned long long, double, std::allocator, nlohmann::adl_serializer, std::vector<unsigned char, std::allocator<unsigned char> > >, std::allocator<nlohmann::basic_json<std::map, std::vector, std::__cxx11::basic_string<char, std::char_traits<char>, std::allocator<char> >, bool, long long, unsigned long long, double, std::allocator, nlohmann::adl_serializer, std::vector<unsigned char, std::allocator<unsigned char> > > > >::reserve(unsigned int)
 .text._ZN8nlohmann10basic_jsonISt3mapSt6vectorNSt7__cxx1112basic_stringIcSt11char_traitsIcESaIcEEEbxydSaNS_14adl_serializerES2_IhSaIhEEE10json_value7destroyENS_6detail7value_tE
                0x000000000001d8c0      0x478 _build_vvtk/utils.o
                0x000000000001d8c0                nlohmann::basic_json<std::map, std::vector, std::__cxx11::basic_string<char, std::char_traits<char>, std::allocator<char> >, bool, long long, unsigned long long, double, std::allocator, nlohmann::adl_serializer, std::vector<unsigned char, std::allocator<unsigned char> > >::json_value::destroy(nlohmann::detail::value_t)
 .text._ZN8nlohmann10basic_jsonISt3mapSt6vectorNSt7__cxx1112basic_stringIcSt11char_traitsIcESaIcEEEbxydSaNS_14adl_serializerES2_IhSaIhEEED2Ev
                0x000000000001dd38       0xec _build_vvtk/utils.o
                0x000000000001dd38                nlohmann::basic_json<std::map, std::vector, std::__cxx11::basic_string<char, std::char_traits<char>, std::allocator<char> >, bool, long long, unsigned long long, double, std::allocator, nlohmann::adl_serializer, std::vector<unsigned char, std::allocator<unsigned char> > >::~basic_json()
                0x000000000001dd38                nlohmann::basic_json<std::map, std::vector, std::__cxx11::basic_string<char, std::char_traits<char>, std::allocator<char> >, bool, long long, unsigned long long, double, std::allocator, nlohmann::adl_serializer, std::vector<unsigned char, std::allocator<unsigned char> > >::~basic_json()
 .text._ZN8nlohmann6detail28json_sax_dom_callback_parserINS_10basic_jsonISt3mapSt6vectorNSt7__cxx1112basic_stringIcSt11char_traitsIcESaIcEEEbxydSaNS_14adl_serializerES4_IhSaIhEEEEED2Ev
                0x000000000001de24       0x7c _build_vvtk/utils.o
                0x000000000001de24                nlohmann::detail::json_sax_dom_callback_parser<nlohmann::basic_json<std::map, std::vector, std::__cxx11::basic_string<char, std::char_traits<char>, std::allocator<char> >, bool, long long, unsigned long long, double, std::allocator, nlohmann::adl_serializer, std::vector<unsigned char, std::allocator<unsigned char> > > >::~json_sax_dom_callback_parser()
                0x000000000001de24                nlohmann::detail::json_sax_dom_callback_parser<nlohmann::basic_json<std::map, std::vector, std::__cxx11::basic_string<char, std::char_traits<char>, std::allocator<char> >, bool, long long, unsigned long long, double, std::allocator, nlohmann::adl_serializer, std::vector<unsigned char, std::allocator<unsigned char> > > >::~json_sax_dom_callback_parser()
 .text._ZN8nlohmann10basic_jsonISt3mapSt6vectorNSt7__cxx1112basic_stringIcSt11char_traitsIcESaIcEEEbxydSaNS_14adl_serializerES2_IhSaIhEEE10json_valueC2ENS_6detail7value_tE
                0x000000000001dea0      0x12c _build_vvtk/utils.o
                0x000000000001dea0                nlohmann::basic_json<std::map, std::vector, std::__cxx11::basic_string<char, std::char_traits<char>, std::allocator<char> >, bool, long long, unsigned long long, double, std::allocator, nlohmann::adl_serializer, std::vector<unsigned char, std::allocator<unsigned char> > >::json_value::json_value(nlohmann::detail::value_t)
                0x000000000001dea0                nlohmann::basic_json<std::map, std::vector, std::__cxx11::basic_string<char, std::char_traits<char>, std::allocator<char> >, bool, long long, unsigned long long, double, std::allocator, nlohmann::adl_serializer, std::vector<unsigned char, std::allocator<unsigned char> > >::json_value::json_value(nlohmann::detail::value_t)
 .text._ZNSt6vectorIN8nlohmann10basic_jsonISt3mapS_NSt7__cxx1112basic_stringIcSt11char_traitsIcESaIcEEEbxydSaNS0_14adl_serializerES_IhSaIhEEEESaISC_EED2Ev
                0x000000000001dfcc      0x12c _build_vvtk/utils.o
                0x000000000001dfcc                std::vector<nlohmann::basic_json<std::map, std::vector, std::__cxx11::basic_string<char, std::char_traits<char>, std::allocator<char> >, bool, long long, unsigned long long, double, std::allocator, nlohmann::adl_serializer, std::vector<unsigned char, std::allocator<unsigned char> > >, std::allocator<nlohmann::basic_json<std::map, std::vector, std::__cxx11::basic_string<char, std::char_traits<char>, std::allocator<char> >, bool, long long, unsigned long long, double, std::allocator, nlohmann::adl_serializer, std::vector<unsigned char, std::allocator<unsigned char> > > > >::~vector()
                0x000000000001dfcc                std::vector<nlohmann::basic_json<std::map, std::vector, std::__cxx11::basic_string<char, std::char_traits<char>, std::allocator<char> >, bool, long long, unsigned long long, double, std::allocator, nlohmann::adl_serializer, std::vector<unsigned char, std::allocator<unsigned char> > >, std::allocator<nlohmann::basic_json<std::map, std::vector, std::__cxx11::basic_string<char, std::char_traits<char>, std::allocator<char> >, bool, long long, unsigned long long, double, std::allocator, nlohmann::adl_serializer, std::vector<unsigned char, std::allocator<unsigned char> > > > >::~vector()
 .text._ZN8nlohmann6detail10serializerINS_10basic_jsonISt3mapSt6vectorNSt7__cxx1112basic_stringIcSt11char_traitsIcESaIcEEEbxydSaNS_14adl_serializerES4_IhSaIhEEEEE12dump_escapedERKSA_b
                0x000000000001e0f8      0xa00 _build_vvtk/utils.o
                0x000000000001e0f8                nlohmann::detail::serializer<nlohmann::basic_json<std::map, std::vector, std::__cxx11::basic_string<char, std::char_traits<char>, std::allocator<char> >, bool, long long, unsigned long long, double, std::allocator, nlohmann::adl_serializer, std::vector<unsigned char, std::allocator<unsigned char> > > >::dump_escaped(std::__cxx11::basic_string<char, std::char_traits<char>, std::allocator<char> > const&, bool)
 .text._ZN8nlohmann6detail10serializerINS_10basic_jsonISt3mapSt6vectorNSt7__cxx1112basic_stringIcSt11char_traitsIcESaIcEEEbxydSaNS_14adl_serializerES4_IhSaIhEEEEE12dump_integerIhLi0EEEvT_
                0x000000000001eaf8      0x1e4 _build_vvtk/utils.o
                0x000000000001eaf8                void nlohmann::detail::serializer<nlohmann::basic_json<std::map, std::vector, std::__cxx11::basic_string<char, std::char_traits<char>, std::allocator<char> >, bool, long long, unsigned long long, double, std::allocator, nlohmann::adl_serializer, std::vector<unsigned char, std::allocator<unsigned char> > > >::dump_integer<unsigned char, 0>(unsigned char)
 .text._ZN8nlohmann6detail10serializerINS_10basic_jsonISt3mapSt6vectorNSt7__cxx1112basic_stringIcSt11char_traitsIcESaIcEEEbxydSaNS_14adl_serializerES4_IhSaIhEEEEE12dump_integerIyLi0EEEvT_
                0x000000000001ecdc      0x304 _build_vvtk/utils.o
                0x000000000001ecdc                void nlohmann::detail::serializer<nlohmann::basic_json<std::map, std::vector, std::__cxx11::basic_string<char, std::char_traits<char>, std::allocator<char> >, bool, long long, unsigned long long, double, std::allocator, nlohmann::adl_serializer, std::vector<unsigned char, std::allocator<unsigned char> > > >::dump_integer<unsigned long long, 0>(unsigned long long)
 .text._ZNK8nlohmann6detail5lexerINS_10basic_jsonISt3mapSt6vectorNSt7__cxx1112basic_stringIcSt11char_traitsIcESaIcEEEbxydSaNS_14adl_serializerES4_IhSaIhEEEENS0_22iterator_input_adapterIN9__gnu_cxx17__normal_iteratorIPKcSA_EEEEE16get_token_stringEv
                0x000000000001efe0      0x134 _build_vvtk/utils.o
                0x000000000001efe0                nlohmann::detail::lexer<nlohmann::basic_json<std::map, std::vector, std::__cxx11::basic_string<char, std::char_traits<char>, std::allocator<char> >, bool, long long, unsigned long long, double, std::allocator, nlohmann::adl_serializer, std::vector<unsigned char, std::allocator<unsigned char> > >, nlohmann::detail::iterator_input_adapter<__gnu_cxx::__normal_iterator<char const*, std::__cxx11::basic_string<char, std::char_traits<char>, std::allocator<char> > > > >::get_token_string() const
 .text._ZN8nlohmann6detail6parserINS_10basic_jsonISt3mapSt6vectorNSt7__cxx1112basic_stringIcSt11char_traitsIcESaIcEEEbxydSaNS_14adl_serializerES4_IhSaIhEEEENS0_22iterator_input_adapterIN9__gnu_cxx17__normal_iteratorIPKcSA_EEEEE17exception_messageENS0_10lexer_baseISE_E10token_typeERKSA_
                0x000000000001f114      0x594 _build_vvtk/utils.o
                0x000000000001f114                nlohmann::detail::parser<nlohmann::basic_json<std::map, std::vector, std::__cxx11::basic_string<char, std::char_traits<char>, std::allocator<char> >, bool, long long, unsigned long long, double, std::allocator, nlohmann::adl_serializer, std::vector<unsigned char, std::allocator<unsigned char> > >, nlohmann::detail::iterator_input_adapter<__gnu_cxx::__normal_iterator<char const*, std::__cxx11::basic_string<char, std::char_traits<char>, std::allocator<char> > > > >::exception_message(nlohmann::detail::lexer_base<nlohmann::basic_json<std::map, std::vector, std::__cxx11::basic_string<char, std::char_traits<char>, std::allocator<char> >, bool, long long, unsigned long long, double, std::allocator, nlohmann::adl_serializer, std::vector<unsigned char, std::allocator<unsigned char> > > >::token_type, std::__cxx11::basic_string<char, std::char_traits<char>, std::allocator<char> > const&)
 .text._ZNSt6vectorINSt7__cxx1112basic_stringIcSt11char_traitsIcESaIcEEESaIS5_EE17_M_realloc_insertIJS5_EEEvN9__gnu_cxx17__normal_iteratorIPS5_S7_EEDpOT_
                0x000000000001f6a8      0x2a0 _build_vvtk/utils.o
                0x000000000001f6a8                void std::vector<std::__cxx11::basic_string<char, std::char_traits<char>, std::allocator<char> >, std::allocator<std::__cxx11::basic_string<char, std::char_traits<char>, std::allocator<char> > > >::_M_realloc_insert<std::__cxx11::basic_string<char, std::char_traits<char>, std::allocator<char> > >(__gnu_cxx::__normal_iterator<std::__cxx11::basic_string<char, std::char_traits<char>, std::allocator<char> >*, std::vector<std::__cxx11::basic_string<char, std::char_traits<char>, std::allocator<char> >, std::allocator<std::__cxx11::basic_string<char, std::char_traits<char>, std::allocator<char> > > > >, std::__cxx11::basic_string<char, std::char_traits<char>, std::allocator<char> >&&)
 .text._ZNSt7__cxx1112basic_stringIcSt11char_traitsIcESaIcEE12_M_constructIPcEEvT_S7_St20forward_iterator_tag
                0x000000000001f948       0xb0 _build_vvtk/utils.o
                0x000000000001f948                void std::__cxx11::basic_string<char, std::char_traits<char>, std::allocator<char> >::_M_construct<char*>(char*, char*, std::forward_iterator_tag)
 .text._ZN8nlohmann6detail12out_of_range6createINS_10basic_jsonISt3mapSt6vectorNSt7__cxx1112basic_stringIcSt11char_traitsIcESaIcEEEbxydSaNS_14adl_serializerES5_IhSaIhEEEEEES1_iRKSB_RKT_
                0x000000000001f9f8      0x2a4 _build_vvtk/utils.o
                0x000000000001f9f8                nlohmann::detail::out_of_range nlohmann::detail::out_of_range::create<nlohmann::basic_json<std::map, std::vector, std::__cxx11::basic_string<char, std::char_traits<char>, std::allocator<char> >, bool, long long, unsigned long long, double, std::allocator, nlohmann::adl_serializer, std::vector<unsigned char, std::allocator<unsigned char> > > >(int, std::__cxx11::basic_string<char, std::char_traits<char>, std::allocator<char> > const&, nlohmann::basic_json<std::map, std::vector, std::__cxx11::basic_string<char, std::char_traits<char>, std::allocator<char> >, bool, long long, unsigned long long, double, std::allocator, nlohmann::adl_serializer, std::vector<unsigned char, std::allocator<unsigned char> > > const&)
 .text._ZN8nlohmann10basic_jsonISt3mapSt6vectorNSt7__cxx1112basic_stringIcSt11char_traitsIcESaIcEEEbxydSaNS_14adl_serializerES2_IhSaIhEEEC2ERKSC_
                0x000000000001fc9c      0x2d4 _build_vvtk/utils.o
                0x000000000001fc9c                nlohmann::basic_json<std::map, std::vector, std::__cxx11::basic_string<char, std::char_traits<char>, std::allocator<char> >, bool, long long, unsigned long long, double, std::allocator, nlohmann::adl_serializer, std::vector<unsigned char, std::allocator<unsigned char> > >::basic_json(nlohmann::basic_json<std::map, std::vector, std::__cxx11::basic_string<char, std::char_traits<char>, std::allocator<char> >, bool, long long, unsigned long long, double, std::allocator, nlohmann::adl_serializer, std::vector<unsigned char, std::allocator<unsigned char> > > const&)
                0x000000000001fc9c                nlohmann::basic_json<std::map, std::vector, std::__cxx11::basic_string<char, std::char_traits<char>, std::allocator<char> >, bool, long long, unsigned long long, double, std::allocator, nlohmann::adl_serializer, std::vector<unsigned char, std::allocator<unsigned char> > >::basic_json(nlohmann::basic_json<std::map, std::vector, std::__cxx11::basic_string<char, std::char_traits<char>, std::allocator<char> >, bool, long long, unsigned long long, double, std::allocator, nlohmann::adl_serializer, std::vector<unsigned char, std::allocator<unsigned char> > > const&)
 .text._ZN8nlohmann6detail28json_sax_dom_callback_parserINS_10basic_jsonISt3mapSt6vectorNSt7__cxx1112basic_stringIcSt11char_traitsIcESaIcEEEbxydSaNS_14adl_serializerES4_IhSaIhEEEEE9end_arrayEv
                0x000000000001ff70      0x184 _build_vvtk/utils.o
                0x000000000001ff70                nlohmann::detail::json_sax_dom_callback_parser<nlohmann::basic_json<std::map, std::vector, std::__cxx11::basic_string<char, std::char_traits<char>, std::allocator<char> >, bool, long long, unsigned long long, double, std::allocator, nlohmann::adl_serializer, std::vector<unsigned char, std::allocator<unsigned char> > > >::end_array()
 .text._ZNSt8_Rb_treeINSt7__cxx1112basic_stringIcSt11char_traitsIcESaIcEEESt4pairIKS5_N8nlohmann10basic_jsonISt3mapSt6vectorS5_bxydSaNS8_14adl_serializerESB_IhSaIhEEEEESt10_Select1stISG_ESt4lessIvESaISG_EE7_M_copyINSM_11_Alloc_nodeEEEPSt13_Rb_tree_nodeISG_EPKSQ_PSt18_Rb_tree_node_baseRT_.isra.0
                0x00000000000200f4      0x2c0 _build_vvtk/utils.o
 .text._ZNSt13_Bvector_baseISaIbEE13_M_deallocateEv
                0x00000000000203b4       0x40 _build_vvtk/utils.o
                0x00000000000203b4                std::_Bvector_base<std::allocator<bool> >::_M_deallocate()
 .text._ZNSt6vectorIbSaIbEE13_M_insert_auxESt13_Bit_iteratorb
                0x00000000000203f4      0x308 _build_vvtk/utils.o
                0x00000000000203f4                std::vector<bool, std::allocator<bool> >::_M_insert_aux(std::_Bit_iterator, bool)
 .text._ZNSt6vectorIbSaIbEE9push_backEb
                0x00000000000206fc       0x7c _build_vvtk/utils.o
                0x00000000000206fc                std::vector<bool, std::allocator<bool> >::push_back(bool)
 .text._ZN8nlohmann10basic_jsonISt3mapSt6vectorNSt7__cxx1112basic_stringIcSt11char_traitsIcESaIcEEEbxydSaNS_14adl_serializerES2_IhSaIhEEE5eraseINS_6detail9iter_implISC_EELi0EEET_SH_
                0x0000000000020778      0x3c4 _build_vvtk/utils.o
                0x0000000000020778                nlohmann::detail::iter_impl<nlohmann::basic_json<std::map, std::vector, std::__cxx11::basic_string<char, std::char_traits<char>, std::allocator<char> >, bool, long long, unsigned long long, double, std::allocator, nlohmann::adl_serializer, std::vector<unsigned char, std::allocator<unsigned char> > > > nlohmann::basic_json<std::map, std::vector, std::__cxx11::basic_string<char, std::char_traits<char>, std::allocator<char> >, bool, long long, unsigned long long, double, std::allocator, nlohmann::adl_serializer, std::vector<unsigned char, std::allocator<unsigned char> > >::erase<nlohmann::detail::iter_impl<nlohmann::basic_json<std::map, std::vector, std::__cxx11::basic_string<char, std::char_traits<char>, std::allocator<char> >, bool, long long, unsigned long long, double, std::allocator, nlohmann::adl_serializer, std::vector<unsigned char, std::allocator<unsigned char> > > >, 0>(nlohmann::detail::iter_impl<nlohmann::basic_json<std::map, std::vector, std::__cxx11::basic_string<char, std::char_traits<char>, std::allocator<char> >, bool, long long, unsigned long long, double, std::allocator, nlohmann::adl_serializer, std::vector<unsigned char, std::allocator<unsigned char> > > >)
 .text._ZN8nlohmann6detail28json_sax_dom_callback_parserINS_10basic_jsonISt3mapSt6vectorNSt7__cxx1112basic_stringIcSt11char_traitsIcESaIcEEEbxydSaNS_14adl_serializerES4_IhSaIhEEEEE10end_objectEv
                0x0000000000020b3c      0x3ac _build_vvtk/utils.o
                0x0000000000020b3c                nlohmann::detail::json_sax_dom_callback_parser<nlohmann::basic_json<std::map, std::vector, std::__cxx11::basic_string<char, std::char_traits<char>, std::allocator<char> >, bool, long long, unsigned long long, double, std::allocator, nlohmann::adl_serializer, std::vector<unsigned char, std::allocator<unsigned char> > > >::end_object()
 .text._ZN8nlohmann6detail28json_sax_dom_callback_parserINS_10basic_jsonISt3mapSt6vectorNSt7__cxx1112basic_stringIcSt11char_traitsIcESaIcEEEbxydSaNS_14adl_serializerES4_IhSaIhEEEEE12handle_valueIRdEESt4pairIbPSE_EOT_b
                0x0000000000020ee8      0x2fc _build_vvtk/utils.o
                0x0000000000020ee8                std::pair<bool, nlohmann::basic_json<std::map, std::vector, std::__cxx11::basic_string<char, std::char_traits<char>, std::allocator<char> >, bool, long long, unsigned long long, double, std::allocator, nlohmann::adl_serializer, std::vector<unsigned char, std::allocator<unsigned char> > >*> nlohmann::detail::json_sax_dom_callback_parser<nlohmann::basic_json<std::map, std::vector, std::__cxx11::basic_string<char, std::char_traits<char>, std::allocator<char> >, bool, long long, unsigned long long, double, std::allocator, nlohmann::adl_serializer, std::vector<unsigned char, std::allocator<unsigned char> > > >::handle_value<double&>(double&, bool)
 .text._ZN8nlohmann6detail28json_sax_dom_callback_parserINS_10basic_jsonISt3mapSt6vectorNSt7__cxx1112basic_stringIcSt11char_traitsIcESaIcEEEbxydSaNS_14adl_serializerES4_IhSaIhEEEEE12handle_valueIRbEESt4pairIbPSE_EOT_b
                0x00000000000211e4      0x304 _build_vvtk/utils.o
                0x00000000000211e4                std::pair<bool, nlohmann::basic_json<std::map, std::vector, std::__cxx11::basic_string<char, std::char_traits<char>, std::allocator<char> >, bool, long long, unsigned long long, double, std::allocator, nlohmann::adl_serializer, std::vector<unsigned char, std::allocator<unsigned char> > >*> nlohmann::detail::json_sax_dom_callback_parser<nlohmann::basic_json<std::map, std::vector, std::__cxx11::basic_string<char, std::char_traits<char>, std::allocator<char> >, bool, long long, unsigned long long, double, std::allocator, nlohmann::adl_serializer, std::vector<unsigned char, std::allocator<unsigned char> > > >::handle_value<bool&>(bool&, bool)
 .text._ZN8nlohmann6detail28json_sax_dom_callback_parserINS_10basic_jsonISt3mapSt6vectorNSt7__cxx1112basic_stringIcSt11char_traitsIcESaIcEEEbxydSaNS_14adl_serializerES4_IhSaIhEEEEE12handle_valueIDnEESt4pairIbPSE_EOT_b
                0x00000000000214e8      0x2d0 _build_vvtk/utils.o
                0x00000000000214e8                std::pair<bool, nlohmann::basic_json<std::map, std::vector, std::__cxx11::basic_string<char, std::char_traits<char>, std::allocator<char> >, bool, long long, unsigned long long, double, std::allocator, nlohmann::adl_serializer, std::vector<unsigned char, std::allocator<unsigned char> > >*> nlohmann::detail::json_sax_dom_callback_parser<nlohmann::basic_json<std::map, std::vector, std::__cxx11::basic_string<char, std::char_traits<char>, std::allocator<char> >, bool, long long, unsigned long long, double, std::allocator, nlohmann::adl_serializer, std::vector<unsigned char, std::allocator<unsigned char> > > >::handle_value<decltype(nullptr)>(decltype(nullptr)&&, bool)
 .text._ZN8nlohmann6detail28json_sax_dom_callback_parserINS_10basic_jsonISt3mapSt6vectorNSt7__cxx1112basic_stringIcSt11char_traitsIcESaIcEEEbxydSaNS_14adl_serializerES4_IhSaIhEEEEE12handle_valueIRxEESt4pairIbPSE_EOT_b
                0x00000000000217b8      0x2f8 _build_vvtk/utils.o
                0x00000000000217b8                std::pair<bool, nlohmann::basic_json<std::map, std::vector, std::__cxx11::basic_string<char, std::char_traits<char>, std::allocator<char> >, bool, long long, unsigned long long, double, std::allocator, nlohmann::adl_serializer, std::vector<unsigned char, std::allocator<unsigned char> > >*> nlohmann::detail::json_sax_dom_callback_parser<nlohmann::basic_json<std::map, std::vector, std::__cxx11::basic_string<char, std::char_traits<char>, std::allocator<char> >, bool, long long, unsigned long long, double, std::allocator, nlohmann::adl_serializer, std::vector<unsigned char, std::allocator<unsigned char> > > >::handle_value<long long&>(long long&, bool)
 .text._ZN8nlohmann6detail28json_sax_dom_callback_parserINS_10basic_jsonISt3mapSt6vectorNSt7__cxx1112basic_stringIcSt11char_traitsIcESaIcEEEbxydSaNS_14adl_serializerES4_IhSaIhEEEEE12handle_valueIRSA_EESt4pairIbPSE_EOT_b
                0x0000000000021ab0      0x338 _build_vvtk/utils.o
                0x0000000000021ab0                std::pair<bool, nlohmann::basic_json<std::map, std::vector, std::__cxx11::basic_string<char, std::char_traits<char>, std::allocator<char> >, bool, long long, unsigned long long, double, std::allocator, nlohmann::adl_serializer, std::vector<unsigned char, std::allocator<unsigned char> > >*> nlohmann::detail::json_sax_dom_callback_parser<nlohmann::basic_json<std::map, std::vector, std::__cxx11::basic_string<char, std::char_traits<char>, std::allocator<char> >, bool, long long, unsigned long long, double, std::allocator, nlohmann::adl_serializer, std::vector<unsigned char, std::allocator<unsigned char> > > >::handle_value<std::__cxx11::basic_string<char, std::char_traits<char>, std::allocator<char> >&>(std::__cxx11::basic_string<char, std::char_traits<char>, std::allocator<char> >&, bool)
 .text._ZN8nlohmann6detail28json_sax_dom_callback_parserINS_10basic_jsonISt3mapSt6vectorNSt7__cxx1112basic_stringIcSt11char_traitsIcESaIcEEEbxydSaNS_14adl_serializerES4_IhSaIhEEEEE12handle_valueIRyEESt4pairIbPSE_EOT_b
                0x0000000000021de8      0x2fc _build_vvtk/utils.o
                0x0000000000021de8                std::pair<bool, nlohmann::basic_json<std::map, std::vector, std::__cxx11::basic_string<char, std::char_traits<char>, std::allocator<char> >, bool, long long, unsigned long long, double, std::allocator, nlohmann::adl_serializer, std::vector<unsigned char, std::allocator<unsigned char> > >*> nlohmann::detail::json_sax_dom_callback_parser<nlohmann::basic_json<std::map, std::vector, std::__cxx11::basic_string<char, std::char_traits<char>, std::allocator<char> >, bool, long long, unsigned long long, double, std::allocator, nlohmann::adl_serializer, std::vector<unsigned char, std::allocator<unsigned char> > > >::handle_value<unsigned long long&>(unsigned long long&, bool)
 .text._ZNSt8_Rb_treeINSt7__cxx1112basic_stringIcSt11char_traitsIcESaIcEEESt4pairIKS5_N8nlohmann10basic_jsonISt3mapSt6vectorS5_bxydSaNS8_14adl_serializerESB_IhSaIhEEEEESt10_Select1stISG_ESt4lessIvESaISG_EE24_M_get_insert_unique_posERS7_
                0x00000000000220e4      0x134 _build_vvtk/utils.o
                0x00000000000220e4                std::_Rb_tree<std::__cxx11::basic_string<char, std::char_traits<char>, std::allocator<char> >, std::pair<std::__cxx11::basic_string<char, std::char_traits<char>, std::allocator<char> > const, nlohmann::basic_json<std::map, std::vector, std::__cxx11::basic_string<char, std::char_traits<char>, std::allocator<char> >, bool, long long, unsigned long long, double, std::allocator, nlohmann::adl_serializer, std::vector<unsigned char, std::allocator<unsigned char> > > >, std::_Select1st<std::pair<std::__cxx11::basic_string<char, std::char_traits<char>, std::allocator<char> > const, nlohmann::basic_json<std::map, std::vector, std::__cxx11::basic_string<char, std::char_traits<char>, std::allocator<char> >, bool, long long, unsigned long long, double, std::allocator, nlohmann::adl_serializer, std::vector<unsigned char, std::allocator<unsigned char> > > > >, std::less<void>, std::allocator<std::pair<std::__cxx11::basic_string<char, std::char_traits<char>, std::allocator<char> > const, nlohmann::basic_json<std::map, std::vector, std::__cxx11::basic_string<char, std::char_traits<char>, std::allocator<char> >, bool, long long, unsigned long long, double, std::allocator, nlohmann::adl_serializer, std::vector<unsigned char, std::allocator<unsigned char> > > > > >::_M_get_insert_unique_pos(std::__cxx11::basic_string<char, std::char_traits<char>, std::allocator<char> > const&)
 .text._ZNSt3mapINSt7__cxx1112basic_stringIcSt11char_traitsIcESaIcEEEN8nlohmann10basic_jsonIS_St6vectorS5_bxydSaNS6_14adl_serializerES8_IhSaIhEEEESt4lessIvESaISt4pairIKS5_SC_EEEixERSG_
                0x0000000000022218      0x104 _build_vvtk/utils.o
                0x0000000000022218                std::map<std::__cxx11::basic_string<char, std::char_traits<char>, std::allocator<char> >, nlohmann::basic_json<std::map, std::vector, std::__cxx11::basic_string<char, std::char_traits<char>, std::allocator<char> >, bool, long long, unsigned long long, double, std::allocator, nlohmann::adl_serializer, std::vector<unsigned char, std::allocator<unsigned char> > >, std::less<void>, std::allocator<std::pair<std::__cxx11::basic_string<char, std::char_traits<char>, std::allocator<char> > const, nlohmann::basic_json<std::map, std::vector, std::__cxx11::basic_string<char, std::char_traits<char>, std::allocator<char> >, bool, long long, unsigned long long, double, std::allocator, nlohmann::adl_serializer, std::vector<unsigned char, std::allocator<unsigned char> > > > > >::operator[](std::__cxx11::basic_string<char, std::char_traits<char>, std::allocator<char> > const&)
 .text._ZN8nlohmann6detail28json_sax_dom_callback_parserINS_10basic_jsonISt3mapSt6vectorNSt7__cxx1112basic_stringIcSt11char_traitsIcESaIcEEEbxydSaNS_14adl_serializerES4_IhSaIhEEEEE3keyERSA_
                0x000000000002231c      0x2a4 _build_vvtk/utils.o
                0x000000000002231c                nlohmann::detail::json_sax_dom_callback_parser<nlohmann::basic_json<std::map, std::vector, std::__cxx11::basic_string<char, std::char_traits<char>, std::allocator<char> >, bool, long long, unsigned long long, double, std::allocator, nlohmann::adl_serializer, std::vector<unsigned char, std::allocator<unsigned char> > > >::key(std::__cxx11::basic_string<char, std::char_traits<char>, std::allocator<char> >&)
 .text._ZN8nlohmann10basic_jsonISt3mapSt6vectorNSt7__cxx1112basic_stringIcSt11char_traitsIcESaIcEEEbxydSaNS_14adl_serializerES2_IhSaIhEEEC2ESt16initializer_listINS_6detail8json_refISC_EEEbNSE_7value_tE
                0x00000000000225c0      0x5fc _build_vvtk/utils.o
                0x00000000000225c0                nlohmann::basic_json<std::map, std::vector, std::__cxx11::basic_string<char, std::char_traits<char>, std::allocator<char> >, bool, long long, unsigned long long, double, std::allocator, nlohmann::adl_serializer, std::vector<unsigned char, std::allocator<unsigned char> > >::basic_json(std::initializer_list<nlohmann::detail::json_ref<nlohmann::basic_json<std::map, std::vector, std::__cxx11::basic_string<char, std::char_traits<char>, std::allocator<char> >, bool, long long, unsigned long long, double, std::allocator, nlohmann::adl_serializer, std::vector<unsigned char, std::allocator<unsigned char> > > > >, bool, nlohmann::detail::value_t)
                0x00000000000225c0                nlohmann::basic_json<std::map, std::vector, std::__cxx11::basic_string<char, std::char_traits<char>, std::allocator<char> >, bool, long long, unsigned long long, double, std::allocator, nlohmann::adl_serializer, std::vector<unsigned char, std::allocator<unsigned char> > >::basic_json(std::initializer_list<nlohmann::detail::json_ref<nlohmann::basic_json<std::map, std::vector, std::__cxx11::basic_string<char, std::char_traits<char>, std::allocator<char> >, bool, long long, unsigned long long, double, std::allocator, nlohmann::adl_serializer, std::vector<unsigned char, std::allocator<unsigned char> > > > >, bool, nlohmann::detail::value_t)
 .text._ZNSt6vectorIPN8nlohmann10basic_jsonISt3mapS_NSt7__cxx1112basic_stringIcSt11char_traitsIcESaIcEEEbxydSaNS0_14adl_serializerES_IhSaIhEEEESaISD_EE17_M_realloc_insertIJRKSD_EEEvN9__gnu_cxx17__normal_iteratorIPSD_SF_EEDpOT_
                0x0000000000022bbc      0x114 _build_vvtk/utils.o
                0x0000000000022bbc                void std::vector<nlohmann::basic_json<std::map, std::vector, std::__cxx11::basic_string<char, std::char_traits<char>, std::allocator<char> >, bool, long long, unsigned long long, double, std::allocator, nlohmann::adl_serializer, std::vector<unsigned char, std::allocator<unsigned char> > >*, std::allocator<nlohmann::basic_json<std::map, std::vector, std::__cxx11::basic_string<char, std::char_traits<char>, std::allocator<char> >, bool, long long, unsigned long long, double, std::allocator, nlohmann::adl_serializer, std::vector<unsigned char, std::allocator<unsigned char> > >*> >::_M_realloc_insert<nlohmann::basic_json<std::map, std::vector, std::__cxx11::basic_string<char, std::char_traits<char>, std::allocator<char> >, bool, long long, unsigned long long, double, std::allocator, nlohmann::adl_serializer, std::vector<unsigned char, std::allocator<unsigned char> > >* const&>(__gnu_cxx::__normal_iterator<nlohmann::basic_json<std::map, std::vector, std::__cxx11::basic_string<char, std::char_traits<char>, std::allocator<char> >, bool, long long, unsigned long long, double, std::allocator, nlohmann::adl_serializer, std::vector<unsigned char, std::allocator<unsigned char> > >**, std::vector<nlohmann::basic_json<std::map, std::vector, std::__cxx11::basic_string<char, std::char_traits<char>, std::allocator<char> >, bool, long long, unsigned long long, double, std::allocator, nlohmann::adl_serializer, std::vector<unsigned char, std::allocator<unsigned char> > >*, std::allocator<nlohmann::basic_json<std::map, std::vector, std::__cxx11::basic_string<char, std::char_traits<char>, std::allocator<char> >, bool, long long, unsigned long long, double, std::allocator, nlohmann::adl_serializer, std::vector<unsigned char, std::allocator<unsigned char> > >*> > >, nlohmann::basic_json<std::map, std::vector, std::__cxx11::basic_string<char, std::char_traits<char>, std::allocator<char> >, bool, long long, unsigned long long, double, std::allocator, nlohmann::adl_serializer, std::vector<unsigned char, std::allocator<unsigned char> > >* const&)
 .text._ZN8nlohmann6detail28json_sax_dom_callback_parserINS_10basic_jsonISt3mapSt6vectorNSt7__cxx1112basic_stringIcSt11char_traitsIcESaIcEEEbxydSaNS_14adl_serializerES4_IhSaIhEEEEE11start_arrayEj
                0x0000000000022cd0      0x498 _build_vvtk/utils.o
                0x0000000000022cd0                nlohmann::detail::json_sax_dom_callback_parser<nlohmann::basic_json<std::map, std::vector, std::__cxx11::basic_string<char, std::char_traits<char>, std::allocator<char> >, bool, long long, unsigned long long, double, std::allocator, nlohmann::adl_serializer, std::vector<unsigned char, std::allocator<unsigned char> > > >::start_array(unsigned int)
 .text._ZN8nlohmann6detail28json_sax_dom_callback_parserINS_10basic_jsonISt3mapSt6vectorNSt7__cxx1112basic_stringIcSt11char_traitsIcESaIcEEEbxydSaNS_14adl_serializerES4_IhSaIhEEEEE12start_objectEj
                0x0000000000023168      0x498 _build_vvtk/utils.o
                0x0000000000023168                nlohmann::detail::json_sax_dom_callback_parser<nlohmann::basic_json<std::map, std::vector, std::__cxx11::basic_string<char, std::char_traits<char>, std::allocator<char> >, bool, long long, unsigned long long, double, std::allocator, nlohmann::adl_serializer, std::vector<unsigned char, std::allocator<unsigned char> > > >::start_object(unsigned int)
 .text._ZNSt6vectorIN8nlohmann10basic_jsonISt3mapS_NSt7__cxx1112basic_stringIcSt11char_traitsIcESaIcEEEbxydSaNS0_14adl_serializerES_IhSaIhEEEESaISC_EE12emplace_backIJRdEEERSC_DpOT_
                0x0000000000023600      0x2ec _build_vvtk/utils.o
                0x0000000000023600                nlohmann::basic_json<std::map, std::vector, std::__cxx11::basic_string<char, std::char_traits<char>, std::allocator<char> >, bool, long long, unsigned long long, double, std::allocator, nlohmann::adl_serializer, std::vector<unsigned char, std::allocator<unsigned char> > >& std::vector<nlohmann::basic_json<std::map, std::vector, std::__cxx11::basic_string<char, std::char_traits<char>, std::allocator<char> >, bool, long long, unsigned long long, double, std::allocator, nlohmann::adl_serializer, std::vector<unsigned char, std::allocator<unsigned char> > >, std::allocator<nlohmann::basic_json<std::map, std::vector, std::__cxx11::basic_string<char, std::char_traits<char>, std::allocator<char> >, bool, long long, unsigned long long, double, std::allocator, nlohmann::adl_serializer, std::vector<unsigned char, std::allocator<unsigned char> > > > >::emplace_back<double&>(double&)
 .text._ZN8nlohmann6detail19json_sax_dom_parserINS_10basic_jsonISt3mapSt6vectorNSt7__cxx1112basic_stringIcSt11char_traitsIcESaIcEEEbxydSaNS_14adl_serializerES4_IhSaIhEEEEE12handle_valueIRdEEPSE_OT_
                0x00000000000238ec      0x14c _build_vvtk/utils.o
                0x00000000000238ec                nlohmann::basic_json<std::map, std::vector, std::__cxx11::basic_string<char, std::char_traits<char>, std::allocator<char> >, bool, long long, unsigned long long, double, std::allocator, nlohmann::adl_serializer, std::vector<unsigned char, std::allocator<unsigned char> > >* nlohmann::detail::json_sax_dom_parser<nlohmann::basic_json<std::map, std::vector, std::__cxx11::basic_string<char, std::char_traits<char>, std::allocator<char> >, bool, long long, unsigned long long, double, std::allocator, nlohmann::adl_serializer, std::vector<unsigned char, std::allocator<unsigned char> > > >::handle_value<double&>(double&)
 .text._ZNSt6vectorIN8nlohmann10basic_jsonISt3mapS_NSt7__cxx1112basic_stringIcSt11char_traitsIcESaIcEEEbxydSaNS0_14adl_serializerES_IhSaIhEEEESaISC_EE12emplace_backIJRbEEERSC_DpOT_
                0x0000000000023a38      0x2fc _build_vvtk/utils.o
                0x0000000000023a38                nlohmann::basic_json<std::map, std::vector, std::__cxx11::basic_string<char, std::char_traits<char>, std::allocator<char> >, bool, long long, unsigned long long, double, std::allocator, nlohmann::adl_serializer, std::vector<unsigned char, std::allocator<unsigned char> > >& std::vector<nlohmann::basic_json<std::map, std::vector, std::__cxx11::basic_string<char, std::char_traits<char>, std::allocator<char> >, bool, long long, unsigned long long, double, std::allocator, nlohmann::adl_serializer, std::vector<unsigned char, std::allocator<unsigned char> > >, std::allocator<nlohmann::basic_json<std::map, std::vector, std::__cxx11::basic_string<char, std::char_traits<char>, std::allocator<char> >, bool, long long, unsigned long long, double, std::allocator, nlohmann::adl_serializer, std::vector<unsigned char, std::allocator<unsigned char> > > > >::emplace_back<bool&>(bool&)
 .text._ZN8nlohmann6detail19json_sax_dom_parserINS_10basic_jsonISt3mapSt6vectorNSt7__cxx1112basic_stringIcSt11char_traitsIcESaIcEEEbxydSaNS_14adl_serializerES4_IhSaIhEEEEE12handle_valueIRbEEPSE_OT_
                0x0000000000023d34      0x230 _build_vvtk/utils.o
                0x0000000000023d34                nlohmann::basic_json<std::map, std::vector, std::__cxx11::basic_string<char, std::char_traits<char>, std::allocator<char> >, bool, long long, unsigned long long, double, std::allocator, nlohmann::adl_serializer, std::vector<unsigned char, std::allocator<unsigned char> > >* nlohmann::detail::json_sax_dom_parser<nlohmann::basic_json<std::map, std::vector, std::__cxx11::basic_string<char, std::char_traits<char>, std::allocator<char> >, bool, long long, unsigned long long, double, std::allocator, nlohmann::adl_serializer, std::vector<unsigned char, std::allocator<unsigned char> > > >::handle_value<bool&>(bool&)
 .text._ZNSt6vectorIN8nlohmann10basic_jsonISt3mapS_NSt7__cxx1112basic_stringIcSt11char_traitsIcESaIcEEEbxydSaNS0_14adl_serializerES_IhSaIhEEEESaISC_EE12emplace_backIJDnEEERSC_DpOT_
                0x0000000000023f64      0x288 _build_vvtk/utils.o
                0x0000000000023f64                nlohmann::basic_json<std::map, std::vector, std::__cxx11::basic_string<char, std::char_traits<char>, std::allocator<char> >, bool, long long, unsigned long long, double, std::allocator, nlohmann::adl_serializer, std::vector<unsigned char, std::allocator<unsigned char> > >& std::vector<nlohmann::basic_json<std::map, std::vector, std::__cxx11::basic_string<char, std::char_traits<char>, std::allocator<char> >, bool, long long, unsigned long long, double, std::allocator, nlohmann::adl_serializer, std::vector<unsigned char, std::allocator<unsigned char> > >, std::allocator<nlohmann::basic_json<std::map, std::vector, std::__cxx11::basic_string<char, std::char_traits<char>, std::allocator<char> >, bool, long long, unsigned long long, double, std::allocator, nlohmann::adl_serializer, std::vector<unsigned char, std::allocator<unsigned char> > > > >::emplace_back<decltype(nullptr)>(decltype(nullptr)&&)